Copyright 1986-2020 Xilinx, Inc. All Rights Reserved.
------------------------------------------------------------------------------------
| Tool Version : Vivado v.2020.2 (win64) Build 3064766 Wed Nov 18 09:12:45 MST 2020
| Date         : Wed Sep 23 23:29:50 2026
| Host         : LXY running 64-bit major release  (build 9200)
| Command      : report_clock_utilization -file top_clock_utilization_routed.rpt
| Design       : top
| Device       : 7a200t-fbg484
| Speed File   : -2  PRODUCTION 1.23 2018-06-13
| Design State : Routed
------------------------------------------------------------------------------------

Clock Utilization Report

Table of Contents
-----------------
1. Clock Primitive Utilization
2. Global Clock Resources
3. Global Clock Source Details
4. Local Clock Details
5. Clock Regions: Key Resource Utilization
6. Clock Regions : Global Clock Summary
7. Device Cell Placement Summary for Global Clock g0
8. Device Cell Placement Summary for Global Clock g1
9. Device Cell Placement Summary for Global Clock g2
10. Device Cell Placement Summary for Global Clock g3
11. Device Cell Placement Summary for Global Clock g4
12. Device Cell Placement Summary for Global Clock g5
13. Device Cell Placement Summary for Global Clock g6
14. Device Cell Placement Summary for Global Clock g7
15. Device Cell Placement Summary for Global Clock g8
16. Device Cell Placement Summary for Global Clock g9
17. Device Cell Placement Summary for Global Clock g10
18. Device Cell Placement Summary for Global Clock g11
19. Device Cell Placement Summary for Global Clock g12
20. Device Cell Placement Summary for Global Clock g13
21. Clock Region Cell Placement per Global Clock: Region X1Y0
22. Clock Region Cell Placement per Global Clock: Region X0Y2
23. Clock Region Cell Placement per Global Clock: Region X1Y2
24. Clock Region Cell Placement per Global Clock: Region X0Y3
25. Clock Region Cell Placement per Global Clock: Region X1Y3
26. Clock Region Cell Placement per Global Clock: Region X0Y4
27. Clock Region Cell Placement per Global Clock: Region X1Y4

1. Clock Primitive Utilization
------------------------------

+----------+------+-----------+-----+--------------+--------+
| Type     | Used | Available | LOC | Clock Region | Pblock |
+----------+------+-----------+-----+--------------+--------+
| BUFGCTRL |   12 |        32 |   0 |            0 |      0 |
| BUFH     |    1 |       120 |   0 |            0 |      0 |
| BUFIO    |    1 |        40 |   1 |            0 |      0 |
| BUFMR    |    0 |        20 |   0 |            0 |      0 |
| BUFR     |    1 |        40 |   0 |            0 |      0 |
| MMCM     |    3 |        10 |   1 |            0 |      0 |
| PLL      |    1 |        10 |   1 |            0 |      0 |
+----------+------+-----------+-----+--------------+--------+


2. Global Clock Resources
-------------------------

+-----------+-----------+-----------------+------------+----------------+--------------+-------------------+-------------+-----------------+--------------+--------------------------------------------------------------------------------------------+-----------------------------------------------------------------------------------------------------------------------------+--------------------------------------------------------------------------------------------------------------------+
| Global Id | Source Id | Driver Type/Pin | Constraint | Site           | Clock Region | Load Clock Region | Clock Loads | Non-Clock Loads | Clock Period | Clock                                                                                      | Driver Pin                                                                                                                  | Net                                                                                                                |
+-----------+-----------+-----------------+------------+----------------+--------------+-------------------+-------------+-----------------+--------------+--------------------------------------------------------------------------------------------+-----------------------------------------------------------------------------------------------------------------------------+--------------------------------------------------------------------------------------------------------------------+
| g0        | src0      | BUFG/O          | None       | BUFGCTRL_X0Y3  | n/a          |                 6 |       30977 |               0 |       10.000 | clk_out1_clk_wiz_mclk                                                                      | mclk_rst_module_inst/clk_wiz_mclk/inst/clkout1_buf/O                                                                        | mclk_rst_module_inst/clk_wiz_mclk/inst/clk_out1                                                                    |
| g1        | src1      | BUFG/O          | None       | BUFGCTRL_X0Y16 | n/a          |                 3 |        8617 |               0 |       10.000 | clk_pll_i                                                                                  | ddr3_cache_module_inst/ddr3_module_inst/mig_7series_0_inst/u_mig_7series_0_mig/u_ddr3_infrastructure/u_bufg_clkdiv0/O       | ddr3_cache_module_inst/ddr3_module_inst/mig_7series_0_inst/u_mig_7series_0_mig/u_ddr3_infrastructure/CLK           |
| g2        | src2      | BUFG/O          | None       | BUFGCTRL_X0Y4  | n/a          |                 5 |        4220 |               0 |       64.000 | clk_out2_clk_wiz_mclk                                                                      | mclk_rst_module_inst/clk_wiz_mclk/inst/clkout2_buf/O                                                                        | mclk_rst_module_inst/clk_wiz_mclk/inst/clk_out2                                                                    |
| g4        | src5      | BUFR/O          | None       | BUFR_X1Y9      | X1Y2         |                 1 |         593 |               0 |        8.000 | udp_drive_inst/master_wrapper_inst/tri_mode_ethernet_mac_i/inst/rgmii_rxc                  | udp_drive_inst/master_wrapper_inst/tri_mode_ethernet_mac_i/inst/tri_mode_ethernet_mac_i/rgmii_interface/bufr_rgmii_rx_clk/O | udp_drive_inst/master_wrapper_inst/tri_mode_ethernet_mac_i/inst/tri_mode_ethernet_mac_i/rgmii_interface/rx_axi_clk |
| g5        | src6      | BUFG/O          | None       | BUFGCTRL_X0Y5  | n/a          |                 2 |         481 |               0 |       33.000 | dbg_hub/inst/BSCANID.u_xsdbm_id/SWITCH_N_EXT_BSCAN.bscan_inst/SERIES7_BSCAN.bscan_inst/TCK | dbg_hub/inst/BSCANID.u_xsdbm_id/SWITCH_N_EXT_BSCAN.u_bufg_icon_tck/O                                                        | dbg_hub/inst/BSCANID.u_xsdbm_id/itck_i                                                                             |
| g6        | src7      | BUFG/O          | None       | BUFGCTRL_X0Y6  | n/a          |                 3 |         343 |               0 |        8.000 | clk_out5_clk_wiz_mclk                                                                      | mclk_rst_module_inst/clk_wiz_mclk/inst/clkout5_buf/O                                                                        | mclk_rst_module_inst/clk_wiz_mclk/inst/clk_out5                                                                    |
| g7        | src8      | BUFG/O          | None       | BUFGCTRL_X0Y1  | n/a          |                 4 |         153 |               0 |        5.000 | clk_out3_clk_wiz_mclk                                                                      | mclk_rst_module_inst/clk_wiz_mclk/inst/clkout3_buf/O                                                                        | mclk_rst_module_inst/clk_wiz_mclk/inst/clk_out3                                                                    |
| g8        | src9      | BUFG/O          | None       | BUFGCTRL_X0Y7  | n/a          |                 1 |         102 |               0 |      100.000 | clk_out7_clk_wiz_mclk                                                                      | mclk_rst_module_inst/clk_wiz_mclk/inst/clkout7_buf/O                                                                        | mclk_rst_module_inst/clk_wiz_mclk/inst/clk_out7                                                                    |
| g9        | src10     | BUFG/O          | None       | BUFGCTRL_X0Y8  | n/a          |                 2 |          50 |               0 |       40.000 | clk_out6_clk_wiz_mclk                                                                      | mclk_rst_module_inst/clk_wiz_mclk/inst/clkout6_buf/O                                                                        | mclk_rst_module_inst/clk_wiz_mclk/inst/clk_out6                                                                    |
| g11       | src13     | BUFG/O          | None       | BUFGCTRL_X0Y17 | n/a          |                 1 |           3 |               0 |       20.000 | iw_SYS_CLK                                                                                 | iw_SYS_CLK_IBUF_BUFG_inst/O                                                                                                 | iw_SYS_CLK_IBUF_BUFG                                                                                               |
| g12       | src14     | BUFH/O          | None       | BUFHCE_X0Y36   | X0Y3         |                 1 |           1 |               0 |       10.000 | pll_clk3_out                                                                               | ddr3_cache_module_inst/ddr3_module_inst/mig_7series_0_inst/u_mig_7series_0_mig/u_ddr3_infrastructure/u_bufh_pll_clk3/O      | ddr3_cache_module_inst/ddr3_module_inst/mig_7series_0_inst/u_mig_7series_0_mig/u_ddr3_infrastructure/pll_clk3      |
| g13       | src15     | BUFG/O          | None       | BUFGCTRL_X0Y9  | n/a          |                 1 |           1 |               0 |       20.000 | clkfbout_clk_wiz_mclk                                                                      | mclk_rst_module_inst/clk_wiz_mclk/inst/clkf_buf/O                                                                           | mclk_rst_module_inst/clk_wiz_mclk/inst/clkfbout_buf_clk_wiz_mclk                                                   |
+-----------+-----------+-----------------+------------+----------------+--------------+-------------------+-------------+-----------------+--------------+--------------------------------------------------------------------------------------------+-----------------------------------------------------------------------------------------------------------------------------+--------------------------------------------------------------------------------------------------------------------+
* Clock Loads column represents the clock pin loads (pin count)
** Non-Clock Loads column represents the non-clock pin loads (pin count)


3. Global Clock Source Details
------------------------------

+-----------+-----------+---------------------+-----------------+-----------------+--------------+-------------+-----------------+---------------------+--------------------------------------------------------------------------------------------+--------------------------------------------------------------------------------------------------------------------------------+-------------------------------------------------------------------------------------------------------------------+
| Source Id | Global Id | Driver Type/Pin     | Constraint      | Site            | Clock Region | Clock Loads | Non-Clock Loads | Source Clock Period | Source Clock                                                                               | Driver Pin                                                                                                                     | Net                                                                                                               |
+-----------+-----------+---------------------+-----------------+-----------------+--------------+-------------+-----------------+---------------------+--------------------------------------------------------------------------------------------+--------------------------------------------------------------------------------------------------------------------------------+-------------------------------------------------------------------------------------------------------------------+
| src0      | g0        | MMCME2_ADV/CLKOUT0  | None            | MMCME2_ADV_X0Y2 | X0Y2         |           1 |               0 |              10.000 | clk_out1_clk_wiz_mclk                                                                      | mclk_rst_module_inst/clk_wiz_mclk/inst/mmcm_adv_inst/CLKOUT0                                                                   | mclk_rst_module_inst/clk_wiz_mclk/inst/clk_out1_clk_wiz_mclk                                                      |
| src1      | g1        | MMCME2_ADV/CLKFBOUT | MMCME2_ADV_X0Y3 | MMCME2_ADV_X0Y3 | X0Y3         |           1 |               0 |              10.000 | clk_pll_i                                                                                  | ddr3_cache_module_inst/ddr3_module_inst/mig_7series_0_inst/u_mig_7series_0_mig/u_ddr3_infrastructure/gen_mmcm.mmcm_i/CLKFBOUT  | ddr3_cache_module_inst/ddr3_module_inst/mig_7series_0_inst/u_mig_7series_0_mig/u_ddr3_infrastructure/clk_pll_i    |
| src2      | g2        | MMCME2_ADV/CLKOUT1  | None            | MMCME2_ADV_X0Y2 | X0Y2         |           1 |               0 |              64.000 | clk_out2_clk_wiz_mclk                                                                      | mclk_rst_module_inst/clk_wiz_mclk/inst/mmcm_adv_inst/CLKOUT1                                                                   | mclk_rst_module_inst/clk_wiz_mclk/inst/clk_out2_clk_wiz_mclk                                                      |
| src3      | g3        | MMCME2_ADV/CLKOUT0  | None            | MMCME2_ADV_X1Y0 | X1Y0         |           1 |               0 |               8.000 | clkout0                                                                                    | udp_drive_inst/master_wrapper_inst/tri_mode_ethernet_mac_i/inst/tri_mode_ethernet_mac_support_clocking_i/mmcm_adv_inst/CLKOUT0 | udp_drive_inst/master_wrapper_inst/tri_mode_ethernet_mac_i/inst/tri_mode_ethernet_mac_support_clocking_i/clkout0  |
| src4      | g3        | VCC/P               | None            |                 | n/a          |           0 |               0 |                     |                                                                                            | udp_drive_inst/master_wrapper_inst/tri_mode_ethernet_mac_i/inst/tri_mode_ethernet_mac_support_clocking_i/VCC_1/P               | udp_drive_inst/master_wrapper_inst/tri_mode_ethernet_mac_i/inst/tri_mode_ethernet_mac_support_clocking_i/VCC_2    |
| src5      | g4        | IBUF/O              | IOB_X1Y126      | IOB_X1Y126      | X1Y2         |         191 |               0 |                     |                                                                                            | PHYA_rgmii_rxc_IBUF_inst/O                                                                                                     | PHYA_rgmii_rxc_IBUF                                                                                               |
| src6      | g5        | BSCANE2/TCK         | None            | BSCAN_X0Y0      | X0Y2         |           1 |               0 |              33.000 | dbg_hub/inst/BSCANID.u_xsdbm_id/SWITCH_N_EXT_BSCAN.bscan_inst/SERIES7_BSCAN.bscan_inst/TCK | dbg_hub/inst/BSCANID.u_xsdbm_id/SWITCH_N_EXT_BSCAN.bscan_inst/SERIES7_BSCAN.bscan_inst/TCK                                     | dbg_hub/inst/BSCANID.u_xsdbm_id/SWITCH_N_EXT_BSCAN.bscan_inst/tck_bs                                              |
| src7      | g6        | MMCME2_ADV/CLKOUT4  | None            | MMCME2_ADV_X0Y2 | X0Y2         |           1 |               0 |               8.000 | clk_out5_clk_wiz_mclk                                                                      | mclk_rst_module_inst/clk_wiz_mclk/inst/mmcm_adv_inst/CLKOUT4                                                                   | mclk_rst_module_inst/clk_wiz_mclk/inst/clk_out5_clk_wiz_mclk                                                      |
| src8      | g7        | MMCME2_ADV/CLKOUT2  | None            | MMCME2_ADV_X0Y2 | X0Y2         |           1 |               0 |               5.000 | clk_out3_clk_wiz_mclk                                                                      | mclk_rst_module_inst/clk_wiz_mclk/inst/mmcm_adv_inst/CLKOUT2                                                                   | mclk_rst_module_inst/clk_wiz_mclk/inst/clk_out3_clk_wiz_mclk                                                      |
| src9      | g8        | MMCME2_ADV/CLKOUT6  | None            | MMCME2_ADV_X0Y2 | X0Y2         |           1 |               0 |             100.000 | clk_out7_clk_wiz_mclk                                                                      | mclk_rst_module_inst/clk_wiz_mclk/inst/mmcm_adv_inst/CLKOUT6                                                                   | mclk_rst_module_inst/clk_wiz_mclk/inst/clk_out7_clk_wiz_mclk                                                      |
| src10     | g9        | MMCME2_ADV/CLKOUT5  | None            | MMCME2_ADV_X0Y2 | X0Y2         |           1 |               0 |              40.000 | clk_out6_clk_wiz_mclk                                                                      | mclk_rst_module_inst/clk_wiz_mclk/inst/mmcm_adv_inst/CLKOUT5                                                                   | mclk_rst_module_inst/clk_wiz_mclk/inst/clk_out6_clk_wiz_mclk                                                      |
| src11     | g10       | MMCME2_ADV/CLKOUT1  | None            | MMCME2_ADV_X1Y0 | X1Y0         |           1 |               0 |               8.000 | clkout1                                                                                    | udp_drive_inst/master_wrapper_inst/tri_mode_ethernet_mac_i/inst/tri_mode_ethernet_mac_support_clocking_i/mmcm_adv_inst/CLKOUT1 | udp_drive_inst/master_wrapper_inst/tri_mode_ethernet_mac_i/inst/tri_mode_ethernet_mac_support_clocking_i/clkout1  |
| src12     | g10       | VCC/P               | None            |                 | n/a          |           0 |               0 |                     |                                                                                            | udp_drive_inst/master_wrapper_inst/tri_mode_ethernet_mac_i/inst/tri_mode_ethernet_mac_support_clocking_i/VCC_1/P               | udp_drive_inst/master_wrapper_inst/tri_mode_ethernet_mac_i/inst/tri_mode_ethernet_mac_support_clocking_i/VCC_2    |
| src13     | g11       | IBUF/O              | IOB_X0Y176      | IOB_X0Y176      | X0Y3         |           1 |               0 |              20.000 | iw_SYS_CLK                                                                                 | iw_SYS_CLK_IBUF_inst/O                                                                                                         | iw_SYS_CLK_IBUF                                                                                                   |
| src14     | g12       | PLLE2_ADV/CLKOUT3   | PLLE2_ADV_X0Y3  | PLLE2_ADV_X0Y3  | X0Y3         |           1 |               0 |              10.000 | pll_clk3_out                                                                               | ddr3_cache_module_inst/ddr3_module_inst/mig_7series_0_inst/u_mig_7series_0_mig/u_ddr3_infrastructure/plle2_i/CLKOUT3           | ddr3_cache_module_inst/ddr3_module_inst/mig_7series_0_inst/u_mig_7series_0_mig/u_ddr3_infrastructure/pll_clk3_out |
| src15     | g13       | MMCME2_ADV/CLKFBOUT | None            | MMCME2_ADV_X0Y2 | X0Y2         |           1 |               0 |              20.000 | clkfbout_clk_wiz_mclk                                                                      | mclk_rst_module_inst/clk_wiz_mclk/inst/mmcm_adv_inst/CLKFBOUT                                                                  | mclk_rst_module_inst/clk_wiz_mclk/inst/clkfbout_clk_wiz_mclk                                                      |
+-----------+-----------+---------------------+-----------------+-----------------+--------------+-------------+-----------------+---------------------+--------------------------------------------------------------------------------------------+--------------------------------------------------------------------------------------------------------------------------------+-------------------------------------------------------------------------------------------------------------------+
* Clock Loads column represents the clock pin loads (pin count)
** Non-Clock Loads column represents the non-clock pin loads (pin count)


4. Local Clock Details
----------------------

+----------+----------------------------+----------------------+-------------------------------------+--------------+-------------+-----------------+--------------+----------------+-----------------------------------------------------------------------------------------------------------------------------------------------------------------------------------------------------------------------------------------------------+--------------------------------------------------------------------------------------------------------------------------------------------------------------------------------------------------------------------------------------------------+
| Local Id | Driver Type/Pin            | Constraint           | Site/BEL                            | Clock Region | Clock Loads | Non-Clock Loads | Clock Period | Clock          | Driver Pin                                                                                                                                                                                                                                          | Net                                                                                                                                                                                                                                              |
+----------+----------------------------+----------------------+-------------------------------------+--------------+-------------+-----------------+--------------+----------------+-----------------------------------------------------------------------------------------------------------------------------------------------------------------------------------------------------------------------------------------------------+--------------------------------------------------------------------------------------------------------------------------------------------------------------------------------------------------------------------------------------------------||
| 0        | FDRE/Q                     | None                 | SLICE_X57Y116/A5FF                  | X0Y2         |         414 |               3 |              |                | mclk_rst_module_inst/clk_div_module_inst4/clk_div_reg/Q                                                                                                                                                                                             | mclk_rst_module_inst/clk_div_module_inst4/clk_div                                                                                                                                                                                                - Static -
| 1        | FDRE/Q                     | None                 | SLICE_X124Y162/A5FF                 | X1Y3         |         248 |               1 |              |                | mclk_rst_module_inst/clk_div_module_inst6/clk_div_reg/Q                                                                                                                                                                                             | mclk_rst_module_inst/clk_div_module_inst6/clk_div                                                                                                                                                                                                - Static -
| 2        | FDRE/Q                     | None                 | SLICE_X148Y180/AFF                  | X1Y3         |          98 |               1 |              |                | mclk_rst_module_inst/clk_div_module_inst3/clk_div_reg/Q                                                                                                                                                                                             | mclk_rst_module_inst/clk_div_module_inst3/clk_div                                                                                                                                                                                                - Static -
| 3        | FDRE/Q                     | None                 | SLICE_X133Y166/AFF                  | X1Y3         |          34 |               1 |              |                | mclk_rst_module_inst/clk_div_module_inst0/clk_div_reg/Q                                                                                                                                                                                             | mclk_rst_module_inst/clk_div_module_inst0/clk_div                                                                                                                                                                                                - Static -
| 4        | FDRE/Q                     | None                 | SLICE_X129Y161/AFF                  | X1Y3         |          34 |               1 |              |                | mclk_rst_module_inst/clk_div_module_inst1/clk_div_reg/Q                                                                                                                                                                                             | mclk_rst_module_inst/clk_div_module_inst1/clk_div                                                                                                                                                                                                - Static -
| 5        | FDRE/Q                     | None                 | SLICE_X136Y153/AFF                  | X1Y3         |          34 |               1 |              |                | mclk_rst_module_inst/clk_div_module_inst2/clk_div_reg/Q                                                                                                                                                                                             | mclk_rst_module_inst/clk_div_module_inst2/clk_div                                                                                                                                                                                                - Static -
| 6        | FDRE/Q                     | None                 | SLICE_X130Y174/AFF                  | X1Y3         |          34 |               1 |              |                | mclk_rst_module_inst/clk_div_module_inst5/clk_div_reg/Q                                                                                                                                                                                             | mclk_rst_module_inst/clk_div_module_inst5/clk_div                                                                                                                                                                                                - Static -
| 7        | PLLE2_ADV/CLKOUT0          | PLLE2_ADV_X0Y3       | PLLE2_ADV_X0Y3/PLLE2_ADV            | X0Y3         |          14 |               8 |        1.250 | freq_refclk    | ddr3_cache_module_inst/ddr3_module_inst/mig_7series_0_inst/u_mig_7series_0_mig/u_ddr3_infrastructure/plle2_i/CLKOUT0                                                                                                                                | ddr3_cache_module_inst/ddr3_module_inst/mig_7series_0_inst/u_mig_7series_0_mig/u_ddr3_infrastructure/freq_refclk                                                                                                                                 - Static -
| 8        | PLLE2_ADV/CLKOUT1          | PLLE2_ADV_X0Y3       | PLLE2_ADV_X0Y3/PLLE2_ADV            | X0Y3         |           3 |              19 |        2.500 | mem_refclk     | ddr3_cache_module_inst/ddr3_module_inst/mig_7series_0_inst/u_mig_7series_0_mig/u_ddr3_infrastructure/plle2_i/CLKOUT1                                                                                                                                | ddr3_cache_module_inst/ddr3_module_inst/mig_7series_0_inst/u_mig_7series_0_mig/u_ddr3_infrastructure/mem_refclk                                                                                                                                  - Static -
| 9        | PHASER_OUT_PHY/OCLKDELAYED | PHASER_OUT_PHY_X0Y16 | PHASER_OUT_PHY_X0Y16/PHASER_OUT_PHY | X0Y4         |           2 |               0 |        2.500 | oserdes_clk    | ddr3_cache_module_inst/ddr3_module_inst/mig_7series_0_inst/u_mig_7series_0_mig/u_memc_ui_top_std/mem_intfc0/ddr_phy_top0/u_ddr_mc_phy_wrapper/u_ddr_mc_phy/ddr_phy_4lanes_0.u_ddr_phy_4lanes/ddr_byte_lane_A.ddr_byte_lane_A/phaser_out/OCLKDELAYED | ddr3_cache_module_inst/ddr3_module_inst/mig_7series_0_inst/u_mig_7series_0_mig/u_memc_ui_top_std/mem_intfc0/ddr_phy_top0/u_ddr_mc_phy_wrapper/u_ddr_mc_phy/ddr_phy_4lanes_0.u_ddr_phy_4lanes/ddr_byte_lane_A.ddr_byte_lane_A/oserdes_clk_delayed - Static -
| 10       | PHASER_OUT_PHY/OCLKDELAYED | PHASER_OUT_PHY_X0Y17 | PHASER_OUT_PHY_X0Y17/PHASER_OUT_PHY | X0Y4         |           2 |               0 |        2.500 | oserdes_clk_1  | ddr3_cache_module_inst/ddr3_module_inst/mig_7series_0_inst/u_mig_7series_0_mig/u_memc_ui_top_std/mem_intfc0/ddr_phy_top0/u_ddr_mc_phy_wrapper/u_ddr_mc_phy/ddr_phy_4lanes_0.u_ddr_phy_4lanes/ddr_byte_lane_B.ddr_byte_lane_B/phaser_out/OCLKDELAYED | ddr3_cache_module_inst/ddr3_module_inst/mig_7series_0_inst/u_mig_7series_0_mig/u_memc_ui_top_std/mem_intfc0/ddr_phy_top0/u_ddr_mc_phy_wrapper/u_ddr_mc_phy/ddr_phy_4lanes_0.u_ddr_phy_4lanes/ddr_byte_lane_B.ddr_byte_lane_B/oserdes_clk_delayed - Static -
| 11       | PHASER_OUT_PHY/OCLKDELAYED | PHASER_OUT_PHY_X0Y18 | PHASER_OUT_PHY_X0Y18/PHASER_OUT_PHY | X0Y4         |           2 |               0 |        2.500 | oserdes_clk_2  | ddr3_cache_module_inst/ddr3_module_inst/mig_7series_0_inst/u_mig_7series_0_mig/u_memc_ui_top_std/mem_intfc0/ddr_phy_top0/u_ddr_mc_phy_wrapper/u_ddr_mc_phy/ddr_phy_4lanes_0.u_ddr_phy_4lanes/ddr_byte_lane_C.ddr_byte_lane_C/phaser_out/OCLKDELAYED | ddr3_cache_module_inst/ddr3_module_inst/mig_7series_0_inst/u_mig_7series_0_mig/u_memc_ui_top_std/mem_intfc0/ddr_phy_top0/u_ddr_mc_phy_wrapper/u_ddr_mc_phy/ddr_phy_4lanes_0.u_ddr_phy_4lanes/ddr_byte_lane_C.ddr_byte_lane_C/oserdes_clk_delayed - Static -
| 12       | PHASER_OUT_PHY/OCLKDELAYED | PHASER_OUT_PHY_X0Y19 | PHASER_OUT_PHY_X0Y19/PHASER_OUT_PHY | X0Y4         |           2 |               0 |        2.500 | oserdes_clk_3  | ddr3_cache_module_inst/ddr3_module_inst/mig_7series_0_inst/u_mig_7series_0_mig/u_memc_ui_top_std/mem_intfc0/ddr_phy_top0/u_ddr_mc_phy_wrapper/u_ddr_mc_phy/ddr_phy_4lanes_0.u_ddr_phy_4lanes/ddr_byte_lane_D.ddr_byte_lane_D/phaser_out/OCLKDELAYED | ddr3_cache_module_inst/ddr3_module_inst/mig_7series_0_inst/u_mig_7series_0_mig/u_memc_ui_top_std/mem_intfc0/ddr_phy_top0/u_ddr_mc_phy_wrapper/u_ddr_mc_phy/ddr_phy_4lanes_0.u_ddr_phy_4lanes/ddr_byte_lane_D.ddr_byte_lane_D/oserdes_clk_delayed - Static -
| 13       | PHASER_OUT_PHY/OCLKDELAYED | PHASER_OUT_PHY_X0Y15 | PHASER_OUT_PHY_X0Y15/PHASER_OUT_PHY | X0Y3         |           2 |               0 |        2.500 | oserdes_clk_7  | ddr3_cache_module_inst/ddr3_module_inst/mig_7series_0_inst/u_mig_7series_0_mig/u_memc_ui_top_std/mem_intfc0/ddr_phy_top0/u_ddr_mc_phy_wrapper/u_ddr_mc_phy/ddr_phy_4lanes_1.u_ddr_phy_4lanes/ddr_byte_lane_D.ddr_byte_lane_D/phaser_out/OCLKDELAYED | ddr3_cache_module_inst/ddr3_module_inst/mig_7series_0_inst/u_mig_7series_0_mig/u_memc_ui_top_std/mem_intfc0/ddr_phy_top0/u_ddr_mc_phy_wrapper/u_ddr_mc_phy/ddr_phy_4lanes_1.u_ddr_phy_4lanes/ddr_byte_lane_D.ddr_byte_lane_D/oserdes_clk_delayed - Static -
| 14       | PHASER_OUT_PHY/OCLKDELAYED | PHASER_OUT_PHY_X0Y8  | PHASER_OUT_PHY_X0Y8/PHASER_OUT_PHY  | X0Y2         |           2 |               0 |        2.500 | oserdes_clk_8  | ddr3_cache_module_inst/ddr3_module_inst/mig_7series_0_inst/u_mig_7series_0_mig/u_memc_ui_top_std/mem_intfc0/ddr_phy_top0/u_ddr_mc_phy_wrapper/u_ddr_mc_phy/ddr_phy_4lanes_2.u_ddr_phy_4lanes/ddr_byte_lane_A.ddr_byte_lane_A/phaser_out/OCLKDELAYED | ddr3_cache_module_inst/ddr3_module_inst/mig_7series_0_inst/u_mig_7series_0_mig/u_memc_ui_top_std/mem_intfc0/ddr_phy_top0/u_ddr_mc_phy_wrapper/u_ddr_mc_phy/ddr_phy_4lanes_2.u_ddr_phy_4lanes/ddr_byte_lane_A.ddr_byte_lane_A/oserdes_clk_delayed - Static -
| 15       | PHASER_OUT_PHY/OCLKDELAYED | PHASER_OUT_PHY_X0Y9  | PHASER_OUT_PHY_X0Y9/PHASER_OUT_PHY  | X0Y2         |           2 |               0 |        2.500 | oserdes_clk_9  | ddr3_cache_module_inst/ddr3_module_inst/mig_7series_0_inst/u_mig_7series_0_mig/u_memc_ui_top_std/mem_intfc0/ddr_phy_top0/u_ddr_mc_phy_wrapper/u_ddr_mc_phy/ddr_phy_4lanes_2.u_ddr_phy_4lanes/ddr_byte_lane_B.ddr_byte_lane_B/phaser_out/OCLKDELAYED | ddr3_cache_module_inst/ddr3_module_inst/mig_7series_0_inst/u_mig_7series_0_mig/u_memc_ui_top_std/mem_intfc0/ddr_phy_top0/u_ddr_mc_phy_wrapper/u_ddr_mc_phy/ddr_phy_4lanes_2.u_ddr_phy_4lanes/ddr_byte_lane_B.ddr_byte_lane_B/oserdes_clk_delayed - Static -
| 16       | PHASER_OUT_PHY/OCLKDELAYED | PHASER_OUT_PHY_X0Y10 | PHASER_OUT_PHY_X0Y10/PHASER_OUT_PHY | X0Y2         |           2 |               0 |        2.500 | oserdes_clk_10 | ddr3_cache_module_inst/ddr3_module_inst/mig_7series_0_inst/u_mig_7series_0_mig/u_memc_ui_top_std/mem_intfc0/ddr_phy_top0/u_ddr_mc_phy_wrapper/u_ddr_mc_phy/ddr_phy_4lanes_2.u_ddr_phy_4lanes/ddr_byte_lane_C.ddr_byte_lane_C/phaser_out/OCLKDELAYED | ddr3_cache_module_inst/ddr3_module_inst/mig_7series_0_inst/u_mig_7series_0_mig/u_memc_ui_top_std/mem_intfc0/ddr_phy_top0/u_ddr_mc_phy_wrapper/u_ddr_mc_phy/ddr_phy_4lanes_2.u_ddr_phy_4lanes/ddr_byte_lane_C.ddr_byte_lane_C/oserdes_clk_delayed - Static -
+----------+----------------------------+----------------------+-------------------------------------+--------------+-------------+-----------------+--------------+----------------+-----------------------------------------------------------------------------------------------------------------------------------------------------------------------------------------------------------------------------------------------------+--------------------------------------------------------------------------------------------------------------------------------------------------------------------------------------------------------------------------------------------------||
* Local Clocks in this context represents only clocks driven by non-global buffers
** Clock Loads column represents the clock pin loads (pin count)
*** Non-Clock Loads column represents the non-clock pin loads (pin count)


5. Clock Regions: Key Resource Utilization
------------------------------------------

+-------------------+--------------+--------------+--------------+--------------+--------------+--------------+--------------+--------------+--------------+--------------+---------------+--------------+--------------+--------------+--------------+
|                   | Global Clock |     BUFRs    |    BUFMRs    |    BUFIOs    |     MMCM     |      PLL     |      GT      |      PCI     |    ILOGIC    |    OLOGIC    |       FF      |     LUTM     |    RAMB18    |    RAMB36    |    DSP48E2   |
+-------------------+------+-------+------+-------+------+-------+------+-------+------+-------+------+-------+------+-------+------+-------+------+-------+------+-------+-------+-------+------+-------+------+-------+------+-------+------+-------+
| Clock Region Name | Used | Avail | Used | Avail | Used | Avail | Used | Avail | Used | Avail | Used | Avail | Used | Avail | Used | Avail | Used | Avail | Used | Avail | Used  | Avail | Used | Avail | Used | Avail | Used | Avail | Used | Avail |
+-------------------+------+-------+------+-------+------+-------+------+-------+------+-------+------+-------+------+-------+------+-------+------+-------+------+-------+-------+-------+------+-------+------+-------+------+-------+------+-------+
| X0Y0              |    0 |    12 |    0 |     4 |    0 |     2 |    0 |     4 |    0 |     1 |    0 |     1 |    0 |     4 |    0 |     0 |    0 |    50 |    0 |    50 |     0 |  2700 |    0 |   800 |    0 |    60 |    0 |    30 |    0 |    60 |
| X1Y0              |    1 |    12 |    0 |     4 |    0 |     2 |    0 |     4 |    1 |     1 |    0 |     1 |    0 |     4 |    0 |     0 |    0 |    50 |    0 |    50 |     0 |  2500 |    0 |   800 |    0 |    40 |    0 |    20 |    0 |    40 |
| X0Y1              |    0 |    12 |    0 |     4 |    0 |     2 |    0 |     4 |    0 |     1 |    0 |     1 |    0 |     0 |    0 |     0 |    0 |    50 |    0 |    50 |     0 |  4200 |    0 |  1400 |    0 |   100 |    0 |    50 |    0 |   100 |
| X1Y1              |    0 |    12 |    0 |     4 |    0 |     2 |    0 |     4 |    0 |     1 |    0 |     1 |    0 |     0 |    0 |     0 |    0 |    50 |    0 |    50 |     0 |  4000 |    0 |  1400 |    0 |    80 |    0 |    40 |    0 |    80 |
| X0Y2              |    7 |    12 |    0 |     4 |    0 |     2 |    0 |     4 |    1 |     1 |    0 |     1 |    0 |     0 |    0 |     0 |    0 |    50 |    6 |    50 |  7977 |  3600 | 2947 |  1400 |    0 |   100 |   16 |    50 |    0 |   100 |
| X1Y2              |    8 |    12 |    1 |     4 |    0 |     2 |    1 |     4 |    0 |     1 |    0 |     1 |    0 |     0 |    0 |     0 |    5 |    50 |    5 |    50 |  4780 |  4000 | 1709 |  1400 |    0 |    80 |   17 |    40 |    0 |    80 |
| X0Y3              |    6 |    12 |    0 |     4 |    0 |     2 |    0 |     4 |    1 |     1 |    1 |     1 |    0 |     0 |    0 |     0 |    0 |    50 |    2 |    50 | 14348 |  3600 | 5130 |  1400 |    0 |   100 |   32 |    50 |    0 |   100 |
| X1Y3              |    6 |    12 |    0 |     4 |    0 |     2 |    0 |     4 |    0 |     1 |    0 |     1 |    0 |     0 |    0 |     0 |    0 |    50 |    1 |    50 |  8563 |  4000 | 2697 |  1400 |    0 |    80 |   29 |    40 |    0 |    80 |
| X0Y4              |    3 |    12 |    0 |     4 |    0 |     2 |    0 |     4 |    0 |     1 |    0 |     1 |    0 |     4 |    0 |     1 |    0 |    50 |    8 |    50 |  5500 |  2550 | 1756 |   750 |    0 |    50 |   10 |    25 |    0 |    60 |
| X1Y4              |    3 |    12 |    0 |     4 |    0 |     2 |    0 |     4 |    0 |     1 |    0 |     1 |    0 |     4 |    0 |     0 |    0 |    50 |    0 |    50 |   187 |  2500 |   59 |   800 |    0 |    40 |    0 |    20 |    0 |    40 |
+-------------------+------+-------+------+-------+------+-------+------+-------+------+-------+------+-------+------+-------+------+-------+------+-------+------+-------+-------+-------+------+-------+------+-------+------+-------+------+-------+
* Global Clock column represents track count; while other columns represents cell counts


6. Clock Regions : Global Clock Summary
---------------------------------------

All Modules
+----+----+----+
|    | X0 | X1 |
+----+----+----+
| Y4 |  3 |  3 |
| Y3 |  6 |  6 |
| Y2 |  7 |  8 |
| Y1 |  0 |  0 |
| Y0 |  0 |  1 |
+----+----+----+


7. Device Cell Placement Summary for Global Clock g0
----------------------------------------------------

+-----------+-----------------+-------------------+-----------------------+-------------+---------------+-------------+----------+----------------+----------+-------------------------------------------------+
| Global Id | Driver Type/Pin | Driver Region (D) | Clock                 | Period (ns) | Waveform (ns) | Slice Loads | IO Loads | Clocking Loads | GT Loads | Net                                             |
+-----------+-----------------+-------------------+-----------------------+-------------+---------------+-------------+----------+----------------+----------+-------------------------------------------------+
| g0        | BUFG/O          | n/a               | clk_out1_clk_wiz_mclk |      10.000 | {0.000 5.000} |       29106 |        0 |              0 |        0 | mclk_rst_module_inst/clk_wiz_mclk/inst/clk_out1 |
+-----------+-----------------+-------------------+-----------------------+-------------+---------------+-------------+----------+----------------+----------+-------------------------------------------------+
* Slice Loads column represents load cell count of all cell types other than IO, GT and clock resources
** IO Loads column represents load cell count of IO types
*** Clocking Loads column represents load cell count that are clock resources (global clock buffer, MMCM, PLL, etc)
**** GT Loads column represents load cell count of GT types


+----+--------+-------+-----------------------+
|    | X0     | X1    | HORIZONTAL PROG DELAY |
+----+--------+-------+-----------------------+
| Y4 |   3406 |   119 |                     0 |
| Y3 |  12873 |  7228 |                     0 |
| Y2 |   5127 |   353 |                     0 |
| Y1 |      0 |     0 |                     0 |
| Y0 |      0 |     0 |                     0 |
+----+--------+-------+-----------------------+


8. Device Cell Placement Summary for Global Clock g1
----------------------------------------------------

+-----------+-----------------+-------------------+-----------+-------------+---------------+-------------+----------+----------------+----------+----------------------------------------------------------------------------------------------------------+
| Global Id | Driver Type/Pin | Driver Region (D) | Clock     | Period (ns) | Waveform (ns) | Slice Loads | IO Loads | Clocking Loads | GT Loads | Net                                                                                                      |
+-----------+-----------------+-------------------+-----------+-------------+---------------+-------------+----------+----------------+----------+----------------------------------------------------------------------------------------------------------+
| g1        | BUFG/O          | n/a               | clk_pll_i |      10.000 | {0.000 5.000} |        7596 |        0 |              1 |        0 | ddr3_cache_module_inst/ddr3_module_inst/mig_7series_0_inst/u_mig_7series_0_mig/u_ddr3_infrastructure/CLK |
+-----------+-----------------+-------------------+-----------+-------------+---------------+-------------+----------+----------------+----------+----------------------------------------------------------------------------------------------------------+
* Slice Loads column represents load cell count of all cell types other than IO, GT and clock resources
** IO Loads column represents load cell count of IO types
*** Clocking Loads column represents load cell count that are clock resources (global clock buffer, MMCM, PLL, etc)
**** GT Loads column represents load cell count of GT types


+----+-------+----+-----------------------+
|    | X0    | X1 | HORIZONTAL PROG DELAY |
+----+-------+----+-----------------------+
| Y4 |  2440 |  0 |                     0 |
| Y3 |  2451 |  0 |                     0 |
| Y2 |  2706 |  0 |                     0 |
| Y1 |     0 |  0 |                     0 |
| Y0 |     0 |  0 |                     0 |
+----+-------+----+-----------------------+


9. Device Cell Placement Summary for Global Clock g2
----------------------------------------------------

+-----------+-----------------+-------------------+-----------------------+-------------+----------------+-------------+----------+----------------+----------+-------------------------------------------------+
| Global Id | Driver Type/Pin | Driver Region (D) | Clock                 | Period (ns) | Waveform (ns)  | Slice Loads | IO Loads | Clocking Loads | GT Loads | Net                                             |
+-----------+-----------------+-------------------+-----------------------+-------------+----------------+-------------+----------+----------------+----------+-------------------------------------------------+
| g2        | BUFG/O          | n/a               | clk_out2_clk_wiz_mclk |      64.000 | {0.000 32.000} |        4203 |        0 |              0 |        0 | mclk_rst_module_inst/clk_wiz_mclk/inst/clk_out2 |
+-----------+-----------------+-------------------+-----------------------+-------------+----------------+-------------+----------+----------------+----------+-------------------------------------------------+
* Slice Loads column represents load cell count of all cell types other than IO, GT and clock resources
** IO Loads column represents load cell count of IO types
*** Clocking Loads column represents load cell count that are clock resources (global clock buffer, MMCM, PLL, etc)
**** GT Loads column represents load cell count of GT types


+----+------+-------+-----------------------+
|    | X0   | X1    | HORIZONTAL PROG DELAY |
+----+------+-------+-----------------------+
| Y4 |    0 |    34 |                     0 |
| Y3 |  155 |  1034 |                     0 |
| Y2 |  186 |  2794 |                     0 |
| Y1 |    0 |     0 |                     0 |
| Y0 |    0 |     0 |                     0 |
+----+------+-------+-----------------------+


10. Device Cell Placement Summary for Global Clock g3
-----------------------------------------------------

+-----------+-----------------+-------------------+---------+-------------+---------------+-------------+----------+----------------+----------+----------------------------------------------------------------------------------------------------------------------+
| Global Id | Driver Type/Pin | Driver Region (D) | Clock   | Period (ns) | Waveform (ns) | Slice Loads | IO Loads | Clocking Loads | GT Loads | Net                                                                                                                  |
+-----------+-----------------+-------------------+---------+-------------+---------------+-------------+----------+----------------+----------+----------------------------------------------------------------------------------------------------------------------+
| g3        | BUFGCTRL/O      | n/a               | clkout0 |       8.000 | {0.000 4.000} |         732 |        0 |              0 |        0 | udp_drive_inst/master_wrapper_inst/tri_mode_ethernet_mac_i/inst/tri_mode_ethernet_mac_support_clocking_i/gtx_clk_out |
+-----------+-----------------+-------------------+---------+-------------+---------------+-------------+----------+----------------+----------+----------------------------------------------------------------------------------------------------------------------+
* Slice Loads column represents load cell count of all cell types other than IO, GT and clock resources
** IO Loads column represents load cell count of IO types
*** Clocking Loads column represents load cell count that are clock resources (global clock buffer, MMCM, PLL, etc)
**** GT Loads column represents load cell count of GT types


+----+----+------+-----------------------+
|    | X0 | X1   | HORIZONTAL PROG DELAY |
+----+----+------+-----------------------+
| Y4 |  0 |    0 |                     0 |
| Y3 |  0 |    1 |                     0 |
| Y2 |  0 |  731 |                     0 |
| Y1 |  0 |    0 |                     0 |
| Y0 |  0 |    0 |                     0 |
+----+----+------+-----------------------+


11. Device Cell Placement Summary for Global Clock g4
-----------------------------------------------------

+-----------+-----------------+-------------------+---------------------------------------------------------------------------+-------------+---------------+-------------+----------+----------------+----------+--------------------------------------------------------------------------------------------------------------------+
| Global Id | Driver Type/Pin | Driver Region (D) | Clock                                                                     | Period (ns) | Waveform (ns) | Slice Loads | IO Loads | Clocking Loads | GT Loads | Net                                                                                                                |
+-----------+-----------------+-------------------+---------------------------------------------------------------------------+-------------+---------------+-------------+----------+----------------+----------+--------------------------------------------------------------------------------------------------------------------+
| g4        | BUFR/O          | X1Y2              | udp_drive_inst/master_wrapper_inst/tri_mode_ethernet_mac_i/inst/rgmii_rxc |       8.000 | {0.000 4.000} |         585 |        0 |              0 |        0 | udp_drive_inst/master_wrapper_inst/tri_mode_ethernet_mac_i/inst/tri_mode_ethernet_mac_i/rgmii_interface/rx_axi_clk |
+-----------+-----------------+-------------------+---------------------------------------------------------------------------+-------------+---------------+-------------+----------+----------------+----------+--------------------------------------------------------------------------------------------------------------------+
* Slice Loads column represents load cell count of all cell types other than IO, GT and clock resources
** IO Loads column represents load cell count of IO types
*** Clocking Loads column represents load cell count that are clock resources (global clock buffer, MMCM, PLL, etc)
**** GT Loads column represents load cell count of GT types


+----+----+----------+-----------------------+
|    | X0 | X1       | HORIZONTAL PROG DELAY |
+----+----+----------+-----------------------+
| Y4 |  0 |        0 |                     0 |
| Y3 |  0 |        0 |                     0 |
| Y2 |  0 |  (D) 585 |                     0 |
| Y1 |  0 |        0 |                     0 |
| Y0 |  0 |        0 |                     0 |
+----+----+----------+-----------------------+


12. Device Cell Placement Summary for Global Clock g5
-----------------------------------------------------

+-----------+-----------------+-------------------+--------------------------------------------------------------------------------------------+-------------+----------------+-------------+----------+----------------+----------+----------------------------------------+
| Global Id | Driver Type/Pin | Driver Region (D) | Clock                                                                                      | Period (ns) | Waveform (ns)  | Slice Loads | IO Loads | Clocking Loads | GT Loads | Net                                    |
+-----------+-----------------+-------------------+--------------------------------------------------------------------------------------------+-------------+----------------+-------------+----------+----------------+----------+----------------------------------------+
| g5        | BUFG/O          | n/a               | dbg_hub/inst/BSCANID.u_xsdbm_id/SWITCH_N_EXT_BSCAN.bscan_inst/SERIES7_BSCAN.bscan_inst/TCK |      33.000 | {0.000 16.500} |         478 |        0 |              0 |        0 | dbg_hub/inst/BSCANID.u_xsdbm_id/itck_i |
+-----------+-----------------+-------------------+--------------------------------------------------------------------------------------------+-------------+----------------+-------------+----------+----------------+----------+----------------------------------------+
* Slice Loads column represents load cell count of all cell types other than IO, GT and clock resources
** IO Loads column represents load cell count of IO types
*** Clocking Loads column represents load cell count that are clock resources (global clock buffer, MMCM, PLL, etc)
**** GT Loads column represents load cell count of GT types


+----+------+------+-----------------------+
|    | X0   | X1   | HORIZONTAL PROG DELAY |
+----+------+------+-----------------------+
| Y4 |    0 |    0 |                     0 |
| Y3 |  161 |  317 |                     0 |
| Y2 |    0 |    0 |                     0 |
| Y1 |    0 |    0 |                     0 |
| Y0 |    0 |    0 |                     0 |
+----+------+------+-----------------------+


13. Device Cell Placement Summary for Global Clock g6
-----------------------------------------------------

+-----------+-----------------+-------------------+-----------------------+-------------+---------------+-------------+----------+----------------+----------+-------------------------------------------------+
| Global Id | Driver Type/Pin | Driver Region (D) | Clock                 | Period (ns) | Waveform (ns) | Slice Loads | IO Loads | Clocking Loads | GT Loads | Net                                             |
+-----------+-----------------+-------------------+-----------------------+-------------+---------------+-------------+----------+----------------+----------+-------------------------------------------------+
| g6        | BUFG/O          | n/a               | clk_out5_clk_wiz_mclk |       8.000 | {0.000 4.000} |         342 |        0 |              1 |        0 | mclk_rst_module_inst/clk_wiz_mclk/inst/clk_out5 |
+-----------+-----------------+-------------------+-----------------------+-------------+---------------+-------------+----------+----------------+----------+-------------------------------------------------+
* Slice Loads column represents load cell count of all cell types other than IO, GT and clock resources
** IO Loads column represents load cell count of IO types
*** Clocking Loads column represents load cell count that are clock resources (global clock buffer, MMCM, PLL, etc)
**** GT Loads column represents load cell count of GT types


+----+----+------+-----------------------+
|    | X0 | X1   | HORIZONTAL PROG DELAY |
+----+----+------+-----------------------+
| Y4 |  0 |    0 |                     0 |
| Y3 |  0 |   51 |                     0 |
| Y2 |  0 |  291 |                     0 |
| Y1 |  0 |    0 |                     0 |
| Y0 |  0 |    1 |                     0 |
+----+----+------+-----------------------+


14. Device Cell Placement Summary for Global Clock g7
-----------------------------------------------------

+-----------+-----------------+-------------------+-----------------------+-------------+---------------+-------------+----------+----------------+----------+-------------------------------------------------+
| Global Id | Driver Type/Pin | Driver Region (D) | Clock                 | Period (ns) | Waveform (ns) | Slice Loads | IO Loads | Clocking Loads | GT Loads | Net                                             |
+-----------+-----------------+-------------------+-----------------------+-------------+---------------+-------------+----------+----------------+----------+-------------------------------------------------+
| g7        | BUFG/O          | n/a               | clk_out3_clk_wiz_mclk |       5.000 | {0.000 2.500} |         152 |        0 |              1 |        0 | mclk_rst_module_inst/clk_wiz_mclk/inst/clk_out3 |
+-----------+-----------------+-------------------+-----------------------+-------------+---------------+-------------+----------+----------------+----------+-------------------------------------------------+
* Slice Loads column represents load cell count of all cell types other than IO, GT and clock resources
** IO Loads column represents load cell count of IO types
*** Clocking Loads column represents load cell count that are clock resources (global clock buffer, MMCM, PLL, etc)
**** GT Loads column represents load cell count of GT types


+----+-----+-----+-----------------------+
|    | X0  | X1  | HORIZONTAL PROG DELAY |
+----+-----+-----+-----------------------+
| Y4 |  84 |   0 |                     0 |
| Y3 |  48 |   0 |                     0 |
| Y2 |   1 |  20 |                     0 |
| Y1 |   0 |   0 |                     0 |
| Y0 |   0 |   0 |                     0 |
+----+-----+-----+-----------------------+


15. Device Cell Placement Summary for Global Clock g8
-----------------------------------------------------

+-----------+-----------------+-------------------+-----------------------+-------------+----------------+-------------+----------+----------------+----------+-------------------------------------------------+
| Global Id | Driver Type/Pin | Driver Region (D) | Clock                 | Period (ns) | Waveform (ns)  | Slice Loads | IO Loads | Clocking Loads | GT Loads | Net                                             |
+-----------+-----------------+-------------------+-----------------------+-------------+----------------+-------------+----------+----------------+----------+-------------------------------------------------+
| g8        | BUFG/O          | n/a               | clk_out7_clk_wiz_mclk |     100.000 | {0.000 50.000} |         102 |        0 |              0 |        0 | mclk_rst_module_inst/clk_wiz_mclk/inst/clk_out7 |
+-----------+-----------------+-------------------+-----------------------+-------------+----------------+-------------+----------+----------------+----------+-------------------------------------------------+
* Slice Loads column represents load cell count of all cell types other than IO, GT and clock resources
** IO Loads column represents load cell count of IO types
*** Clocking Loads column represents load cell count that are clock resources (global clock buffer, MMCM, PLL, etc)
**** GT Loads column represents load cell count of GT types


+----+----+------+-----------------------+
|    | X0 | X1   | HORIZONTAL PROG DELAY |
+----+----+------+-----------------------+
| Y4 |  0 |    0 |                     0 |
| Y3 |  0 |  102 |                     0 |
| Y2 |  0 |    0 |                     0 |
| Y1 |  0 |    0 |                     0 |
| Y0 |  0 |    0 |                     0 |
+----+----+------+-----------------------+


16. Device Cell Placement Summary for Global Clock g9
-----------------------------------------------------

+-----------+-----------------+-------------------+-----------------------+-------------+----------------+-------------+----------+----------------+----------+-------------------------------------------------+
| Global Id | Driver Type/Pin | Driver Region (D) | Clock                 | Period (ns) | Waveform (ns)  | Slice Loads | IO Loads | Clocking Loads | GT Loads | Net                                             |
+-----------+-----------------+-------------------+-----------------------+-------------+----------------+-------------+----------+----------------+----------+-------------------------------------------------+
| g9        | BUFG/O          | n/a               | clk_out6_clk_wiz_mclk |      40.000 | {0.000 20.000} |          50 |        0 |              0 |        0 | mclk_rst_module_inst/clk_wiz_mclk/inst/clk_out6 |
+-----------+-----------------+-------------------+-----------------------+-------------+----------------+-------------+----------+----------------+----------+-------------------------------------------------+
* Slice Loads column represents load cell count of all cell types other than IO, GT and clock resources
** IO Loads column represents load cell count of IO types
*** Clocking Loads column represents load cell count that are clock resources (global clock buffer, MMCM, PLL, etc)
**** GT Loads column represents load cell count of GT types


+----+-----+-----+-----------------------+
|    | X0  | X1  | HORIZONTAL PROG DELAY |
+----+-----+-----+-----------------------+
| Y4 |   0 |  34 |                     0 |
| Y3 |   0 |   0 |                     0 |
| Y2 |  16 |   0 |                     0 |
| Y1 |   0 |   0 |                     0 |
| Y0 |   0 |   0 |                     0 |
+----+-----+-----+-----------------------+


17. Device Cell Placement Summary for Global Clock g10
------------------------------------------------------

+-----------+-----------------+-------------------+---------+-------------+---------------+-------------+----------+----------------+----------+------------------------------------------------------------------------------------------------------------------------+
| Global Id | Driver Type/Pin | Driver Region (D) | Clock   | Period (ns) | Waveform (ns) | Slice Loads | IO Loads | Clocking Loads | GT Loads | Net                                                                                                                    |
+-----------+-----------------+-------------------+---------+-------------+---------------+-------------+----------+----------------+----------+------------------------------------------------------------------------------------------------------------------------+
| g10       | BUFGCTRL/O      | n/a               | clkout1 |       8.000 | {2.000 6.000} |           6 |        0 |              0 |        0 | udp_drive_inst/master_wrapper_inst/tri_mode_ethernet_mac_i/inst/tri_mode_ethernet_mac_support_clocking_i/gtx_clk90_out |
+-----------+-----------------+-------------------+---------+-------------+---------------+-------------+----------+----------------+----------+------------------------------------------------------------------------------------------------------------------------+
* Slice Loads column represents load cell count of all cell types other than IO, GT and clock resources
** IO Loads column represents load cell count of IO types
*** Clocking Loads column represents load cell count that are clock resources (global clock buffer, MMCM, PLL, etc)
**** GT Loads column represents load cell count of GT types


+----+----+----+-----------------------+
|    | X0 | X1 | HORIZONTAL PROG DELAY |
+----+----+----+-----------------------+
| Y4 |  0 |  0 |                     0 |
| Y3 |  0 |  0 |                     0 |
| Y2 |  0 |  6 |                     0 |
| Y1 |  0 |  0 |                     0 |
| Y0 |  0 |  0 |                     0 |
+----+----+----+-----------------------+


18. Device Cell Placement Summary for Global Clock g11
------------------------------------------------------

+-----------+-----------------+-------------------+------------+-------------+----------------+-------------+----------+----------------+----------+----------------------+
| Global Id | Driver Type/Pin | Driver Region (D) | Clock      | Period (ns) | Waveform (ns)  | Slice Loads | IO Loads | Clocking Loads | GT Loads | Net                  |
+-----------+-----------------+-------------------+------------+-------------+----------------+-------------+----------+----------------+----------+----------------------+
| g11       | BUFG/O          | n/a               | iw_SYS_CLK |      20.000 | {0.000 10.000} |           2 |        0 |              1 |        0 | iw_SYS_CLK_IBUF_BUFG |
+-----------+-----------------+-------------------+------------+-------------+----------------+-------------+----------+----------------+----------+----------------------+
* Slice Loads column represents load cell count of all cell types other than IO, GT and clock resources
** IO Loads column represents load cell count of IO types
*** Clocking Loads column represents load cell count that are clock resources (global clock buffer, MMCM, PLL, etc)
**** GT Loads column represents load cell count of GT types


+----+----+----+-----------------------+
|    | X0 | X1 | HORIZONTAL PROG DELAY |
+----+----+----+-----------------------+
| Y4 |  0 |  0 |                     0 |
| Y3 |  0 |  0 |                     0 |
| Y2 |  3 |  0 |                     0 |
| Y1 |  0 |  0 |                     0 |
| Y0 |  0 |  0 |                     0 |
+----+----+----+-----------------------+


19. Device Cell Placement Summary for Global Clock g12
------------------------------------------------------

+-----------+-----------------+-------------------+--------------+-------------+---------------+-------------+----------+----------------+----------+---------------------------------------------------------------------------------------------------------------+
| Global Id | Driver Type/Pin | Driver Region (D) | Clock        | Period (ns) | Waveform (ns) | Slice Loads | IO Loads | Clocking Loads | GT Loads | Net                                                                                                           |
+-----------+-----------------+-------------------+--------------+-------------+---------------+-------------+----------+----------------+----------+---------------------------------------------------------------------------------------------------------------+
| g12       | BUFH/O          | X0Y3              | pll_clk3_out |      10.000 | {0.000 5.000} |           0 |        0 |              1 |        0 | ddr3_cache_module_inst/ddr3_module_inst/mig_7series_0_inst/u_mig_7series_0_mig/u_ddr3_infrastructure/pll_clk3 |
+-----------+-----------------+-------------------+--------------+-------------+---------------+-------------+----------+----------------+----------+---------------------------------------------------------------------------------------------------------------+
* Slice Loads column represents load cell count of all cell types other than IO, GT and clock resources
** IO Loads column represents load cell count of IO types
*** Clocking Loads column represents load cell count that are clock resources (global clock buffer, MMCM, PLL, etc)
**** GT Loads column represents load cell count of GT types


+----+--------+----+-----------------------+
|    | X0     | X1 | HORIZONTAL PROG DELAY |
+----+--------+----+-----------------------+
| Y4 |      0 |  0 |                     0 |
| Y3 |  (D) 1 |  0 |                     0 |
| Y2 |      0 |  0 |                     0 |
| Y1 |      0 |  0 |                     0 |
| Y0 |      0 |  0 |                     0 |
+----+--------+----+-----------------------+


20. Device Cell Placement Summary for Global Clock g13
------------------------------------------------------

+-----------+-----------------+-------------------+-----------------------+-------------+----------------+-------------+----------+----------------+----------+------------------------------------------------------------------+
| Global Id | Driver Type/Pin | Driver Region (D) | Clock                 | Period (ns) | Waveform (ns)  | Slice Loads | IO Loads | Clocking Loads | GT Loads | Net                                                              |
+-----------+-----------------+-------------------+-----------------------+-------------+----------------+-------------+----------+----------------+----------+------------------------------------------------------------------+
| g13       | BUFG/O          | n/a               | clkfbout_clk_wiz_mclk |      20.000 | {0.000 10.000} |           0 |        0 |              1 |        0 | mclk_rst_module_inst/clk_wiz_mclk/inst/clkfbout_buf_clk_wiz_mclk |
+-----------+-----------------+-------------------+-----------------------+-------------+----------------+-------------+----------+----------------+----------+------------------------------------------------------------------+
* Slice Loads column represents load cell count of all cell types other than IO, GT and clock resources
** IO Loads column represents load cell count of IO types
*** Clocking Loads column represents load cell count that are clock resources (global clock buffer, MMCM, PLL, etc)
**** GT Loads column represents load cell count of GT types


+----+----+----+-----------------------+
|    | X0 | X1 | HORIZONTAL PROG DELAY |
+----+----+----+-----------------------+
| Y4 |  0 |  0 |                     0 |
| Y3 |  0 |  0 |                     0 |
| Y2 |  1 |  0 |                     0 |
| Y1 |  0 |  0 |                     0 |
| Y0 |  0 |  0 |                     0 |
+----+----+----+-----------------------+


21. Clock Region Cell Placement per Global Clock: Region X1Y0
-------------------------------------------------------------

+-----------+-------+-----------------+------------+-------------+-----------------+----+--------+------+-----+----+------+-----+---------+-------------------------------------------------+
| Global Id | Track | Driver Type/Pin | Constraint | Clock Loads | Non-Clock Loads | FF | LUTRAM | RAMB | DSP | GT | MMCM | PLL | Hard IP | Net                                             |
+-----------+-------+-----------------+------------+-------------+-----------------+----+--------+------+-----+----+------+-----+---------+-------------------------------------------------+
| g6        | n/a   | BUFG/O          | None       |           1 |               0 |  0 |      0 |    0 |   0 |  0 |    1 |   0 |       0 | mclk_rst_module_inst/clk_wiz_mclk/inst/clk_out5 |
+-----------+-------+-----------------+------------+-------------+-----------------+----+--------+------+-----+----+------+-----+---------+-------------------------------------------------+
* Clock Loads column represents the clock pin loads (pin count)
** Non-Clock Loads column represents the non-clock pin loads (pin count)
*** Columns FF, LUTRAM, RAMB through 'Hard IP' represents load cell counts


22. Clock Region Cell Placement per Global Clock: Region X0Y2
-------------------------------------------------------------

+-----------+-------+-----------------+------------+-------------+-----------------+------+--------+------+-----+----+------+-----+---------+----------------------------------------------------------------------------------------------------------+
| Global Id | Track | Driver Type/Pin | Constraint | Clock Loads | Non-Clock Loads | FF   | LUTRAM | RAMB | DSP | GT | MMCM | PLL | Hard IP | Net                                                                                                      |
+-----------+-------+-----------------+------------+-------------+-----------------+------+--------+------+-----+----+------+-----+---------+----------------------------------------------------------------------------------------------------------+
| g0        | n/a   | BUFG/O          | None       |        5127 |               0 | 4527 |    581 |   15 |   0 |  0 |    0 |   0 |       0 | mclk_rst_module_inst/clk_wiz_mclk/inst/clk_out1                                                          |
| g1        | n/a   | BUFG/O          | None       |        2706 |               0 | 2656 |     13 |    0 |   0 |  0 |    0 |   0 |       0 | ddr3_cache_module_inst/ddr3_module_inst/mig_7series_0_inst/u_mig_7series_0_mig/u_ddr3_infrastructure/CLK |
| g2        | n/a   | BUFG/O          | None       |         186 |               0 |  184 |      0 |    1 |   0 |  0 |    0 |   0 |       0 | mclk_rst_module_inst/clk_wiz_mclk/inst/clk_out2                                                          |
| g7        | n/a   | BUFG/O          | None       |           1 |               0 |    0 |      0 |    0 |   0 |  0 |    0 |   0 |       0 | mclk_rst_module_inst/clk_wiz_mclk/inst/clk_out3                                                          |
| g9        | n/a   | BUFG/O          | None       |          16 |               0 |   16 |      0 |    0 |   0 |  0 |    0 |   0 |       0 | mclk_rst_module_inst/clk_wiz_mclk/inst/clk_out6                                                          |
| g11       | n/a   | BUFG/O          | None       |           3 |               0 |    2 |      0 |    0 |   0 |  0 |    1 |   0 |       0 | iw_SYS_CLK_IBUF_BUFG                                                                                     |
| g13       | n/a   | BUFG/O          | None       |           1 |               0 |    0 |      0 |    0 |   0 |  0 |    1 |   0 |       0 | mclk_rst_module_inst/clk_wiz_mclk/inst/clkfbout_buf_clk_wiz_mclk                                         |
+-----------+-------+-----------------+------------+-------------+-----------------+------+--------+------+-----+----+------+-----+---------+----------------------------------------------------------------------------------------------------------+
* Clock Loads column represents the clock pin loads (pin count)
** Non-Clock Loads column represents the non-clock pin loads (pin count)
*** Columns FF, LUTRAM, RAMB through 'Hard IP' represents load cell counts


23. Clock Region Cell Placement per Global Clock: Region X1Y2
-------------------------------------------------------------

+-----------+-------+-----------------+------------+-------------+-----------------+------+--------+------+-----+----+------+-----+---------+------------------------------------------------------------------------------------------------------------------------+
| Global Id | Track | Driver Type/Pin | Constraint | Clock Loads | Non-Clock Loads | FF   | LUTRAM | RAMB | DSP | GT | MMCM | PLL | Hard IP | Net                                                                                                                    |
+-----------+-------+-----------------+------------+-------------+-----------------+------+--------+------+-----+----+------+-----+---------+------------------------------------------------------------------------------------------------------------------------+
| g0        | n/a   | BUFG/O          | None       |         353 |               0 |  321 |     24 |    8 |   0 |  0 |    0 |   0 |       0 | mclk_rst_module_inst/clk_wiz_mclk/inst/clk_out1                                                                        |
| g2        | n/a   | BUFG/O          | None       |        2794 |               0 | 2784 |      0 |    7 |   0 |  0 |    0 |   0 |       0 | mclk_rst_module_inst/clk_wiz_mclk/inst/clk_out2                                                                        |
| g3        | n/a   | BUFGCTRL/O      | None       |         731 |               0 |  721 |      0 |    4 |   0 |  0 |    0 |   0 |       0 | udp_drive_inst/master_wrapper_inst/tri_mode_ethernet_mac_i/inst/tri_mode_ethernet_mac_support_clocking_i/gtx_clk_out   |
| g4        | n/a   | BUFR/O          | None       |         585 |               0 |  570 |     12 |    2 |   0 |  0 |    0 |   0 |       0 | udp_drive_inst/master_wrapper_inst/tri_mode_ethernet_mac_i/inst/tri_mode_ethernet_mac_i/rgmii_interface/rx_axi_clk     |
| g6        | n/a   | BUFG/O          | None       |         291 |               0 |  290 |      1 |    0 |   0 |  0 |    0 |   0 |       0 | mclk_rst_module_inst/clk_wiz_mclk/inst/clk_out5                                                                        |
| g7        | n/a   | BUFG/O          | None       |          20 |               0 |   19 |      0 |    0 |   0 |  0 |    0 |   0 |       0 | mclk_rst_module_inst/clk_wiz_mclk/inst/clk_out3                                                                        |
| g10       | n/a   | BUFGCTRL/O      | None       |           6 |               0 |    5 |      0 |    0 |   0 |  0 |    0 |   0 |       0 | udp_drive_inst/master_wrapper_inst/tri_mode_ethernet_mac_i/inst/tri_mode_ethernet_mac_support_clocking_i/gtx_clk90_out |
+-----------+-------+-----------------+------------+-------------+-----------------+------+--------+------+-----+----+------+-----+---------+------------------------------------------------------------------------------------------------------------------------+
* Clock Loads column represents the clock pin loads (pin count)
** Non-Clock Loads column represents the non-clock pin loads (pin count)
*** Columns FF, LUTRAM, RAMB through 'Hard IP' represents load cell counts


24. Clock Region Cell Placement per Global Clock: Region X0Y3
-------------------------------------------------------------

+-----------+-------+-----------------+------------+-------------+-----------------+-------+--------+------+-----+----+------+-----+---------+---------------------------------------------------------------------------------------------------------------+
| Global Id | Track | Driver Type/Pin | Constraint | Clock Loads | Non-Clock Loads | FF    | LUTRAM | RAMB | DSP | GT | MMCM | PLL | Hard IP | Net                                                                                                           |
+-----------+-------+-----------------+------------+-------------+-----------------+-------+--------+------+-----+----+------+-----+---------+---------------------------------------------------------------------------------------------------------------+
| g0        | n/a   | BUFG/O          | None       |       12873 |               0 | 11559 |   1280 |   32 |   0 |  0 |    0 |   0 |       0 | mclk_rst_module_inst/clk_wiz_mclk/inst/clk_out1                                                               |
| g1        | n/a   | BUFG/O          | None       |        2451 |               0 |  2428 |      3 |    0 |   0 |  0 |    1 |   0 |       0 | ddr3_cache_module_inst/ddr3_module_inst/mig_7series_0_inst/u_mig_7series_0_mig/u_ddr3_infrastructure/CLK      |
| g2        | n/a   | BUFG/O          | None       |         155 |               0 |   155 |      0 |    0 |   0 |  0 |    0 |   0 |       0 | mclk_rst_module_inst/clk_wiz_mclk/inst/clk_out2                                                               |
| g5        | n/a   | BUFG/O          | None       |         161 |               0 |   161 |      0 |    0 |   0 |  0 |    0 |   0 |       0 | dbg_hub/inst/BSCANID.u_xsdbm_id/itck_i                                                                        |
| g7        | n/a   | BUFG/O          | None       |          48 |               0 |    45 |      0 |    0 |   0 |  0 |    0 |   1 |       0 | mclk_rst_module_inst/clk_wiz_mclk/inst/clk_out3                                                               |
| g12       | n/a   | BUFH/O          | None       |           1 |               0 |     0 |      0 |    0 |   0 |  0 |    1 |   0 |       0 | ddr3_cache_module_inst/ddr3_module_inst/mig_7series_0_inst/u_mig_7series_0_mig/u_ddr3_infrastructure/pll_clk3 |
+-----------+-------+-----------------+------------+-------------+-----------------+-------+--------+------+-----+----+------+-----+---------+---------------------------------------------------------------------------------------------------------------+
* Clock Loads column represents the clock pin loads (pin count)
** Non-Clock Loads column represents the non-clock pin loads (pin count)
*** Columns FF, LUTRAM, RAMB through 'Hard IP' represents load cell counts


25. Clock Region Cell Placement per Global Clock: Region X1Y3
-------------------------------------------------------------

+-----------+-------+-----------------+------------+-------------+-----------------+------+--------+------+-----+----+------+-----+---------+----------------------------------------------------------------------------------------------------------------------+
| Global Id | Track | Driver Type/Pin | Constraint | Clock Loads | Non-Clock Loads | FF   | LUTRAM | RAMB | DSP | GT | MMCM | PLL | Hard IP | Net                                                                                                                  |
+-----------+-------+-----------------+------------+-------------+-----------------+------+--------+------+-----+----+------+-----+---------+----------------------------------------------------------------------------------------------------------------------+
| g0        | n/a   | BUFG/O          | None       |        7228 |               0 | 6825 |    373 |   29 |   0 |  0 |    0 |   0 |       0 | mclk_rst_module_inst/clk_wiz_mclk/inst/clk_out1                                                                      |
| g2        | n/a   | BUFG/O          | None       |        1034 |               0 | 1034 |      0 |    0 |   0 |  0 |    0 |   0 |       0 | mclk_rst_module_inst/clk_wiz_mclk/inst/clk_out2                                                                      |
| g3        | n/a   | BUFGCTRL/O      | None       |           1 |               0 |    0 |      0 |    0 |   0 |  0 |    0 |   0 |       0 | udp_drive_inst/master_wrapper_inst/tri_mode_ethernet_mac_i/inst/tri_mode_ethernet_mac_support_clocking_i/gtx_clk_out |
| g5        | n/a   | BUFG/O          | None       |         317 |               0 |  317 |      0 |    0 |   0 |  0 |    0 |   0 |       0 | dbg_hub/inst/BSCANID.u_xsdbm_id/itck_i                                                                               |
| g6        | n/a   | BUFG/O          | None       |          51 |               0 |   51 |      0 |    0 |   0 |  0 |    0 |   0 |       0 | mclk_rst_module_inst/clk_wiz_mclk/inst/clk_out5                                                                      |
| g8        | n/a   | BUFG/O          | None       |         102 |               0 |  102 |      0 |    0 |   0 |  0 |    0 |   0 |       0 | mclk_rst_module_inst/clk_wiz_mclk/inst/clk_out7                                                                      |
+-----------+-------+-----------------+------------+-------------+-----------------+------+--------+------+-----+----+------+-----+---------+----------------------------------------------------------------------------------------------------------------------+
* Clock Loads column represents the clock pin loads (pin count)
** Non-Clock Loads column represents the non-clock pin loads (pin count)
*** Columns FF, LUTRAM, RAMB through 'Hard IP' represents load cell counts


26. Clock Region Cell Placement per Global Clock: Region X0Y4
-------------------------------------------------------------

+-----------+-------+-----------------+------------+-------------+-----------------+------+--------+------+-----+----+------+-----+---------+----------------------------------------------------------------------------------------------------------+
| Global Id | Track | Driver Type/Pin | Constraint | Clock Loads | Non-Clock Loads | FF   | LUTRAM | RAMB | DSP | GT | MMCM | PLL | Hard IP | Net                                                                                                      |
+-----------+-------+-----------------+------------+-------------+-----------------+------+--------+------+-----+----+------+-----+---------+----------------------------------------------------------------------------------------------------------+
| g0        | n/a   | BUFG/O          | None       |        3406 |               0 | 3028 |    368 |   10 |   0 |  0 |    0 |   0 |       0 | mclk_rst_module_inst/clk_wiz_mclk/inst/clk_out1                                                          |
| g1        | n/a   | BUFG/O          | None       |        2440 |               0 | 2389 |      2 |    0 |   0 |  0 |    0 |   0 |       0 | ddr3_cache_module_inst/ddr3_module_inst/mig_7series_0_inst/u_mig_7series_0_mig/u_ddr3_infrastructure/CLK |
| g7        | n/a   | BUFG/O          | None       |          84 |               0 |   83 |      0 |    0 |   0 |  0 |    0 |   0 |       0 | mclk_rst_module_inst/clk_wiz_mclk/inst/clk_out3                                                          |
+-----------+-------+-----------------+------------+-------------+-----------------+------+--------+------+-----+----+------+-----+---------+----------------------------------------------------------------------------------------------------------+
* Clock Loads column represents the clock pin loads (pin count)
** Non-Clock Loads column represents the non-clock pin loads (pin count)
*** Columns FF, LUTRAM, RAMB through 'Hard IP' represents load cell counts


27. Clock Region Cell Placement per Global Clock: Region X1Y4
-------------------------------------------------------------

+-----------+-------+-----------------+------------+-------------+-----------------+-----+--------+------+-----+----+------+-----+---------+-------------------------------------------------+
| Global Id | Track | Driver Type/Pin | Constraint | Clock Loads | Non-Clock Loads | FF  | LUTRAM | RAMB | DSP | GT | MMCM | PLL | Hard IP | Net                                             |
+-----------+-------+-----------------+------------+-------------+-----------------+-----+--------+------+-----+----+------+-----+---------+-------------------------------------------------+
| g0        | n/a   | BUFG/O          | None       |         119 |               0 | 119 |      0 |    0 |   0 |  0 |    0 |   0 |       0 | mclk_rst_module_inst/clk_wiz_mclk/inst/clk_out1 |
| g2        | n/a   | BUFG/O          | None       |          34 |               0 |  34 |      0 |    0 |   0 |  0 |    0 |   0 |       0 | mclk_rst_module_inst/clk_wiz_mclk/inst/clk_out2 |
| g9        | n/a   | BUFG/O          | None       |          34 |               0 |  34 |      0 |    0 |   0 |  0 |    0 |   0 |       0 | mclk_rst_module_inst/clk_wiz_mclk/inst/clk_out6 |
+-----------+-------+-----------------+------------+-------------+-----------------+-----+--------+------+-----+----+------+-----+---------+-------------------------------------------------+
* Clock Loads column represents the clock pin loads (pin count)
** Non-Clock Loads column represents the non-clock pin loads (pin count)
*** Columns FF, LUTRAM, RAMB through 'Hard IP' represents load cell counts



# Location of BUFG Primitives 
set_property LOC BUFGCTRL_X0Y0 [get_cells udp_drive_inst/master_wrapper_inst/tri_mode_ethernet_mac_i/inst/tri_mode_ethernet_mac_support_clocking_i/clkout1_buf]
set_property LOC BUFGCTRL_X0Y2 [get_cells udp_drive_inst/master_wrapper_inst/tri_mode_ethernet_mac_i/inst/tri_mode_ethernet_mac_support_clocking_i/clkout2_buf]
set_property LOC BUFGCTRL_X0Y9 [get_cells mclk_rst_module_inst/clk_wiz_mclk/inst/clkf_buf]
set_property LOC BUFGCTRL_X0Y7 [get_cells mclk_rst_module_inst/clk_wiz_mclk/inst/clkout7_buf]
set_property LOC BUFGCTRL_X0Y8 [get_cells mclk_rst_module_inst/clk_wiz_mclk/inst/clkout6_buf]
set_property LOC BUFGCTRL_X0Y6 [get_cells mclk_rst_module_inst/clk_wiz_mclk/inst/clkout5_buf]
set_property LOC BUFGCTRL_X0Y1 [get_cells mclk_rst_module_inst/clk_wiz_mclk/inst/clkout3_buf]
set_property LOC BUFGCTRL_X0Y4 [get_cells mclk_rst_module_inst/clk_wiz_mclk/inst/clkout2_buf]
set_property LOC BUFGCTRL_X0Y3 [get_cells mclk_rst_module_inst/clk_wiz_mclk/inst/clkout1_buf]
set_property LOC BUFGCTRL_X0Y17 [get_cells iw_SYS_CLK_IBUF_BUFG_inst]
set_property LOC BUFGCTRL_X0Y16 [get_cells ddr3_cache_module_inst/ddr3_module_inst/mig_7series_0_inst/u_mig_7series_0_mig/u_ddr3_infrastructure/u_bufg_clkdiv0]
set_property LOC BUFGCTRL_X0Y5 [get_cells dbg_hub/inst/BSCANID.u_xsdbm_id/SWITCH_N_EXT_BSCAN.u_bufg_icon_tck]

# Location of BUFH Primitives 
set_property LOC BUFHCE_X0Y36 [get_cells ddr3_cache_module_inst/ddr3_module_inst/mig_7series_0_inst/u_mig_7series_0_mig/u_ddr3_infrastructure/u_bufh_pll_clk3]

# Location of BUFIO Primitives 
set_property LOC BUFIO_X1Y10 [get_cells udp_drive_inst/master_wrapper_inst/tri_mode_ethernet_mac_i/inst/tri_mode_ethernet_mac_i/rgmii_interface/bufio_rgmii_rx_clk]

# Location of BUFR Primitives 
set_property LOC BUFR_X1Y9 [get_cells udp_drive_inst/master_wrapper_inst/tri_mode_ethernet_mac_i/inst/tri_mode_ethernet_mac_i/rgmii_interface/bufr_rgmii_rx_clk]

# Location of IO Primitives which is load of clock spine

# Location of clock ports
set_property LOC IOB_X1Y126 [get_ports PHYA_rgmii_rxc]
set_property LOC IOB_X0Y176 [get_ports iw_SYS_CLK]

# Clock net "udp_drive_inst/master_wrapper_inst/tri_mode_ethernet_mac_i/inst/tri_mode_ethernet_mac_support_clocking_i/gtx_clk_out" driven by instance "udp_drive_inst/master_wrapper_inst/tri_mode_ethernet_mac_i/inst/tri_mode_ethernet_mac_support_clocking_i/clkout1_buf" located at site "BUFGCTRL_X0Y0"
#startgroup
create_pblock {CLKAG_udp_drive_inst/master_wrapper_inst/tri_mode_ethernet_mac_i/inst/tri_mode_ethernet_mac_support_clocking_i/gtx_clk_out}
add_cells_to_pblock [get_pblocks  {CLKAG_udp_drive_inst/master_wrapper_inst/tri_mode_ethernet_mac_i/inst/tri_mode_ethernet_mac_support_clocking_i/gtx_clk_out}] [get_cells -filter { PRIMITIVE_GROUP != I/O && IS_PRIMITIVE==1 && PRIMITIVE_LEVEL !=INTERNAL } -of_object [get_pins -filter {DIRECTION==IN} -of_objects [get_nets -hierarchical -filter {PARENT=="udp_drive_inst/master_wrapper_inst/tri_mode_ethernet_mac_i/inst/tri_mode_ethernet_mac_support_clocking_i/gtx_clk_out"}]]]
resize_pblock [get_pblocks {CLKAG_udp_drive_inst/master_wrapper_inst/tri_mode_ethernet_mac_i/inst/tri_mode_ethernet_mac_support_clocking_i/gtx_clk_out}] -add {CLOCKREGION_X1Y2:CLOCKREGION_X1Y2 CLOCKREGION_X1Y3:CLOCKREGION_X1Y3}
#endgroup

# Clock net "udp_drive_inst/master_wrapper_inst/tri_mode_ethernet_mac_i/inst/tri_mode_ethernet_mac_support_clocking_i/gtx_clk90_out" driven by instance "udp_drive_inst/master_wrapper_inst/tri_mode_ethernet_mac_i/inst/tri_mode_ethernet_mac_support_clocking_i/clkout2_buf" located at site "BUFGCTRL_X0Y2"
#startgroup
create_pblock {CLKAG_udp_drive_inst/master_wrapper_inst/tri_mode_ethernet_mac_i/inst/tri_mode_ethernet_mac_support_clocking_i/gtx_clk90_out}
add_cells_to_pblock [get_pblocks  {CLKAG_udp_drive_inst/master_wrapper_inst/tri_mode_ethernet_mac_i/inst/tri_mode_ethernet_mac_support_clocking_i/gtx_clk90_out}] [get_cells -filter { PRIMITIVE_GROUP != I/O && IS_PRIMITIVE==1 && PRIMITIVE_LEVEL !=INTERNAL } -of_object [get_pins -filter {DIRECTION==IN} -of_objects [get_nets -hierarchical -filter {PARENT=="udp_drive_inst/master_wrapper_inst/tri_mode_ethernet_mac_i/inst/tri_mode_ethernet_mac_support_clocking_i/gtx_clk90_out"}]]]
resize_pblock [get_pblocks {CLKAG_udp_drive_inst/master_wrapper_inst/tri_mode_ethernet_mac_i/inst/tri_mode_ethernet_mac_support_clocking_i/gtx_clk90_out}] -add {CLOCKREGION_X1Y2:CLOCKREGION_X1Y2}
#endgroup

# Clock net "udp_drive_inst/master_wrapper_inst/tri_mode_ethernet_mac_i/inst/tri_mode_ethernet_mac_i/rgmii_interface/rx_axi_clk" driven by instance "udp_drive_inst/master_wrapper_inst/tri_mode_ethernet_mac_i/inst/tri_mode_ethernet_mac_i/rgmii_interface/bufr_rgmii_rx_clk" located at site "BUFR_X1Y9"
#startgroup
create_pblock {CLKAG_udp_drive_inst/master_wrapper_inst/tri_mode_ethernet_mac_i/inst/tri_mode_ethernet_mac_i/rgmii_interface/rx_axi_clk}
add_cells_to_pblock [get_pblocks  {CLKAG_udp_drive_inst/master_wrapper_inst/tri_mode_ethernet_mac_i/inst/tri_mode_ethernet_mac_i/rgmii_interface/rx_axi_clk}] [get_cells -filter { PRIMITIVE_GROUP != I/O && IS_PRIMITIVE==1 && PRIMITIVE_LEVEL !=INTERNAL } -of_object [get_pins -filter {DIRECTION==IN} -of_objects [get_nets -hierarchical -filter {PARENT=="udp_drive_inst/master_wrapper_inst/tri_mode_ethernet_mac_i/inst/tri_mode_ethernet_mac_i/rgmii_interface/rx_axi_clk"}]]]
resize_pblock [get_pblocks {CLKAG_udp_drive_inst/master_wrapper_inst/tri_mode_ethernet_mac_i/inst/tri_mode_ethernet_mac_i/rgmii_interface/rx_axi_clk}] -add {CLOCKREGION_X1Y2:CLOCKREGION_X1Y2}
#endgroup

# Clock net "mclk_rst_module_inst/clk_wiz_mclk/inst/clk_out7" driven by instance "mclk_rst_module_inst/clk_wiz_mclk/inst/clkout7_buf" located at site "BUFGCTRL_X0Y7"
#startgroup
create_pblock {CLKAG_mclk_rst_module_inst/clk_wiz_mclk/inst/clk_out7}
add_cells_to_pblock [get_pblocks  {CLKAG_mclk_rst_module_inst/clk_wiz_mclk/inst/clk_out7}] [get_cells -filter { PRIMITIVE_GROUP != I/O && IS_PRIMITIVE==1 && PRIMITIVE_LEVEL !=INTERNAL } -of_object [get_pins -filter {DIRECTION==IN} -of_objects [get_nets -hierarchical -filter {PARENT=="mclk_rst_module_inst/clk_wiz_mclk/inst/clk_out7"}]]]
resize_pblock [get_pblocks {CLKAG_mclk_rst_module_inst/clk_wiz_mclk/inst/clk_out7}] -add {CLOCKREGION_X1Y3:CLOCKREGION_X1Y3}
#endgroup

# Clock net "mclk_rst_module_inst/clk_wiz_mclk/inst/clk_out6" driven by instance "mclk_rst_module_inst/clk_wiz_mclk/inst/clkout6_buf" located at site "BUFGCTRL_X0Y8"
#startgroup
create_pblock {CLKAG_mclk_rst_module_inst/clk_wiz_mclk/inst/clk_out6}
add_cells_to_pblock [get_pblocks  {CLKAG_mclk_rst_module_inst/clk_wiz_mclk/inst/clk_out6}] [get_cells -filter { PRIMITIVE_GROUP != I/O && IS_PRIMITIVE==1 && PRIMITIVE_LEVEL !=INTERNAL } -of_object [get_pins -filter {DIRECTION==IN} -of_objects [get_nets -hierarchical -filter {PARENT=="mclk_rst_module_inst/clk_wiz_mclk/inst/clk_out6"}]]]
resize_pblock [get_pblocks {CLKAG_mclk_rst_module_inst/clk_wiz_mclk/inst/clk_out6}] -add {CLOCKREGION_X0Y2:CLOCKREGION_X0Y2 CLOCKREGION_X1Y4:CLOCKREGION_X1Y4}
#endgroup

# Clock net "mclk_rst_module_inst/clk_wiz_mclk/inst/clk_out5" driven by instance "mclk_rst_module_inst/clk_wiz_mclk/inst/clkout5_buf" located at site "BUFGCTRL_X0Y6"
#startgroup
create_pblock {CLKAG_mclk_rst_module_inst/clk_wiz_mclk/inst/clk_out5}
add_cells_to_pblock [get_pblocks  {CLKAG_mclk_rst_module_inst/clk_wiz_mclk/inst/clk_out5}] [get_cells -filter { PRIMITIVE_GROUP != I/O && IS_PRIMITIVE==1 && PRIMITIVE_LEVEL !=INTERNAL && NAME!=udp_drive_inst/master_wrapper_inst/tri_mode_ethernet_mac_i/inst/tri_mode_ethernet_mac_support_clocking_i/mmcm_adv_inst} -of_object [get_pins -filter {DIRECTION==IN} -of_objects [get_nets -hierarchical -filter {PARENT=="mclk_rst_module_inst/clk_wiz_mclk/inst/clk_out5"}]]]
resize_pblock [get_pblocks {CLKAG_mclk_rst_module_inst/clk_wiz_mclk/inst/clk_out5}] -add {CLOCKREGION_X1Y2:CLOCKREGION_X1Y2 CLOCKREGION_X1Y3:CLOCKREGION_X1Y3}
#endgroup

# Clock net "mclk_rst_module_inst/clk_wiz_mclk/inst/clk_out3" driven by instance "mclk_rst_module_inst/clk_wiz_mclk/inst/clkout3_buf" located at site "BUFGCTRL_X0Y1"
#startgroup
create_pblock {CLKAG_mclk_rst_module_inst/clk_wiz_mclk/inst/clk_out3}
add_cells_to_pblock [get_pblocks  {CLKAG_mclk_rst_module_inst/clk_wiz_mclk/inst/clk_out3}] [get_cells -filter { PRIMITIVE_GROUP != I/O && IS_PRIMITIVE==1 && PRIMITIVE_LEVEL !=INTERNAL && NAME!=ddr3_cache_module_inst/ddr3_module_inst/mig_7series_0_inst/u_mig_7series_0_mig/u_ddr3_infrastructure/plle2_i} -of_object [get_pins -filter {DIRECTION==IN} -of_objects [get_nets -hierarchical -filter {PARENT=="mclk_rst_module_inst/clk_wiz_mclk/inst/clk_out3"}]]]
resize_pblock [get_pblocks {CLKAG_mclk_rst_module_inst/clk_wiz_mclk/inst/clk_out3}] -add {CLOCKREGION_X0Y2:CLOCKREGION_X0Y2 CLOCKREGION_X0Y3:CLOCKREGION_X0Y3 CLOCKREGION_X0Y4:CLOCKREGION_X0Y4 CLOCKREGION_X1Y2:CLOCKREGION_X1Y2}
#endgroup

# Clock net "mclk_rst_module_inst/clk_wiz_mclk/inst/clk_out2" driven by instance "mclk_rst_module_inst/clk_wiz_mclk/inst/clkout2_buf" located at site "BUFGCTRL_X0Y4"
#startgroup
create_pblock {CLKAG_mclk_rst_module_inst/clk_wiz_mclk/inst/clk_out2}
add_cells_to_pblock [get_pblocks  {CLKAG_mclk_rst_module_inst/clk_wiz_mclk/inst/clk_out2}] [get_cells -filter { PRIMITIVE_GROUP != I/O && IS_PRIMITIVE==1 && PRIMITIVE_LEVEL !=INTERNAL } -of_object [get_pins -filter {DIRECTION==IN} -of_objects [get_nets -hierarchical -filter {PARENT=="mclk_rst_module_inst/clk_wiz_mclk/inst/clk_out2"}]]]
resize_pblock [get_pblocks {CLKAG_mclk_rst_module_inst/clk_wiz_mclk/inst/clk_out2}] -add {CLOCKREGION_X0Y2:CLOCKREGION_X0Y2 CLOCKREGION_X0Y3:CLOCKREGION_X0Y3 CLOCKREGION_X1Y2:CLOCKREGION_X1Y2 CLOCKREGION_X1Y3:CLOCKREGION_X1Y3 CLOCKREGION_X1Y4:CLOCKREGION_X1Y4}
#endgroup

# Clock net "mclk_rst_module_inst/clk_wiz_mclk/inst/clk_out1" driven by instance "mclk_rst_module_inst/clk_wiz_mclk/inst/clkout1_buf" located at site "BUFGCTRL_X0Y3"
#startgroup
create_pblock {CLKAG_mclk_rst_module_inst/clk_wiz_mclk/inst/clk_out1}
add_cells_to_pblock [get_pblocks  {CLKAG_mclk_rst_module_inst/clk_wiz_mclk/inst/clk_out1}] [get_cells -filter { PRIMITIVE_GROUP != I/O && IS_PRIMITIVE==1 && PRIMITIVE_LEVEL !=INTERNAL } -of_object [get_pins -filter {DIRECTION==IN} -of_objects [get_nets -hierarchical -filter {PARENT=="mclk_rst_module_inst/clk_wiz_mclk/inst/clk_out1"}]]]
resize_pblock [get_pblocks {CLKAG_mclk_rst_module_inst/clk_wiz_mclk/inst/clk_out1}] -add {CLOCKREGION_X0Y2:CLOCKREGION_X0Y2 CLOCKREGION_X0Y3:CLOCKREGION_X0Y3 CLOCKREGION_X0Y4:CLOCKREGION_X0Y4 CLOCKREGION_X1Y2:CLOCKREGION_X1Y2 CLOCKREGION_X1Y3:CLOCKREGION_X1Y3 CLOCKREGION_X1Y4:CLOCKREGION_X1Y4}
#endgroup

# Clock net "iw_SYS_CLK_IBUF_BUFG" driven by instance "iw_SYS_CLK_IBUF_BUFG_inst" located at site "BUFGCTRL_X0Y17"
#startgroup
create_pblock {CLKAG_iw_SYS_CLK_IBUF_BUFG}
add_cells_to_pblock [get_pblocks  {CLKAG_iw_SYS_CLK_IBUF_BUFG}] [get_cells -filter { PRIMITIVE_GROUP != I/O && IS_PRIMITIVE==1 && PRIMITIVE_LEVEL !=INTERNAL && NAME!=mclk_rst_module_inst/clk_wiz_mclk/inst/mmcm_adv_inst} -of_object [get_pins -filter {DIRECTION==IN} -of_objects [get_nets -hierarchical -filter {PARENT=="iw_SYS_CLK_IBUF_BUFG"}]]]
resize_pblock [get_pblocks {CLKAG_iw_SYS_CLK_IBUF_BUFG}] -add {CLOCKREGION_X0Y2:CLOCKREGION_X0Y2}
#endgroup

# Clock net "ddr3_cache_module_inst/ddr3_module_inst/mig_7series_0_inst/u_mig_7series_0_mig/u_ddr3_infrastructure/CLK" driven by instance "ddr3_cache_module_inst/ddr3_module_inst/mig_7series_0_inst/u_mig_7series_0_mig/u_ddr3_infrastructure/u_bufg_clkdiv0" located at site "BUFGCTRL_X0Y16"
#startgroup
create_pblock {CLKAG_ddr3_cache_module_inst/ddr3_module_inst/mig_7series_0_inst/u_mig_7series_0_mig/u_ddr3_infrastructure/CLK}
add_cells_to_pblock [get_pblocks  {CLKAG_ddr3_cache_module_inst/ddr3_module_inst/mig_7series_0_inst/u_mig_7series_0_mig/u_ddr3_infrastructure/CLK}] [get_cells -filter { PRIMITIVE_GROUP != I/O && IS_PRIMITIVE==1 && PRIMITIVE_LEVEL !=INTERNAL && NAME!=ddr3_cache_module_inst/ddr3_module_inst/mig_7series_0_inst/u_mig_7series_0_mig/u_ddr3_infrastructure/gen_mmcm.mmcm_i} -of_object [get_pins -filter {DIRECTION==IN} -of_objects [get_nets -hierarchical -filter {PARENT=="ddr3_cache_module_inst/ddr3_module_inst/mig_7series_0_inst/u_mig_7series_0_mig/u_ddr3_infrastructure/CLK"}]]]
resize_pblock [get_pblocks {CLKAG_ddr3_cache_module_inst/ddr3_module_inst/mig_7series_0_inst/u_mig_7series_0_mig/u_ddr3_infrastructure/CLK}] -add {CLOCKREGION_X0Y2:CLOCKREGION_X0Y2 CLOCKREGION_X0Y3:CLOCKREGION_X0Y3 CLOCKREGION_X0Y4:CLOCKREGION_X0Y4}
#endgroup

# Clock net "dbg_hub/inst/BSCANID.u_xsdbm_id/itck_i" driven by instance "dbg_hub/inst/BSCANID.u_xsdbm_id/SWITCH_N_EXT_BSCAN.u_bufg_icon_tck" located at site "BUFGCTRL_X0Y5"
#startgroup
create_pblock {CLKAG_dbg_hub/inst/BSCANID.u_xsdbm_id/itck_i}
add_cells_to_pblock [get_pblocks  {CLKAG_dbg_hub/inst/BSCANID.u_xsdbm_id/itck_i}] [get_cells -filter { PRIMITIVE_GROUP != I/O && IS_PRIMITIVE==1 && PRIMITIVE_LEVEL !=INTERNAL } -of_object [get_pins -filter {DIRECTION==IN} -of_objects [get_nets -hierarchical -filter {PARENT=="dbg_hub/inst/BSCANID.u_xsdbm_id/itck_i"}]]]
resize_pblock [get_pblocks {CLKAG_dbg_hub/inst/BSCANID.u_xsdbm_id/itck_i}] -add {CLOCKREGION_X0Y3:CLOCKREGION_X0Y3 CLOCKREGION_X1Y3:CLOCKREGION_X1Y3}
#endgroup
