Copyright 1986-2020 Xilinx, Inc. All Rights Reserved.
------------------------------------------------------------------------------------
| Tool Version : Vivado v.2020.2 (win64) Build 3064766 Wed Nov 18 09:12:45 MST 2020
| Date         : Mon May 18 09:06:12 2026
| Host         : salad running 64-bit major release  (build 9200)
| Command      : upgrade_ip
| Device       : xc7a200tfbg484-2
------------------------------------------------------------------------------------

Upgrade Log for IP 'vio_dna'

1. Summary
----------

SUCCESS in the conversion of vio_dna (xilinx.com:ip:vio:3.0 (Rev. 19)) to Vivado generation flows.






Copyright 1986-2020 Xilinx, Inc. All Rights Reserved.
------------------------------------------------------------------------------------
| Tool Version : Vivado v.2020.2 (win64) Build 3064766 Wed Nov 18 09:12:45 MST 2020
| Date         : Mon May 18 09:06:10 2026
| Host         : salad running 64-bit major release  (build 9200)
| Command      : upgrade_ip
| Device       : xc7a200tfbg484-2
------------------------------------------------------------------------------------

Upgrade Log for IP 'vio_FMC'

1. Summary
----------

SUCCESS in the conversion of vio_FMC (xilinx.com:ip:vio:3.0 (Rev. 19)) to Vivado generation flows.






Copyright 1986-2020 Xilinx, Inc. All Rights Reserved.
------------------------------------------------------------------------------------
| Tool Version : Vivado v.2020.2 (win64) Build 3064766 Wed Nov 18 09:12:45 MST 2020
| Date         : Mon May 18 09:06:09 2026
| Host         : salad running 64-bit major release  (build 9200)
| Command      : upgrade_ip
| Device       : xc7a200tfbg484-2
------------------------------------------------------------------------------------

Upgrade Log for IP 'uart_fifo'

1. Summary
----------

SUCCESS in the conversion of uart_fifo (xilinx.com:ip:fifo_generator:13.2 (Rev. 5)) to Vivado generation flows.






Copyright 1986-2020 Xilinx, Inc. All Rights Reserved.
------------------------------------------------------------------------------------
| Tool Version : Vivado v.2020.2 (win64) Build 3064766 Wed Nov 18 09:12:45 MST 2020
| Date         : Mon May 18 09:06:08 2026
| Host         : salad running 64-bit major release  (build 9200)
| Command      : upgrade_ip
| Device       : xc7a200tfbg484-2
------------------------------------------------------------------------------------

Upgrade Log for IP 'tri_mode_ethernet_mac_0'

1. Summary
----------

SUCCESS in the conversion of tri_mode_ethernet_mac_0 (xilinx.com:ip:tri_mode_ethernet_mac:9.0 (Rev. 17)) to Vivado generation flows.






Copyright 1986-2020 Xilinx, Inc. All Rights Reserved.
------------------------------------------------------------------------------------
| Tool Version : Vivado v.2020.2 (win64) Build 3064766 Wed Nov 18 09:12:45 MST 2020
| Date         : Mon May 18 09:06:06 2026
| Host         : salad running 64-bit major release  (build 9200)
| Command      : upgrade_ip
| Device       : xc7a200tfbg484-2
------------------------------------------------------------------------------------

Upgrade Log for IP 'mig_7series_0'

1. Summary
----------

SUCCESS in the conversion of mig_7series_0 (xilinx.com:ip:mig_7series:4.2 (Rev. 1)) to Vivado generation flows.






Copyright 1986-2020 Xilinx, Inc. All Rights Reserved.
------------------------------------------------------------------------------------
| Tool Version : Vivado v.2020.2 (win64) Build 3064766 Wed Nov 18 09:12:45 MST 2020
| Date         : Mon May 18 09:05:55 2026
| Host         : salad running 64-bit major release  (build 9200)
| Command      : upgrade_ip
| Device       : xc7a200tfbg484-2
------------------------------------------------------------------------------------

Upgrade Log for IP 'fifo_ddr3_wr'

1. Summary
----------

SUCCESS in the conversion of fifo_ddr3_wr (xilinx.com:ip:fifo_generator:13.2 (Rev. 5)) to Vivado generation flows.






Copyright 1986-2020 Xilinx, Inc. All Rights Reserved.
------------------------------------------------------------------------------------
| Tool Version : Vivado v.2020.2 (win64) Build 3064766 Wed Nov 18 09:12:45 MST 2020
| Date         : Mon May 18 09:05:55 2026
| Host         : salad running 64-bit major release  (build 9200)
| Command      : upgrade_ip
| Device       : xc7a200tfbg484-2
------------------------------------------------------------------------------------

Upgrade Log for IP 'fifo_ddr3_rd'

1. Summary
----------

SUCCESS in the conversion of fifo_ddr3_rd (xilinx.com:ip:fifo_generator:13.2 (Rev. 5)) to Vivado generation flows.






Copyright 1986-2020 Xilinx, Inc. All Rights Reserved.
------------------------------------------------------------------------------------
| Tool Version : Vivado v.2020.2 (win64) Build 3064766 Wed Nov 18 09:12:45 MST 2020
| Date         : Mon May 18 09:05:54 2026
| Host         : salad running 64-bit major release  (build 9200)
| Command      : upgrade_ip
| Device       : xc7a200tfbg484-2
------------------------------------------------------------------------------------

Upgrade Log for IP 'fifo_bits_cov'

1. Summary
----------

SUCCESS in the conversion of fifo_bits_cov (xilinx.com:ip:fifo_generator:13.2 (Rev. 5)) to Vivado generation flows.






Copyright 1986-2020 Xilinx, Inc. All Rights Reserved.
------------------------------------------------------------------------------------
| Tool Version : Vivado v.2020.2 (win64) Build 3064766 Wed Nov 18 09:12:45 MST 2020
| Date         : Mon May 18 09:05:53 2026
| Host         : salad running 64-bit major release  (build 9200)
| Command      : upgrade_ip
| Device       : xc7a200tfbg484-2
------------------------------------------------------------------------------------

Upgrade Log for IP 'fifo_bit_cov'

1. Summary
----------

SUCCESS in the conversion of fifo_bit_cov (xilinx.com:ip:fifo_generator:13.2 (Rev. 5)) to Vivado generation flows.






Copyright 1986-2020 Xilinx, Inc. All Rights Reserved.
------------------------------------------------------------------------------------
| Tool Version : Vivado v.2020.2 (win64) Build 3064766 Wed Nov 18 09:12:45 MST 2020
| Date         : Mon May 18 09:05:52 2026
| Host         : salad running 64-bit major release  (build 9200)
| Command      : upgrade_ip
| Device       : xc7a200tfbg484-2
------------------------------------------------------------------------------------

Upgrade Log for IP 'fifo_72x512'

1. Summary
----------

SUCCESS in the conversion of fifo_72x512 (xilinx.com:ip:fifo_generator:13.2 (Rev. 5)) to Vivado generation flows.






Copyright 1986-2020 Xilinx, Inc. All Rights Reserved.
------------------------------------------------------------------------------------
| Tool Version : Vivado v.2020.2 (win64) Build 3064766 Wed Nov 18 09:12:45 MST 2020
| Date         : Mon May 18 09:05:51 2026
| Host         : salad running 64-bit major release  (build 9200)
| Command      : upgrade_ip
| Device       : xc7a200tfbg484-2
------------------------------------------------------------------------------------

Upgrade Log for IP 'clk_wiz_mclk'

1. Summary
----------

SUCCESS in the conversion of clk_wiz_mclk (xilinx.com:ip:clk_wiz:6.0 (Rev. 6)) to Vivado generation flows.






Copyright 1986-2020 Xilinx, Inc. All Rights Reserved.
------------------------------------------------------------------------------------
| Tool Version : Vivado v.2020.2 (win64) Build 3064766 Wed Nov 18 09:12:45 MST 2020
| Date         : Mon May 18 09:05:49 2026
| Host         : salad running 64-bit major release  (build 9200)
| Command      : upgrade_ip
| Device       : xc7a200tfbg484-2
------------------------------------------------------------------------------------

Upgrade Log for IP 'axis_dwidth_converter_1'

1. Summary
----------

SUCCESS in the conversion of axis_dwidth_converter_1 (xilinx.com:ip:axis_dwidth_converter:1.1 (Rev. 21)) to Vivado generation flows.






Copyright 1986-2020 Xilinx, Inc. All Rights Reserved.
------------------------------------------------------------------------------------
| Tool Version : Vivado v.2020.2 (win64) Build 3064766 Wed Nov 18 09:12:45 MST 2020
| Date         : Mon May 18 09:05:48 2026
| Host         : salad running 64-bit major release  (build 9200)
| Command      : upgrade_ip
| Device       : xc7a200tfbg484-2
------------------------------------------------------------------------------------

Upgrade Log for IP 'axis_dwidth_converter_0'

1. Summary
----------

SUCCESS in the conversion of axis_dwidth_converter_0 (xilinx.com:ip:axis_dwidth_converter:1.1 (Rev. 21)) to Vivado generation flows.






Copyright 1986-2020 Xilinx, Inc. All Rights Reserved.
------------------------------------------------------------------------------------
| Tool Version : Vivado v.2020.2 (win64) Build 3064766 Wed Nov 18 09:12:45 MST 2020
| Date         : Mon May 18 09:05:47 2026
| Host         : salad running 64-bit major release  (build 9200)
| Command      : upgrade_ip
| Device       : xc7a200tfbg484-2
------------------------------------------------------------------------------------

Upgrade Log for IP 'axis_data_fifo_1'

1. Summary
----------

SUCCESS in the conversion of axis_data_fifo_1 (xilinx.com:ip:axis_data_fifo:2.0 (Rev. 4)) to Vivado generation flows.






Copyright 1986-2020 Xilinx, Inc. All Rights Reserved.
------------------------------------------------------------------------------------
| Tool Version : Vivado v.2020.2 (win64) Build 3064766 Wed Nov 18 09:12:45 MST 2020
| Date         : Mon May 18 09:05:46 2026
| Host         : salad running 64-bit major release  (build 9200)
| Command      : upgrade_ip
| Device       : xc7a200tfbg484-2
------------------------------------------------------------------------------------

Upgrade Log for IP 'axis_data_fifo_0'

1. Summary
----------

SUCCESS in the conversion of axis_data_fifo_0 (xilinx.com:ip:axis_data_fifo:2.0 (Rev. 4)) to Vivado generation flows.

