#-----------------------------------------------------------
# Vivado v2020.2 (64-bit)
# SW Build 3064766 on Wed Nov 18 09:12:45 MST 2020
# IP Build 3064653 on Wed Nov 18 14:17:31 MST 2020
# Start of session at: Thu May 21 08:48:35 2026
# Process ID: 2080
# Current directory: D:/Documents/FPGA_RTL/KX7A100/KX7A200
# Command line: vivado.exe -gui_launcher_event rodinguilauncherevent6892 D:\Documents\FPGA_RTL\KX7A100\KX7A200\KX7A100.xpr
# Log file: D:/Documents/FPGA_RTL/KX7A100/KX7A200/vivado.log
# Journal file: D:/Documents/FPGA_RTL/KX7A100/KX7A200\vivado.jou
#-----------------------------------------------------------
Sourcing tcl script 'C:/Xilinx/Vivado/2020.2/scripts/Vivado_init.tcl'
start_gui
open_project D:/Documents/FPGA_RTL/KX7A100/KX7A200/KX7A100.xpr
Scanning sources...
Finished scanning sources
INFO: [IP_Flow 19-234] Refreshing IP repositories
INFO: [IP_Flow 19-1704] No user IP repositories specified
INFO: [IP_Flow 19-2313] Loaded Vivado IP repository 'C:/Xilinx/Vivado/2020.2/data/ip'.
open_project: Time (s): cpu = 00:00:03 ; elapsed = 00:00:11 . Memory (MB): peak = 1125.355 ; gain = 0.000
update_compile_order -fileset sources_1
exit
INFO: [Common 17-206] Exiting Vivado at Thu May 21 09:29:38 2026...
