#-----------------------------------------------------------
# Vivado v2020.2 (64-bit)
# SW Build 3064766 on Wed Nov 18 09:12:45 MST 2020
# IP Build 3064653 on Wed Nov 18 14:17:31 MST 2020
# Start of session at: Mon May 18 08:58:27 2026
# Process ID: 16012
# Current directory: D:/Documents/FPGA_RTL/KX7A100/KX7A200
# Command line: vivado.exe -gui_launcher_event rodinguilauncherevent23316 D:\Documents\FPGA_RTL\KX7A100\KX7A200\KX7A100.xpr
# Log file: D:/Documents/FPGA_RTL/KX7A100/KX7A200/vivado.log
# Journal file: D:/Documents/FPGA_RTL/KX7A100/KX7A200\vivado.jou
#-----------------------------------------------------------
Sourcing tcl script 'C:/Xilinx/Vivado/2020.2/scripts/Vivado_init.tcl'
start_gui
open_project D:/Documents/FPGA_RTL/KX7A100/KX7A200/KX7A100.xpr
INFO: [Project 1-313] Project file moved from 'D:/Documents/FPGA_RTL/KX7A100/KX7A100' since last save.
Scanning sources...
Finished scanning sources
INFO: [IP_Flow 19-234] Refreshing IP repositories
INFO: [IP_Flow 19-1704] No user IP repositories specified
INFO: [IP_Flow 19-2313] Loaded Vivado IP repository 'C:/Xilinx/Vivado/2020.2/data/ip'.
open_project: Time (s): cpu = 00:00:09 ; elapsed = 00:00:13 . Memory (MB): peak = 1129.703 ; gain = 3.715
update_compile_order -fileset sources_1
exit
INFO: [Common 17-206] Exiting Vivado at Mon May 18 09:00:15 2026...
