#-----------------------------------------------------------
# Vivado v2020.2 (64-bit)
# SW Build 3064766 on Wed Nov 18 09:12:45 MST 2020
# IP Build 3064653 on Wed Nov 18 14:17:31 MST 2020
# Start of session at: Mon May 18 09:00:24 2026
# Process ID: 13860
# Current directory: D:/Documents/FPGA_RTL/KX7A100/KX7A200
# Command line: vivado.exe -gui_launcher_event rodinguilauncherevent1764 D:\Documents\FPGA_RTL\KX7A100\KX7A200\KX7A100.xpr
# Log file: D:/Documents/FPGA_RTL/KX7A100/KX7A200/vivado.log
# Journal file: D:/Documents/FPGA_RTL/KX7A100/KX7A200\vivado.jou
#-----------------------------------------------------------
Sourcing tcl script 'C:/Xilinx/Vivado/2020.2/scripts/Vivado_init.tcl'
start_gui
open_project D:/Documents/FPGA_RTL/KX7A100/KX7A200/KX7A100.xpr
INFO: [Project 1-313] Project file moved from 'D:/Documents/FPGA_RTL/KX7A100/KX7A100' since last save.
Scanning sources...
Finished scanning sources
INFO: [IP_Flow 19-234] Refreshing IP repositories
INFO: [IP_Flow 19-1704] No user IP repositories specified
INFO: [IP_Flow 19-2313] Loaded Vivado IP repository 'C:/Xilinx/Vivado/2020.2/data/ip'.
open_project: Time (s): cpu = 00:00:03 ; elapsed = 00:00:09 . Memory (MB): peak = 1146.922 ; gain = 20.375
update_compile_order -fileset sources_1
copy_run -name synth_1_copy_2 [get_runs synth_1] 
synth_1_copy_2
set_property part xc7a200tfbg484-2 [current_project]
WARNING: [IP_Flow 19-2162] IP 'mig_7series_0' is locked:
* Current project part 'xc7a200tfbg484-2' and the part 'xc7a100tfgg484-2' used to customize the IP 'mig_7series_0' do not match.
WARNING: [IP_Flow 19-2162] IP 'clk_wiz_mclk' is locked:
* Current project part 'xc7a200tfbg484-2' and the part 'xc7a100tfgg484-2' used to customize the IP 'clk_wiz_mclk' do not match.
WARNING: [IP_Flow 19-2162] IP 'fifo_bit_cov' is locked:
* Current project part 'xc7a200tfbg484-2' and the part 'xc7a100tfgg484-2' used to customize the IP 'fifo_bit_cov' do not match.
WARNING: [IP_Flow 19-2162] IP 'uart_fifo' is locked:
* Current project part 'xc7a200tfbg484-2' and the part 'xc7a100tfgg484-2' used to customize the IP 'uart_fifo' do not match.
WARNING: [IP_Flow 19-2162] IP 'fifo_ddr3_wr' is locked:
* Current project part 'xc7a200tfbg484-2' and the part 'xc7a100tfgg484-2' used to customize the IP 'fifo_ddr3_wr' do not match.
WARNING: [IP_Flow 19-2162] IP 'fifo_bits_cov' is locked:
* Current project part 'xc7a200tfbg484-2' and the part 'xc7a100tfgg484-2' used to customize the IP 'fifo_bits_cov' do not match.
WARNING: [IP_Flow 19-2162] IP 'fifo_ddr3_rd' is locked:
* Current project part 'xc7a200tfbg484-2' and the part 'xc7a100tfgg484-2' used to customize the IP 'fifo_ddr3_rd' do not match.
WARNING: [IP_Flow 19-2162] IP 'fifo_72x512' is locked:
* Current project part 'xc7a200tfbg484-2' and the part 'xc7a100tfgg484-2' used to customize the IP 'fifo_72x512' do not match.
WARNING: [IP_Flow 19-2162] IP 'axis_dwidth_converter_1' is locked:
* Current project part 'xc7a200tfbg484-2' and the part 'xc7a100tfgg484-2' used to customize the IP 'axis_dwidth_converter_1' do not match.
WARNING: [IP_Flow 19-2162] IP 'tri_mode_ethernet_mac_0' is locked:
* Current project part 'xc7a200tfbg484-2' and the part 'xc7a100tfgg484-2' used to customize the IP 'tri_mode_ethernet_mac_0' do not match.
WARNING: [IP_Flow 19-2162] IP 'axis_dwidth_converter_0' is locked:
* Current project part 'xc7a200tfbg484-2' and the part 'xc7a100tfgg484-2' used to customize the IP 'axis_dwidth_converter_0' do not match.
WARNING: [IP_Flow 19-2162] IP 'axis_data_fifo_0' is locked:
* Current project part 'xc7a200tfbg484-2' and the part 'xc7a100tfgg484-2' used to customize the IP 'axis_data_fifo_0' do not match.
WARNING: [IP_Flow 19-2162] IP 'axis_data_fifo_1' is locked:
* Current project part 'xc7a200tfbg484-2' and the part 'xc7a100tfgg484-2' used to customize the IP 'axis_data_fifo_1' do not match.
WARNING: [IP_Flow 19-2162] IP 'vio_dna' is locked:
* Current project part 'xc7a200tfbg484-2' and the part 'xc7a100tfgg484-2' used to customize the IP 'vio_dna' do not match.
WARNING: [IP_Flow 19-2162] IP 'vio_FMC' is locked:
* Current project part 'xc7a200tfbg484-2' and the part 'xc7a100tfgg484-2' used to customize the IP 'vio_FMC' do not match.
report_ip_status -name ip_status 
upgrade_ip -srcset axis_data_fifo_0 [get_ips  {axis_data_fifo_0 axis_data_fifo_1 axis_dwidth_converter_0 axis_dwidth_converter_1 clk_wiz_mclk fifo_72x512 fifo_bit_cov fifo_bits_cov fifo_ddr3_rd fifo_ddr3_wr mig_7series_0 tri_mode_ethernet_mac_0 uart_fifo vio_FMC vio_dna}] -log ip_upgrade.log
Upgrading 'axis_data_fifo_0'
INFO: [Project 1-386] Moving file 'D:/Documents/FPGA_RTL/KX7A100/KX7A200/KX7A100.srcs/sources_1/ip/axis_data_fifo_0/axis_data_fifo_0.xci' from fileset 'axis_data_fifo_0' to fileset 'sources_1'.
INFO: [IP_Flow 19-3420] Updated axis_data_fifo_0 to use current project options
INFO: [IP_Flow 19-1686] Generating 'Instantiation Template' target for IP 'axis_data_fifo_0'...
Upgrading 'axis_data_fifo_1'
INFO: [Project 1-386] Moving file 'D:/Documents/FPGA_RTL/KX7A100/KX7A200/KX7A100.srcs/sources_1/ip/axis_data_fifo_1/axis_data_fifo_1.xci' from fileset 'axis_data_fifo_1' to fileset 'sources_1'.
INFO: [IP_Flow 19-3420] Updated axis_data_fifo_1 to use current project options
INFO: [IP_Flow 19-1686] Generating 'Instantiation Template' target for IP 'axis_data_fifo_1'...
Upgrading 'axis_dwidth_converter_0'
INFO: [Project 1-386] Moving file 'D:/Documents/FPGA_RTL/KX7A100/KX7A200/KX7A100.srcs/sources_1/ip/axis_dwidth_converter_0/axis_dwidth_converter_0.xci' from fileset 'axis_dwidth_converter_0' to fileset 'sources_1'.
INFO: [IP_Flow 19-3420] Updated axis_dwidth_converter_0 to use current project options
INFO: [IP_Flow 19-1686] Generating 'Instantiation Template' target for IP 'axis_dwidth_converter_0'...
Upgrading 'axis_dwidth_converter_1'
INFO: [Project 1-386] Moving file 'D:/Documents/FPGA_RTL/KX7A100/KX7A200/KX7A100.srcs/sources_1/ip/axis_dwidth_converter_1/axis_dwidth_converter_1.xci' from fileset 'axis_dwidth_converter_1' to fileset 'sources_1'.
INFO: [IP_Flow 19-3420] Updated axis_dwidth_converter_1 to use current project options
INFO: [IP_Flow 19-1686] Generating 'Instantiation Template' target for IP 'axis_dwidth_converter_1'...
Upgrading 'clk_wiz_mclk'
INFO: [Project 1-386] Moving file 'D:/Documents/FPGA_RTL/KX7A100/KX7A200/KX7A100.srcs/sources_1/ip/clk_wiz_mclk/clk_wiz_mclk.xci' from fileset 'clk_wiz_mclk' to fileset 'sources_1'.
INFO: [IP_Flow 19-3420] Updated clk_wiz_mclk to use current project options
INFO: [IP_Flow 19-1686] Generating 'Instantiation Template' target for IP 'clk_wiz_mclk'...
Upgrading 'fifo_72x512'
INFO: [Project 1-386] Moving file 'D:/Documents/FPGA_RTL/KX7A100/KX7A200/KX7A100.srcs/sources_1/ip/fifo_72x512/fifo_72x512.xci' from fileset 'fifo_72x512' to fileset 'sources_1'.
INFO: [IP_Flow 19-3420] Updated fifo_72x512 to use current project options
INFO: [IP_Flow 19-1686] Generating 'Instantiation Template' target for IP 'fifo_72x512'...
Upgrading 'fifo_bit_cov'
INFO: [Project 1-386] Moving file 'D:/Documents/FPGA_RTL/KX7A100/KX7A200/KX7A100.srcs/sources_1/ip/fifo_bit_cov/fifo_bit_cov.xci' from fileset 'fifo_bit_cov' to fileset 'sources_1'.
INFO: [IP_Flow 19-3420] Updated fifo_bit_cov to use current project options
INFO: [IP_Flow 19-1686] Generating 'Instantiation Template' target for IP 'fifo_bit_cov'...
Upgrading 'fifo_bits_cov'
INFO: [Project 1-386] Moving file 'D:/Documents/FPGA_RTL/KX7A100/KX7A200/KX7A100.srcs/sources_1/ip/fifo_bits_cov/fifo_bits_cov.xci' from fileset 'fifo_bits_cov' to fileset 'sources_1'.
INFO: [IP_Flow 19-3420] Updated fifo_bits_cov to use current project options
INFO: [IP_Flow 19-1686] Generating 'Instantiation Template' target for IP 'fifo_bits_cov'...
Upgrading 'fifo_ddr3_rd'
INFO: [Project 1-386] Moving file 'D:/Documents/FPGA_RTL/KX7A100/KX7A200/KX7A100.srcs/sources_1/ip/fifo_ddr3_rd/fifo_ddr3_rd.xci' from fileset 'fifo_ddr3_rd' to fileset 'sources_1'.
INFO: [IP_Flow 19-3420] Updated fifo_ddr3_rd to use current project options
INFO: [IP_Flow 19-1686] Generating 'Instantiation Template' target for IP 'fifo_ddr3_rd'...
Upgrading 'fifo_ddr3_wr'
INFO: [Project 1-386] Moving file 'D:/Documents/FPGA_RTL/KX7A100/KX7A200/KX7A100.srcs/sources_1/ip/fifo_ddr3_wr/fifo_ddr3_wr.xci' from fileset 'fifo_ddr3_wr' to fileset 'sources_1'.
INFO: [IP_Flow 19-3420] Updated fifo_ddr3_wr to use current project options
INFO: [IP_Flow 19-1686] Generating 'Instantiation Template' target for IP 'fifo_ddr3_wr'...
Upgrading 'mig_7series_0'
INFO: [Project 1-386] Moving file 'D:/Documents/FPGA_RTL/KX7A100/KX7A200/KX7A100.srcs/sources_1/ip/mig_7series_0/mig_7series_0.xci' from fileset 'mig_7series_0' to fileset 'sources_1'.
ERROR: [xilinx.com:ip:mig_7series:4.2-0] mig_7series_0: Target FPGA device 'xc7a100t' provided in the mig project did not match with the selected FPGA device 'xc7a200t' in project settings. Please cross check the mig project loaded or review the project settings
INFO: [IP_Flow 19-3420] Updated mig_7series_0 to use current project options
INFO: [IP_Flow 19-1686] Generating 'Instantiation Template' target for IP 'mig_7series_0'...
ERROR: [xilinx.com:ip:mig_7series:4.2-0] mig_7series_0: Target FPGA device 'xc7a100t' provided in the mig project did not match with the selected FPGA device 'xc7a200t' in project settings. Please cross check the mig project loaded or review the project settings
Upgrading 'tri_mode_ethernet_mac_0'
INFO: [Project 1-386] Moving file 'D:/Documents/FPGA_RTL/KX7A100/KX7A200/KX7A100.srcs/sources_1/ip/tri_mode_ethernet_mac_0/tri_mode_ethernet_mac_0.xci' from fileset 'tri_mode_ethernet_mac_0' to fileset 'sources_1'.
INFO: [IP_Flow 19-3420] Updated tri_mode_ethernet_mac_0 to use current project options
INFO: [IP_Flow 19-1686] Generating 'Instantiation Template' target for IP 'tri_mode_ethernet_mac_0'...
Upgrading 'uart_fifo'
INFO: [Project 1-386] Moving file 'D:/Documents/FPGA_RTL/KX7A100/KX7A200/KX7A100.srcs/sources_1/ip/uart_fifo/uart_fifo.xci' from fileset 'uart_fifo' to fileset 'sources_1'.
INFO: [IP_Flow 19-3420] Updated uart_fifo to use current project options
INFO: [IP_Flow 19-1686] Generating 'Instantiation Template' target for IP 'uart_fifo'...
Upgrading 'vio_FMC'
INFO: [Project 1-386] Moving file 'D:/Documents/FPGA_RTL/KX7A100/KX7A200/KX7A100.srcs/sources_1/ip/vio_FMC/vio_FMC.xci' from fileset 'vio_FMC' to fileset 'sources_1'.
INFO: [IP_Flow 19-3420] Updated vio_FMC to use current project options
INFO: [IP_Flow 19-1686] Generating 'Instantiation Template' target for IP 'vio_FMC'...
Upgrading 'vio_dna'
INFO: [Project 1-386] Moving file 'D:/Documents/FPGA_RTL/KX7A100/KX7A200/KX7A100.srcs/sources_1/ip/vio_dna/vio_dna.xci' from fileset 'vio_dna' to fileset 'sources_1'.
INFO: [IP_Flow 19-3420] Updated vio_dna to use current project options
INFO: [IP_Flow 19-1686] Generating 'Instantiation Template' target for IP 'vio_dna'...
INFO: [Coretcl 2-1525] Wrote upgrade log to 'D:/Documents/FPGA_RTL/KX7A100/KX7A200/ip_upgrade.log'.
upgrade_ip: Time (s): cpu = 00:00:10 ; elapsed = 00:00:27 . Memory (MB): peak = 1702.414 ; gain = 369.172
export_ip_user_files -of_objects [get_ips {axis_data_fifo_0 axis_data_fifo_1 axis_dwidth_converter_0 axis_dwidth_converter_1 clk_wiz_mclk fifo_72x512 fifo_bit_cov fifo_bits_cov fifo_ddr3_rd fifo_ddr3_wr mig_7series_0 tri_mode_ethernet_mac_0 uart_fifo vio_FMC vio_dna}] -no_script -sync -force -quiet
update_compile_order -fileset sources_1
ERROR: [xilinx.com:ip:mig_7series:4.2-0] mig_7series_0: Target FPGA device 'xc7a100t' provided in the mig project did not match with the selected FPGA device 'xc7a200t' in project settings. Please cross check the mig project loaded or review the project settings
ERROR: [xilinx.com:ip:mig_7series:4.2-0] mig_7series_0: Target FPGA device 'xc7a100t' provided in the mig project did not match with the selected FPGA device 'xc7a200t' in project settings. Please cross check the mig project loaded or review the project settings
export_ip_user_files -of_objects  [get_files D:/Documents/FPGA_RTL/KX7A100/KX7A200/KX7A100.srcs/sources_1/ip/mig_7series_0/mig_7series_0.xci] -no_script -reset -force -quiet
remove_files  D:/Documents/FPGA_RTL/KX7A100/KX7A200/KX7A100.srcs/sources_1/ip/mig_7series_0/mig_7series_0.xci
file delete -force D:/Documents/FPGA_RTL/KX7A100/KX7A200/KX7A100.srcs/sources_1/ip/mig_7series_0
file delete -force d:/Documents/FPGA_RTL/KX7A100/KX7A200/KX7A100.gen/sources_1/ip/mig_7series_0
create_ip -name mig_7series -vendor xilinx.com -library ip -version 4.2 -module_name mig_7series_0
set_property -dict [list CONFIG.XML_INPUT_FILE {mig_a.prj} CONFIG.RESET_BOARD_INTERFACE {Custom} CONFIG.MIG_DONT_TOUCH_PARAM {Custom} CONFIG.BOARD_MIG_PARAM {Custom} CONFIG.SYSTEM_RESET.INSERT_VIP {0} CONFIG.CLK_REF_I.INSERT_VIP {0} CONFIG.RESET.INSERT_VIP {0} CONFIG.DDR3_RESET.INSERT_VIP {0} CONFIG.DDR2_RESET.INSERT_VIP {0} CONFIG.LPDDR2_RESET.INSERT_VIP {0} CONFIG.QDRIIP_RESET.INSERT_VIP {0} CONFIG.RLDII_RESET.INSERT_VIP {0} CONFIG.RLDIII_RESET.INSERT_VIP {0} CONFIG.CLOCK.INSERT_VIP {0} CONFIG.MMCM_CLKOUT0.INSERT_VIP {0} CONFIG.MMCM_CLKOUT1.INSERT_VIP {0} CONFIG.MMCM_CLKOUT2.INSERT_VIP {0} CONFIG.MMCM_CLKOUT3.INSERT_VIP {0} CONFIG.MMCM_CLKOUT4.INSERT_VIP {0} CONFIG.S_AXI_CTRL.INSERT_VIP {0} CONFIG.S_AXI.INSERT_VIP {0} CONFIG.SYS_CLK_I.INSERT_VIP {0} CONFIG.ARESETN.INSERT_VIP {0} CONFIG.C0_RESET.INSERT_VIP {0} CONFIG.C0_DDR3_RESET.INSERT_VIP {0} CONFIG.C0_DDR2_RESET.INSERT_VIP {0} CONFIG.C0_LPDDR2_RESET.INSERT_VIP {0} CONFIG.C0_QDRIIP_RESET.INSERT_VIP {0} CONFIG.C0_RLDII_RESET.INSERT_VIP {0} CONFIG.C0_RLDIII_RESET.INSERT_VIP {0} CONFIG.C0_CLOCK.INSERT_VIP {0} CONFIG.C0_MMCM_CLKOUT0.INSERT_VIP {0} CONFIG.C0_MMCM_CLKOUT1.INSERT_VIP {0} CONFIG.C0_MMCM_CLKOUT2.INSERT_VIP {0} CONFIG.C0_MMCM_CLKOUT3.INSERT_VIP {0} CONFIG.C0_MMCM_CLKOUT4.INSERT_VIP {0} CONFIG.S0_AXI_CTRL.INSERT_VIP {0} CONFIG.S0_AXI.INSERT_VIP {0} CONFIG.C0_SYS_CLK_I.INSERT_VIP {0} CONFIG.C0_ARESETN.INSERT_VIP {0} CONFIG.C1_RESET.INSERT_VIP {0} CONFIG.C1_DDR3_RESET.INSERT_VIP {0} CONFIG.C1_DDR2_RESET.INSERT_VIP {0} CONFIG.C1_LPDDR2_RESET.INSERT_VIP {0} CONFIG.C1_QDRIIP_RESET.INSERT_VIP {0} CONFIG.C1_RLDII_RESET.INSERT_VIP {0} CONFIG.C1_RLDIII_RESET.INSERT_VIP {0} CONFIG.C1_CLOCK.INSERT_VIP {0} CONFIG.C1_MMCM_CLKOUT0.INSERT_VIP {0} CONFIG.C1_MMCM_CLKOUT1.INSERT_VIP {0} CONFIG.C1_MMCM_CLKOUT2.INSERT_VIP {0} CONFIG.C1_MMCM_CLKOUT3.INSERT_VIP {0} CONFIG.C1_MMCM_CLKOUT4.INSERT_VIP {0} CONFIG.S1_AXI_CTRL.INSERT_VIP {0} CONFIG.S1_AXI.INSERT_VIP {0} CONFIG.C1_SYS_CLK_I.INSERT_VIP {0} CONFIG.C1_ARESETN.INSERT_VIP {0} CONFIG.C2_RESET.INSERT_VIP {0} CONFIG.C2_DDR3_RESET.INSERT_VIP {0} CONFIG.C2_DDR2_RESET.INSERT_VIP {0} CONFIG.C2_LPDDR2_RESET.INSERT_VIP {0} CONFIG.C2_QDRIIP_RESET.INSERT_VIP {0} CONFIG.C2_RLDII_RESET.INSERT_VIP {0} CONFIG.C2_RLDIII_RESET.INSERT_VIP {0} CONFIG.C2_CLOCK.INSERT_VIP {0} CONFIG.C2_MMCM_CLKOUT0.INSERT_VIP {0} CONFIG.C2_MMCM_CLKOUT1.INSERT_VIP {0} CONFIG.C2_MMCM_CLKOUT2.INSERT_VIP {0} CONFIG.C2_MMCM_CLKOUT3.INSERT_VIP {0} CONFIG.C2_MMCM_CLKOUT4.INSERT_VIP {0} CONFIG.S2_AXI_CTRL.INSERT_VIP {0} CONFIG.S2_AXI.INSERT_VIP {0} CONFIG.C2_SYS_CLK_I.INSERT_VIP {0} CONFIG.C2_ARESETN.INSERT_VIP {0} CONFIG.C3_RESET.INSERT_VIP {0} CONFIG.C3_DDR3_RESET.INSERT_VIP {0} CONFIG.C3_DDR2_RESET.INSERT_VIP {0} CONFIG.C3_LPDDR2_RESET.INSERT_VIP {0} CONFIG.C3_QDRIIP_RESET.INSERT_VIP {0} CONFIG.C3_RLDII_RESET.INSERT_VIP {0} CONFIG.C3_RLDIII_RESET.INSERT_VIP {0} CONFIG.C3_CLOCK.INSERT_VIP {0} CONFIG.C3_MMCM_CLKOUT0.INSERT_VIP {0} CONFIG.C3_MMCM_CLKOUT1.INSERT_VIP {0} CONFIG.C3_MMCM_CLKOUT2.INSERT_VIP {0} CONFIG.C3_MMCM_CLKOUT3.INSERT_VIP {0} CONFIG.C3_MMCM_CLKOUT4.INSERT_VIP {0} CONFIG.S3_AXI_CTRL.INSERT_VIP {0} CONFIG.S3_AXI.INSERT_VIP {0} CONFIG.C3_SYS_CLK_I.INSERT_VIP {0} CONFIG.C3_ARESETN.INSERT_VIP {0} CONFIG.C4_RESET.INSERT_VIP {0} CONFIG.C4_DDR3_RESET.INSERT_VIP {0} CONFIG.C4_DDR2_RESET.INSERT_VIP {0} CONFIG.C4_LPDDR2_RESET.INSERT_VIP {0} CONFIG.C4_QDRIIP_RESET.INSERT_VIP {0} CONFIG.C4_RLDII_RESET.INSERT_VIP {0} CONFIG.C4_RLDIII_RESET.INSERT_VIP {0} CONFIG.C4_CLOCK.INSERT_VIP {0} CONFIG.C4_MMCM_CLKOUT0.INSERT_VIP {0} CONFIG.C4_MMCM_CLKOUT1.INSERT_VIP {0} CONFIG.C4_MMCM_CLKOUT2.INSERT_VIP {0} CONFIG.C4_MMCM_CLKOUT3.INSERT_VIP {0} CONFIG.C4_MMCM_CLKOUT4.INSERT_VIP {0} CONFIG.S4_AXI_CTRL.INSERT_VIP {0} CONFIG.S4_AXI.INSERT_VIP {0} CONFIG.C4_SYS_CLK_I.INSERT_VIP {0} CONFIG.C4_ARESETN.INSERT_VIP {0} CONFIG.C5_RESET.INSERT_VIP {0} CONFIG.C5_DDR3_RESET.INSERT_VIP {0} CONFIG.C5_DDR2_RESET.INSERT_VIP {0} CONFIG.C5_LPDDR2_RESET.INSERT_VIP {0} CONFIG.C5_QDRIIP_RESET.INSERT_VIP {0} CONFIG.C5_RLDII_RESET.INSERT_VIP {0} CONFIG.C5_RLDIII_RESET.INSERT_VIP {0} CONFIG.C5_CLOCK.INSERT_VIP {0} CONFIG.C5_MMCM_CLKOUT0.INSERT_VIP {0} CONFIG.C5_MMCM_CLKOUT1.INSERT_VIP {0} CONFIG.C5_MMCM_CLKOUT2.INSERT_VIP {0} CONFIG.C5_MMCM_CLKOUT3.INSERT_VIP {0} CONFIG.C5_MMCM_CLKOUT4.INSERT_VIP {0} CONFIG.S5_AXI_CTRL.INSERT_VIP {0} CONFIG.S5_AXI.INSERT_VIP {0} CONFIG.C5_SYS_CLK_I.INSERT_VIP {0} CONFIG.C5_ARESETN.INSERT_VIP {0} CONFIG.C6_RESET.INSERT_VIP {0} CONFIG.C6_DDR3_RESET.INSERT_VIP {0} CONFIG.C6_DDR2_RESET.INSERT_VIP {0} CONFIG.C6_LPDDR2_RESET.INSERT_VIP {0} CONFIG.C6_QDRIIP_RESET.INSERT_VIP {0} CONFIG.C6_RLDII_RESET.INSERT_VIP {0} CONFIG.C6_RLDIII_RESET.INSERT_VIP {0} CONFIG.C6_CLOCK.INSERT_VIP {0} CONFIG.C6_MMCM_CLKOUT0.INSERT_VIP {0} CONFIG.C6_MMCM_CLKOUT1.INSERT_VIP {0} CONFIG.C6_MMCM_CLKOUT2.INSERT_VIP {0} CONFIG.C6_MMCM_CLKOUT3.INSERT_VIP {0} CONFIG.C6_MMCM_CLKOUT4.INSERT_VIP {0} CONFIG.S6_AXI_CTRL.INSERT_VIP {0} CONFIG.S6_AXI.INSERT_VIP {0} CONFIG.C6_SYS_CLK_I.INSERT_VIP {0} CONFIG.C6_ARESETN.INSERT_VIP {0} CONFIG.C7_RESET.INSERT_VIP {0} CONFIG.C7_DDR3_RESET.INSERT_VIP {0} CONFIG.C7_DDR2_RESET.INSERT_VIP {0} CONFIG.C7_LPDDR2_RESET.INSERT_VIP {0} CONFIG.C7_QDRIIP_RESET.INSERT_VIP {0} CONFIG.C7_RLDII_RESET.INSERT_VIP {0} CONFIG.C7_RLDIII_RESET.INSERT_VIP {0} CONFIG.C7_CLOCK.INSERT_VIP {0} CONFIG.C7_MMCM_CLKOUT0.INSERT_VIP {0} CONFIG.C7_MMCM_CLKOUT1.INSERT_VIP {0} CONFIG.C7_MMCM_CLKOUT2.INSERT_VIP {0} CONFIG.C7_MMCM_CLKOUT3.INSERT_VIP {0} CONFIG.C7_MMCM_CLKOUT4.INSERT_VIP {0} CONFIG.S7_AXI_CTRL.INSERT_VIP {0} CONFIG.S7_AXI.INSERT_VIP {0} CONFIG.C7_SYS_CLK_I.INSERT_VIP {0} CONFIG.C7_ARESETN.INSERT_VIP {0}] [get_ips mig_7series_0]
generate_target {instantiation_template} [get_files d:/Documents/FPGA_RTL/KX7A100/KX7A200/KX7A100.srcs/sources_1/ip/mig_7series_0/mig_7series_0.xci]
INFO: [IP_Flow 19-1686] Generating 'Instantiation Template' target for IP 'mig_7series_0'...
update_compile_order -fileset sources_1
generate_target all [get_files  d:/Documents/FPGA_RTL/KX7A100/KX7A200/KX7A100.srcs/sources_1/ip/mig_7series_0/mig_7series_0.xci]
INFO: [IP_Flow 19-1686] Generating 'Synthesis' target for IP 'mig_7series_0'...
INFO: [IP_Flow 19-1686] Generating 'Simulation' target for IP 'mig_7series_0'...
INFO: [IP_Flow 19-1686] Generating 'Implementation' target for IP 'mig_7series_0'...
INFO: [IP_Flow 19-1686] Generating 'Change Log' target for IP 'mig_7series_0'...
generate_target: Time (s): cpu = 00:00:05 ; elapsed = 00:00:16 . Memory (MB): peak = 2264.922 ; gain = 257.590
catch { config_ip_cache -export [get_ips -all mig_7series_0] }
export_ip_user_files -of_objects [get_files d:/Documents/FPGA_RTL/KX7A100/KX7A200/KX7A100.srcs/sources_1/ip/mig_7series_0/mig_7series_0.xci] -no_script -sync -force -quiet
create_ip_run [get_files -of_objects [get_fileset sources_1] d:/Documents/FPGA_RTL/KX7A100/KX7A200/KX7A100.srcs/sources_1/ip/mig_7series_0/mig_7series_0.xci]
launch_runs mig_7series_0_synth_1 -jobs 16
[Mon May 18 09:13:35 2026] Launched mig_7series_0_synth_1...
Run output will be captured here: D:/Documents/FPGA_RTL/KX7A100/KX7A200/KX7A100.runs/mig_7series_0_synth_1/runme.log
export_simulation -of_objects [get_files d:/Documents/FPGA_RTL/KX7A100/KX7A200/KX7A100.srcs/sources_1/ip/mig_7series_0/mig_7series_0.xci] -directory D:/Documents/FPGA_RTL/KX7A100/KX7A200/KX7A100.ip_user_files/sim_scripts -ip_user_files_dir D:/Documents/FPGA_RTL/KX7A100/KX7A200/KX7A100.ip_user_files -ipstatic_source_dir D:/Documents/FPGA_RTL/KX7A100/KX7A200/KX7A100.ip_user_files/ipstatic -lib_map_path [list {modelsim=D:/Documents/FPGA_RTL/KX7A100/KX7A200/KX7A100.cache/compile_simlib/modelsim} {questa=D:/Documents/FPGA_RTL/KX7A100/KX7A200/KX7A100.cache/compile_simlib/questa} {riviera=D:/Documents/FPGA_RTL/KX7A100/KX7A200/KX7A100.cache/compile_simlib/riviera} {activehdl=D:/Documents/FPGA_RTL/KX7A100/KX7A200/KX7A100.cache/compile_simlib/activehdl}] -use_ip_compiled_libs -force -quiet
set_property -dict [list CONFIG.XML_INPUT_FILE {mig_b.prj} CONFIG.RESET_BOARD_INTERFACE {Custom} CONFIG.MIG_DONT_TOUCH_PARAM {Custom} CONFIG.BOARD_MIG_PARAM {Custom} CONFIG.SYSTEM_RESET.INSERT_VIP {0} CONFIG.CLK_REF_I.INSERT_VIP {0} CONFIG.RESET.INSERT_VIP {0} CONFIG.DDR3_RESET.INSERT_VIP {0} CONFIG.DDR2_RESET.INSERT_VIP {0} CONFIG.LPDDR2_RESET.INSERT_VIP {0} CONFIG.QDRIIP_RESET.INSERT_VIP {0} CONFIG.RLDII_RESET.INSERT_VIP {0} CONFIG.RLDIII_RESET.INSERT_VIP {0} CONFIG.CLOCK.INSERT_VIP {0} CONFIG.MMCM_CLKOUT0.INSERT_VIP {0} CONFIG.MMCM_CLKOUT1.INSERT_VIP {0} CONFIG.MMCM_CLKOUT2.INSERT_VIP {0} CONFIG.MMCM_CLKOUT3.INSERT_VIP {0} CONFIG.MMCM_CLKOUT4.INSERT_VIP {0} CONFIG.S_AXI_CTRL.INSERT_VIP {0} CONFIG.S_AXI.INSERT_VIP {0} CONFIG.SYS_CLK_I.INSERT_VIP {0} CONFIG.ARESETN.INSERT_VIP {0} CONFIG.C0_RESET.INSERT_VIP {0} CONFIG.C0_DDR3_RESET.INSERT_VIP {0} CONFIG.C0_DDR2_RESET.INSERT_VIP {0} CONFIG.C0_LPDDR2_RESET.INSERT_VIP {0} CONFIG.C0_QDRIIP_RESET.INSERT_VIP {0} CONFIG.C0_RLDII_RESET.INSERT_VIP {0} CONFIG.C0_RLDIII_RESET.INSERT_VIP {0} CONFIG.C0_CLOCK.INSERT_VIP {0} CONFIG.C0_MMCM_CLKOUT0.INSERT_VIP {0} CONFIG.C0_MMCM_CLKOUT1.INSERT_VIP {0} CONFIG.C0_MMCM_CLKOUT2.INSERT_VIP {0} CONFIG.C0_MMCM_CLKOUT3.INSERT_VIP {0} CONFIG.C0_MMCM_CLKOUT4.INSERT_VIP {0} CONFIG.S0_AXI_CTRL.INSERT_VIP {0} CONFIG.S0_AXI.INSERT_VIP {0} CONFIG.C0_SYS_CLK_I.INSERT_VIP {0} CONFIG.C0_ARESETN.INSERT_VIP {0} CONFIG.C1_RESET.INSERT_VIP {0} CONFIG.C1_DDR3_RESET.INSERT_VIP {0} CONFIG.C1_DDR2_RESET.INSERT_VIP {0} CONFIG.C1_LPDDR2_RESET.INSERT_VIP {0} CONFIG.C1_QDRIIP_RESET.INSERT_VIP {0} CONFIG.C1_RLDII_RESET.INSERT_VIP {0} CONFIG.C1_RLDIII_RESET.INSERT_VIP {0} CONFIG.C1_CLOCK.INSERT_VIP {0} CONFIG.C1_MMCM_CLKOUT0.INSERT_VIP {0} CONFIG.C1_MMCM_CLKOUT1.INSERT_VIP {0} CONFIG.C1_MMCM_CLKOUT2.INSERT_VIP {0} CONFIG.C1_MMCM_CLKOUT3.INSERT_VIP {0} CONFIG.C1_MMCM_CLKOUT4.INSERT_VIP {0} CONFIG.S1_AXI_CTRL.INSERT_VIP {0} CONFIG.S1_AXI.INSERT_VIP {0} CONFIG.C1_SYS_CLK_I.INSERT_VIP {0} CONFIG.C1_ARESETN.INSERT_VIP {0} CONFIG.C2_RESET.INSERT_VIP {0} CONFIG.C2_DDR3_RESET.INSERT_VIP {0} CONFIG.C2_DDR2_RESET.INSERT_VIP {0} CONFIG.C2_LPDDR2_RESET.INSERT_VIP {0} CONFIG.C2_QDRIIP_RESET.INSERT_VIP {0} CONFIG.C2_RLDII_RESET.INSERT_VIP {0} CONFIG.C2_RLDIII_RESET.INSERT_VIP {0} CONFIG.C2_CLOCK.INSERT_VIP {0} CONFIG.C2_MMCM_CLKOUT0.INSERT_VIP {0} CONFIG.C2_MMCM_CLKOUT1.INSERT_VIP {0} CONFIG.C2_MMCM_CLKOUT2.INSERT_VIP {0} CONFIG.C2_MMCM_CLKOUT3.INSERT_VIP {0} CONFIG.C2_MMCM_CLKOUT4.INSERT_VIP {0} CONFIG.S2_AXI_CTRL.INSERT_VIP {0} CONFIG.S2_AXI.INSERT_VIP {0} CONFIG.C2_SYS_CLK_I.INSERT_VIP {0} CONFIG.C2_ARESETN.INSERT_VIP {0} CONFIG.C3_RESET.INSERT_VIP {0} CONFIG.C3_DDR3_RESET.INSERT_VIP {0} CONFIG.C3_DDR2_RESET.INSERT_VIP {0} CONFIG.C3_LPDDR2_RESET.INSERT_VIP {0} CONFIG.C3_QDRIIP_RESET.INSERT_VIP {0} CONFIG.C3_RLDII_RESET.INSERT_VIP {0} CONFIG.C3_RLDIII_RESET.INSERT_VIP {0} CONFIG.C3_CLOCK.INSERT_VIP {0} CONFIG.C3_MMCM_CLKOUT0.INSERT_VIP {0} CONFIG.C3_MMCM_CLKOUT1.INSERT_VIP {0} CONFIG.C3_MMCM_CLKOUT2.INSERT_VIP {0} CONFIG.C3_MMCM_CLKOUT3.INSERT_VIP {0} CONFIG.C3_MMCM_CLKOUT4.INSERT_VIP {0} CONFIG.S3_AXI_CTRL.INSERT_VIP {0} CONFIG.S3_AXI.INSERT_VIP {0} CONFIG.C3_SYS_CLK_I.INSERT_VIP {0} CONFIG.C3_ARESETN.INSERT_VIP {0} CONFIG.C4_RESET.INSERT_VIP {0} CONFIG.C4_DDR3_RESET.INSERT_VIP {0} CONFIG.C4_DDR2_RESET.INSERT_VIP {0} CONFIG.C4_LPDDR2_RESET.INSERT_VIP {0} CONFIG.C4_QDRIIP_RESET.INSERT_VIP {0} CONFIG.C4_RLDII_RESET.INSERT_VIP {0} CONFIG.C4_RLDIII_RESET.INSERT_VIP {0} CONFIG.C4_CLOCK.INSERT_VIP {0} CONFIG.C4_MMCM_CLKOUT0.INSERT_VIP {0} CONFIG.C4_MMCM_CLKOUT1.INSERT_VIP {0} CONFIG.C4_MMCM_CLKOUT2.INSERT_VIP {0} CONFIG.C4_MMCM_CLKOUT3.INSERT_VIP {0} CONFIG.C4_MMCM_CLKOUT4.INSERT_VIP {0} CONFIG.S4_AXI_CTRL.INSERT_VIP {0} CONFIG.S4_AXI.INSERT_VIP {0} CONFIG.C4_SYS_CLK_I.INSERT_VIP {0} CONFIG.C4_ARESETN.INSERT_VIP {0} CONFIG.C5_RESET.INSERT_VIP {0} CONFIG.C5_DDR3_RESET.INSERT_VIP {0} CONFIG.C5_DDR2_RESET.INSERT_VIP {0} CONFIG.C5_LPDDR2_RESET.INSERT_VIP {0} CONFIG.C5_QDRIIP_RESET.INSERT_VIP {0} CONFIG.C5_RLDII_RESET.INSERT_VIP {0} CONFIG.C5_RLDIII_RESET.INSERT_VIP {0} CONFIG.C5_CLOCK.INSERT_VIP {0} CONFIG.C5_MMCM_CLKOUT0.INSERT_VIP {0} CONFIG.C5_MMCM_CLKOUT1.INSERT_VIP {0} CONFIG.C5_MMCM_CLKOUT2.INSERT_VIP {0} CONFIG.C5_MMCM_CLKOUT3.INSERT_VIP {0} CONFIG.C5_MMCM_CLKOUT4.INSERT_VIP {0} CONFIG.S5_AXI_CTRL.INSERT_VIP {0} CONFIG.S5_AXI.INSERT_VIP {0} CONFIG.C5_SYS_CLK_I.INSERT_VIP {0} CONFIG.C5_ARESETN.INSERT_VIP {0} CONFIG.C6_RESET.INSERT_VIP {0} CONFIG.C6_DDR3_RESET.INSERT_VIP {0} CONFIG.C6_DDR2_RESET.INSERT_VIP {0} CONFIG.C6_LPDDR2_RESET.INSERT_VIP {0} CONFIG.C6_QDRIIP_RESET.INSERT_VIP {0} CONFIG.C6_RLDII_RESET.INSERT_VIP {0} CONFIG.C6_RLDIII_RESET.INSERT_VIP {0} CONFIG.C6_CLOCK.INSERT_VIP {0} CONFIG.C6_MMCM_CLKOUT0.INSERT_VIP {0} CONFIG.C6_MMCM_CLKOUT1.INSERT_VIP {0} CONFIG.C6_MMCM_CLKOUT2.INSERT_VIP {0} CONFIG.C6_MMCM_CLKOUT3.INSERT_VIP {0} CONFIG.C6_MMCM_CLKOUT4.INSERT_VIP {0} CONFIG.S6_AXI_CTRL.INSERT_VIP {0} CONFIG.S6_AXI.INSERT_VIP {0} CONFIG.C6_SYS_CLK_I.INSERT_VIP {0} CONFIG.C6_ARESETN.INSERT_VIP {0} CONFIG.C7_RESET.INSERT_VIP {0} CONFIG.C7_DDR3_RESET.INSERT_VIP {0} CONFIG.C7_DDR2_RESET.INSERT_VIP {0} CONFIG.C7_LPDDR2_RESET.INSERT_VIP {0} CONFIG.C7_QDRIIP_RESET.INSERT_VIP {0} CONFIG.C7_RLDII_RESET.INSERT_VIP {0} CONFIG.C7_RLDIII_RESET.INSERT_VIP {0} CONFIG.C7_CLOCK.INSERT_VIP {0} CONFIG.C7_MMCM_CLKOUT0.INSERT_VIP {0} CONFIG.C7_MMCM_CLKOUT1.INSERT_VIP {0} CONFIG.C7_MMCM_CLKOUT2.INSERT_VIP {0} CONFIG.C7_MMCM_CLKOUT3.INSERT_VIP {0} CONFIG.C7_MMCM_CLKOUT4.INSERT_VIP {0} CONFIG.S7_AXI_CTRL.INSERT_VIP {0} CONFIG.S7_AXI.INSERT_VIP {0} CONFIG.C7_SYS_CLK_I.INSERT_VIP {0} CONFIG.C7_ARESETN.INSERT_VIP {0}] [get_ips mig_7series_0]
generate_target {instantiation_template} [get_files d:/Documents/FPGA_RTL/KX7A100/KX7A200/KX7A100.srcs/sources_1/ip/mig_7series_0/mig_7series_0.xci]
INFO: [IP_Flow 19-1686] Generating 'Instantiation Template' target for IP 'mig_7series_0'...
generate_target all [get_files  d:/Documents/FPGA_RTL/KX7A100/KX7A200/KX7A100.srcs/sources_1/ip/mig_7series_0/mig_7series_0.xci]
INFO: [IP_Flow 19-1686] Generating 'Synthesis' target for IP 'mig_7series_0'...
INFO: [IP_Flow 19-1686] Generating 'Simulation' target for IP 'mig_7series_0'...
INFO: [IP_Flow 19-1686] Generating 'Implementation' target for IP 'mig_7series_0'...
INFO: [IP_Flow 19-1686] Generating 'Change Log' target for IP 'mig_7series_0'...
generate_target: Time (s): cpu = 00:00:07 ; elapsed = 00:00:25 . Memory (MB): peak = 2675.441 ; gain = 251.898
export_ip_user_files -of_objects [get_files d:/Documents/FPGA_RTL/KX7A100/KX7A200/KX7A100.srcs/sources_1/ip/mig_7series_0/mig_7series_0.xci] -no_script -sync -force -quiet
reset_run mig_7series_0_synth_1
WARNING: [Vivado 12-1017] Problems encountered:
1. Failed to delete one or more files in run directory D:/Documents/FPGA_RTL/KX7A100/KX7A200/KX7A100.runs/mig_7series_0_synth_1

launch_runs mig_7series_0_synth_1 -jobs 16
INFO: [Vivado 12-4149] The synthesis checkpoint for IP 'd:/Documents/FPGA_RTL/KX7A100/KX7A200/KX7A100.srcs/sources_1/ip/mig_7series_0/mig_7series_0.xci' is already up-to-date
[Mon May 18 09:16:54 2026] Launched mig_7series_0_synth_1...
Run output will be captured here: D:/Documents/FPGA_RTL/KX7A100/KX7A200/KX7A100.runs/mig_7series_0_synth_1/runme.log
export_simulation -of_objects [get_files d:/Documents/FPGA_RTL/KX7A100/KX7A200/KX7A100.srcs/sources_1/ip/mig_7series_0/mig_7series_0.xci] -directory D:/Documents/FPGA_RTL/KX7A100/KX7A200/KX7A100.ip_user_files/sim_scripts -ip_user_files_dir D:/Documents/FPGA_RTL/KX7A100/KX7A200/KX7A100.ip_user_files -ipstatic_source_dir D:/Documents/FPGA_RTL/KX7A100/KX7A200/KX7A100.ip_user_files/ipstatic -lib_map_path [list {modelsim=D:/Documents/FPGA_RTL/KX7A100/KX7A200/KX7A100.cache/compile_simlib/modelsim} {questa=D:/Documents/FPGA_RTL/KX7A100/KX7A200/KX7A100.cache/compile_simlib/questa} {riviera=D:/Documents/FPGA_RTL/KX7A100/KX7A200/KX7A100.cache/compile_simlib/riviera} {activehdl=D:/Documents/FPGA_RTL/KX7A100/KX7A200/KX7A100.cache/compile_simlib/activehdl}] -use_ip_compiled_libs -force -quiet
reset_run synth_1
launch_runs impl_1 -to_step write_bitstream -jobs 16
INFO: [IP_Flow 19-1686] Generating 'Synthesis' target for IP 'vio_FMC'...
INFO: [IP_Flow 19-1686] Generating 'Synthesis' target for IP 'fifo_bits_cov'...
INFO: [IP_Flow 19-1686] Generating 'Synthesis' target for IP 'fifo_bit_cov'...
INFO: [IP_Flow 19-1686] Generating 'Synthesis' target for IP 'fifo_ddr3_rd'...
INFO: [IP_Flow 19-1686] Generating 'Synthesis' target for IP 'fifo_ddr3_wr'...
INFO: [IP_Flow 19-1686] Generating 'Synthesis' target for IP 'uart_fifo'...
INFO: [IP_Flow 19-1686] Generating 'Synthesis' target for IP 'tri_mode_ethernet_mac_0'...
INFO: [IP_Flow 19-1686] Generating 'Implementation' target for IP 'tri_mode_ethernet_mac_0'...
INFO: [IP_Flow 19-1686] Generating 'Synthesis' target for IP 'axis_data_fifo_0'...
INFO: [IP_Flow 19-1686] Generating 'Synthesis' target for IP 'axis_data_fifo_1'...
INFO: [IP_Flow 19-1686] Generating 'Synthesis' target for IP 'axis_dwidth_converter_1'...
INFO: [IP_Flow 19-1686] Generating 'Synthesis' target for IP 'axis_dwidth_converter_0'...
INFO: [IP_Flow 19-1686] Generating 'Synthesis' target for IP 'fifo_72x512'...
INFO: [IP_Flow 19-1686] Generating 'Synthesis' target for IP 'vio_dna'...
INFO: [IP_Flow 19-1686] Generating 'Synthesis' target for IP 'clk_wiz_mclk'...
INFO: [IP_Flow 19-1686] Generating 'Implementation' target for IP 'clk_wiz_mclk'...
[Mon May 18 09:49:56 2026] Launched vio_dna_synth_1, axis_data_fifo_0_synth_1, vio_FMC_synth_1, axis_data_fifo_1_synth_1, fifo_bits_cov_synth_1, clk_wiz_mclk_synth_1, fifo_ddr3_rd_synth_1, fifo_72x512_synth_1, axis_dwidth_converter_1_synth_1, axis_dwidth_converter_0_synth_1, tri_mode_ethernet_mac_0_synth_1, fifo_bit_cov_synth_1, uart_fifo_synth_1, fifo_ddr3_wr_synth_1, synth_1...
Run output will be captured here:
vio_dna_synth_1: D:/Documents/FPGA_RTL/KX7A100/KX7A200/KX7A100.runs/vio_dna_synth_1/runme.log
axis_data_fifo_0_synth_1: D:/Documents/FPGA_RTL/KX7A100/KX7A200/KX7A100.runs/axis_data_fifo_0_synth_1/runme.log
vio_FMC_synth_1: D:/Documents/FPGA_RTL/KX7A100/KX7A200/KX7A100.runs/vio_FMC_synth_1/runme.log
axis_data_fifo_1_synth_1: D:/Documents/FPGA_RTL/KX7A100/KX7A200/KX7A100.runs/axis_data_fifo_1_synth_1/runme.log
fifo_bits_cov_synth_1: D:/Documents/FPGA_RTL/KX7A100/KX7A200/KX7A100.runs/fifo_bits_cov_synth_1/runme.log
clk_wiz_mclk_synth_1: D:/Documents/FPGA_RTL/KX7A100/KX7A200/KX7A100.runs/clk_wiz_mclk_synth_1/runme.log
fifo_ddr3_rd_synth_1: D:/Documents/FPGA_RTL/KX7A100/KX7A200/KX7A100.runs/fifo_ddr3_rd_synth_1/runme.log
fifo_72x512_synth_1: D:/Documents/FPGA_RTL/KX7A100/KX7A200/KX7A100.runs/fifo_72x512_synth_1/runme.log
axis_dwidth_converter_1_synth_1: D:/Documents/FPGA_RTL/KX7A100/KX7A200/KX7A100.runs/axis_dwidth_converter_1_synth_1/runme.log
axis_dwidth_converter_0_synth_1: D:/Documents/FPGA_RTL/KX7A100/KX7A200/KX7A100.runs/axis_dwidth_converter_0_synth_1/runme.log
tri_mode_ethernet_mac_0_synth_1: D:/Documents/FPGA_RTL/KX7A100/KX7A200/KX7A100.runs/tri_mode_ethernet_mac_0_synth_1/runme.log
fifo_bit_cov_synth_1: D:/Documents/FPGA_RTL/KX7A100/KX7A200/KX7A100.runs/fifo_bit_cov_synth_1/runme.log
uart_fifo_synth_1: D:/Documents/FPGA_RTL/KX7A100/KX7A200/KX7A100.runs/uart_fifo_synth_1/runme.log
fifo_ddr3_wr_synth_1: D:/Documents/FPGA_RTL/KX7A100/KX7A200/KX7A100.runs/fifo_ddr3_wr_synth_1/runme.log
synth_1: D:/Documents/FPGA_RTL/KX7A100/KX7A200/KX7A100.runs/synth_1/runme.log
[Mon May 18 09:49:58 2026] Launched impl_1...
Run output will be captured here: D:/Documents/FPGA_RTL/KX7A100/KX7A200/KX7A100.runs/impl_1/runme.log
launch_runs: Time (s): cpu = 00:00:04 ; elapsed = 00:00:12 . Memory (MB): peak = 2718.812 ; gain = 7.480
open_run impl_1
INFO: [Device 21-403] Loading part xc7a200tfbg484-2
Netlist sorting complete. Time (s): cpu = 00:00:01 ; elapsed = 00:00:00.698 . Memory (MB): peak = 3017.383 ; gain = 0.000
INFO: [Netlist 29-17] Analyzing 2035 Unisim elements for replacement
INFO: [Netlist 29-28] Unisim Transformation completed in 1 CPU seconds
INFO: [Project 1-479] Netlist was created with Vivado 2020.2
INFO: [Project 1-570] Preparing netlist for logic optimization
INFO: [Timing 38-478] Restoring timing data from binary archive.
INFO: [Timing 38-479] Binary timing data restore complete.
INFO: [Project 1-856] Restoring constraints from binary archive.
INFO: [Project 1-853] Binary constraint restore complete.
Reading XDEF placement.
Reading placer database...
Reading XDEF routing.
Read XDEF File: Time (s): cpu = 00:00:02 ; elapsed = 00:00:03 . Memory (MB): peak = 3941.191 ; gain = 58.734
Restored from archive | CPU: 2.000000 secs | Memory: 0.000000 MB |
Finished XDEF File Restore: Time (s): cpu = 00:00:02 ; elapsed = 00:00:03 . Memory (MB): peak = 3941.191 ; gain = 58.734
Netlist sorting complete. Time (s): cpu = 00:00:00 ; elapsed = 00:00:00.013 . Memory (MB): peak = 3941.191 ; gain = 0.000
INFO: [Project 1-111] Unisim Transformation Summary:
  A total of 923 instances were transformed.
  IOBUF => IOBUF (IBUF, OBUFT): 7 instances
  IOBUFDS_DIFF_OUT_INTERMDISABLE => IOBUFDS_DIFF_OUT_INTERMDISABLE (IBUFDS_INTERMDISABLE_INT(x2), INV, OBUFTDS(x2)): 8 instances
  IOBUF_INTERMDISABLE => IOBUF_INTERMDISABLE (IBUF_INTERMDISABLE, OBUFT): 64 instances
  OBUFDS => OBUFDS_DUAL_BUF (INV, OBUFDS(x2)): 2 instances
  RAM16X1D => RAM32X1D (RAMD32(x2)): 1 instance 
  RAM32M => RAM32M (RAMD32(x6), RAMS32(x2)): 567 instances
  RAM64M => RAM64M (RAMD64E(x4)): 264 instances
  RAM64X1D => RAM64X1D (RAMD64E(x2)): 8 instances
  SRLC32E => SRL16E: 2 instances

open_run: Time (s): cpu = 00:00:25 ; elapsed = 00:00:25 . Memory (MB): peak = 4123.668 ; gain = 1373.199
open_report: Time (s): cpu = 00:00:10 ; elapsed = 00:00:12 . Memory (MB): peak = 4230.086 ; gain = 41.570
WARNING: [Timing 38-436] There are set_bus_skew constraint(s) in this design. Please run report_bus_skew to ensure that bus skew requirements are met.
close_design
