
*** Running vivado
    with args -log axis_dwidth_converter_1.vds -m64 -product Vivado -mode batch -messageDb vivado.pb -notrace -source axis_dwidth_converter_1.tcl



****** Vivado v2020.2 (64-bit)
  **** SW Build 3064766 on Wed Nov 18 09:12:45 MST 2020
  **** IP Build 3064653 on Wed Nov 18 14:17:31 MST 2020
    ** Copyright 1986-2020 Xilinx, Inc. All Rights Reserved.

Sourcing tcl script 'C:/Xilinx/Vivado/2020.2/scripts/Vivado_init.tcl'
source axis_dwidth_converter_1.tcl -notrace
create_project: Time (s): cpu = 00:00:03 ; elapsed = 00:00:07 . Memory (MB): peak = 1126.691 ; gain = 0.000
Command: synth_design -top axis_dwidth_converter_1 -part xc7a200tfbg484-2 -mode out_of_context
Starting synth_design
Attempting to get a license for feature 'Synthesis' and/or device 'xc7a200t'
INFO: [Common 17-349] Got license for feature 'Synthesis' and/or device 'xc7a200t'
INFO: [Device 21-403] Loading part xc7a200tfbg484-2
INFO: [Synth 8-7079] Multithreading enabled for synth_design using a maximum of 4 processes.
INFO: [Synth 8-7078] Launching helper process for spawning children vivado processes
INFO: [Synth 8-7075] Helper process launched with PID 30668
---------------------------------------------------------------------------------
Starting RTL Elaboration : Time (s): cpu = 00:00:05 ; elapsed = 00:00:07 . Memory (MB): peak = 1200.812 ; gain = 74.121
---------------------------------------------------------------------------------
INFO: [Synth 8-6157] synthesizing module 'axis_dwidth_converter_1' [d:/Documents/FPGA_RTL/KX7A100/KX7A200/KX7A100.gen/sources_1/ip/axis_dwidth_converter_1/synth/axis_dwidth_converter_1.v:57]
INFO: [Synth 8-6157] synthesizing module 'axis_dwidth_converter_v1_1_21_axis_dwidth_converter' [d:/Documents/FPGA_RTL/KX7A100/KX7A200/KX7A100.gen/sources_1/ip/axis_dwidth_converter_1/hdl/axis_dwidth_converter_v1_1_vl_rfs.v:810]
	Parameter C_FAMILY bound to: artix7 - type: string 
	Parameter C_S_AXIS_TDATA_WIDTH bound to: 8 - type: integer 
	Parameter C_M_AXIS_TDATA_WIDTH bound to: 64 - type: integer 
	Parameter C_AXIS_TID_WIDTH bound to: 1 - type: integer 
	Parameter C_AXIS_TDEST_WIDTH bound to: 1 - type: integer 
	Parameter C_S_AXIS_TUSER_WIDTH bound to: 1 - type: integer 
	Parameter C_M_AXIS_TUSER_WIDTH bound to: 1 - type: integer 
	Parameter C_AXIS_SIGNAL_SET bound to: 27 - type: integer 
	Parameter G_INDX_SS_TREADY bound to: 0 - type: integer 
	Parameter G_INDX_SS_TDATA bound to: 1 - type: integer 
	Parameter G_INDX_SS_TSTRB bound to: 2 - type: integer 
	Parameter G_INDX_SS_TKEEP bound to: 3 - type: integer 
	Parameter G_INDX_SS_TLAST bound to: 4 - type: integer 
	Parameter G_INDX_SS_TID bound to: 5 - type: integer 
	Parameter G_INDX_SS_TDEST bound to: 6 - type: integer 
	Parameter G_INDX_SS_TUSER bound to: 7 - type: integer 
	Parameter G_MASK_SS_TREADY bound to: 1 - type: integer 
	Parameter G_MASK_SS_TDATA bound to: 2 - type: integer 
	Parameter G_MASK_SS_TSTRB bound to: 4 - type: integer 
	Parameter G_MASK_SS_TKEEP bound to: 8 - type: integer 
	Parameter G_MASK_SS_TLAST bound to: 16 - type: integer 
	Parameter G_MASK_SS_TID bound to: 32 - type: integer 
	Parameter G_MASK_SS_TDEST bound to: 64 - type: integer 
	Parameter G_MASK_SS_TUSER bound to: 128 - type: integer 
	Parameter G_TASK_SEVERITY_ERR bound to: 2 - type: integer 
	Parameter G_TASK_SEVERITY_WARNING bound to: 1 - type: integer 
	Parameter G_TASK_SEVERITY_INFO bound to: 0 - type: integer 
	Parameter P_SS_TKEEP_REQUIRED bound to: 8 - type: integer 
	Parameter P_AXIS_SIGNAL_SET bound to: 32'b00000000000000000000000000011011 
	Parameter P_S_RATIO bound to: 8 - type: integer 
	Parameter P_M_RATIO bound to: 1 - type: integer 
	Parameter P_D2_TDATA_WIDTH bound to: 64 - type: integer 
	Parameter P_D1_TUSER_WIDTH bound to: 1 - type: integer 
	Parameter P_D2_TUSER_WIDTH bound to: 8 - type: integer 
	Parameter P_D3_TUSER_WIDTH bound to: 8 - type: integer 
	Parameter P_D1_REG_CONFIG bound to: 0 - type: integer 
	Parameter P_D3_REG_CONFIG bound to: 0 - type: integer 
INFO: [Synth 8-6157] synthesizing module 'axis_dwidth_converter_v1_1_21_axisc_upsizer' [d:/Documents/FPGA_RTL/KX7A100/KX7A200/KX7A100.gen/sources_1/ip/axis_dwidth_converter_1/hdl/axis_dwidth_converter_v1_1_vl_rfs.v:437]
	Parameter C_FAMILY bound to: artix7 - type: string 
	Parameter C_S_AXIS_TDATA_WIDTH bound to: 8 - type: integer 
	Parameter C_M_AXIS_TDATA_WIDTH bound to: 64 - type: integer 
	Parameter C_AXIS_TID_WIDTH bound to: 1 - type: integer 
	Parameter C_AXIS_TDEST_WIDTH bound to: 1 - type: integer 
	Parameter C_S_AXIS_TUSER_WIDTH bound to: 1 - type: integer 
	Parameter C_M_AXIS_TUSER_WIDTH bound to: 8 - type: integer 
	Parameter C_AXIS_SIGNAL_SET bound to: 32'b00000000000000000000000000011011 
	Parameter C_RATIO bound to: 8 - type: integer 
	Parameter G_INDX_SS_TREADY bound to: 0 - type: integer 
	Parameter G_INDX_SS_TDATA bound to: 1 - type: integer 
	Parameter G_INDX_SS_TSTRB bound to: 2 - type: integer 
	Parameter G_INDX_SS_TKEEP bound to: 3 - type: integer 
	Parameter G_INDX_SS_TLAST bound to: 4 - type: integer 
	Parameter G_INDX_SS_TID bound to: 5 - type: integer 
	Parameter G_INDX_SS_TDEST bound to: 6 - type: integer 
	Parameter G_INDX_SS_TUSER bound to: 7 - type: integer 
	Parameter G_MASK_SS_TREADY bound to: 1 - type: integer 
	Parameter G_MASK_SS_TDATA bound to: 2 - type: integer 
	Parameter G_MASK_SS_TSTRB bound to: 4 - type: integer 
	Parameter G_MASK_SS_TKEEP bound to: 8 - type: integer 
	Parameter G_MASK_SS_TLAST bound to: 16 - type: integer 
	Parameter G_MASK_SS_TID bound to: 32 - type: integer 
	Parameter G_MASK_SS_TDEST bound to: 64 - type: integer 
	Parameter G_MASK_SS_TUSER bound to: 128 - type: integer 
	Parameter G_TASK_SEVERITY_ERR bound to: 2 - type: integer 
	Parameter G_TASK_SEVERITY_WARNING bound to: 1 - type: integer 
	Parameter G_TASK_SEVERITY_INFO bound to: 0 - type: integer 
	Parameter P_READY_EXIST bound to: 1'b1 
	Parameter P_DATA_EXIST bound to: 1'b1 
	Parameter P_STRB_EXIST bound to: 1'b0 
	Parameter P_KEEP_EXIST bound to: 1'b1 
	Parameter P_LAST_EXIST bound to: 1'b1 
	Parameter P_ID_EXIST bound to: 1'b0 
	Parameter P_DEST_EXIST bound to: 1'b0 
	Parameter P_USER_EXIST bound to: 1'b0 
	Parameter P_S_AXIS_TSTRB_WIDTH bound to: 1 - type: integer 
	Parameter P_M_AXIS_TSTRB_WIDTH bound to: 8 - type: integer 
	Parameter SM_RESET bound to: 3'b000 
	Parameter SM_IDLE bound to: 3'b001 
	Parameter SM_ACTIVE bound to: 3'b101 
	Parameter SM_END bound to: 3'b011 
	Parameter SM_END_TO_ACTIVE bound to: 3'b010 
INFO: [Synth 8-6155] done synthesizing module 'axis_dwidth_converter_v1_1_21_axisc_upsizer' (1#1) [d:/Documents/FPGA_RTL/KX7A100/KX7A200/KX7A100.gen/sources_1/ip/axis_dwidth_converter_1/hdl/axis_dwidth_converter_v1_1_vl_rfs.v:437]
INFO: [Synth 8-6157] synthesizing module 'axis_register_slice_v1_1_22_axis_register_slice' [d:/Documents/FPGA_RTL/KX7A100/KX7A200/KX7A100.gen/sources_1/ip/axis_dwidth_converter_1/hdl/axis_register_slice_v1_1_vl_rfs.v:2838]
	Parameter C_FAMILY bound to: artix7 - type: string 
	Parameter C_AXIS_TDATA_WIDTH bound to: 8 - type: integer 
	Parameter C_AXIS_TID_WIDTH bound to: 1 - type: integer 
	Parameter C_AXIS_TDEST_WIDTH bound to: 1 - type: integer 
	Parameter C_AXIS_TUSER_WIDTH bound to: 1 - type: integer 
	Parameter C_AXIS_SIGNAL_SET bound to: 32'b00000000000000000000000000011011 
	Parameter C_REG_CONFIG bound to: 0 - type: integer 
	Parameter C_NUM_SLR_CROSSINGS bound to: 0 - type: integer 
	Parameter C_PIPELINES_MASTER bound to: 0 - type: integer 
	Parameter C_PIPELINES_SLAVE bound to: 0 - type: integer 
	Parameter C_PIPELINES_MIDDLE bound to: 0 - type: integer 
	Parameter G_INDX_SS_TREADY bound to: 0 - type: integer 
	Parameter G_INDX_SS_TDATA bound to: 1 - type: integer 
	Parameter G_INDX_SS_TSTRB bound to: 2 - type: integer 
	Parameter G_INDX_SS_TKEEP bound to: 3 - type: integer 
	Parameter G_INDX_SS_TLAST bound to: 4 - type: integer 
	Parameter G_INDX_SS_TID bound to: 5 - type: integer 
	Parameter G_INDX_SS_TDEST bound to: 6 - type: integer 
	Parameter G_INDX_SS_TUSER bound to: 7 - type: integer 
	Parameter G_MASK_SS_TREADY bound to: 1 - type: integer 
	Parameter G_MASK_SS_TDATA bound to: 2 - type: integer 
	Parameter G_MASK_SS_TSTRB bound to: 4 - type: integer 
	Parameter G_MASK_SS_TKEEP bound to: 8 - type: integer 
	Parameter G_MASK_SS_TLAST bound to: 16 - type: integer 
	Parameter G_MASK_SS_TID bound to: 32 - type: integer 
	Parameter G_MASK_SS_TDEST bound to: 64 - type: integer 
	Parameter G_MASK_SS_TUSER bound to: 128 - type: integer 
	Parameter G_TASK_SEVERITY_ERR bound to: 2 - type: integer 
	Parameter G_TASK_SEVERITY_WARNING bound to: 1 - type: integer 
	Parameter G_TASK_SEVERITY_INFO bound to: 0 - type: integer 
	Parameter P_TPAYLOAD_WIDTH bound to: 10 - type: integer 
INFO: [Synth 8-6157] synthesizing module 'axis_infrastructure_v1_1_0_util_axis2vector' [d:/Documents/FPGA_RTL/KX7A100/KX7A200/KX7A100.gen/sources_1/ip/axis_dwidth_converter_1/hdl/axis_infrastructure_v1_1_vl_rfs.v:810]
	Parameter C_TDATA_WIDTH bound to: 8 - type: integer 
	Parameter C_TID_WIDTH bound to: 1 - type: integer 
	Parameter C_TDEST_WIDTH bound to: 1 - type: integer 
	Parameter C_TUSER_WIDTH bound to: 1 - type: integer 
	Parameter C_TPAYLOAD_WIDTH bound to: 10 - type: integer 
	Parameter C_SIGNAL_SET bound to: 32'b00000000000000000000000000011011 
	Parameter G_INDX_SS_TREADY bound to: 0 - type: integer 
	Parameter G_INDX_SS_TDATA bound to: 1 - type: integer 
	Parameter G_INDX_SS_TSTRB bound to: 2 - type: integer 
	Parameter G_INDX_SS_TKEEP bound to: 3 - type: integer 
	Parameter G_INDX_SS_TLAST bound to: 4 - type: integer 
	Parameter G_INDX_SS_TID bound to: 5 - type: integer 
	Parameter G_INDX_SS_TDEST bound to: 6 - type: integer 
	Parameter G_INDX_SS_TUSER bound to: 7 - type: integer 
	Parameter G_MASK_SS_TREADY bound to: 1 - type: integer 
	Parameter G_MASK_SS_TDATA bound to: 2 - type: integer 
	Parameter G_MASK_SS_TSTRB bound to: 4 - type: integer 
	Parameter G_MASK_SS_TKEEP bound to: 8 - type: integer 
	Parameter G_MASK_SS_TLAST bound to: 16 - type: integer 
	Parameter G_MASK_SS_TID bound to: 32 - type: integer 
	Parameter G_MASK_SS_TDEST bound to: 64 - type: integer 
	Parameter G_MASK_SS_TUSER bound to: 128 - type: integer 
	Parameter G_TASK_SEVERITY_ERR bound to: 2 - type: integer 
	Parameter G_TASK_SEVERITY_WARNING bound to: 1 - type: integer 
	Parameter G_TASK_SEVERITY_INFO bound to: 0 - type: integer 
	Parameter P_TDATA_INDX bound to: 0 - type: integer 
	Parameter P_TSTRB_INDX bound to: 8 - type: integer 
	Parameter P_TKEEP_INDX bound to: 8 - type: integer 
	Parameter P_TLAST_INDX bound to: 9 - type: integer 
	Parameter P_TID_INDX bound to: 10 - type: integer 
	Parameter P_TDEST_INDX bound to: 10 - type: integer 
	Parameter P_TUSER_INDX bound to: 10 - type: integer 
INFO: [Synth 8-6155] done synthesizing module 'axis_infrastructure_v1_1_0_util_axis2vector' (2#1) [d:/Documents/FPGA_RTL/KX7A100/KX7A200/KX7A100.gen/sources_1/ip/axis_dwidth_converter_1/hdl/axis_infrastructure_v1_1_vl_rfs.v:810]
INFO: [Synth 8-6157] synthesizing module 'axis_register_slice_v1_1_22_axisc_register_slice' [d:/Documents/FPGA_RTL/KX7A100/KX7A200/KX7A100.gen/sources_1/ip/axis_dwidth_converter_1/hdl/axis_register_slice_v1_1_vl_rfs.v:1936]
	Parameter C_FAMILY bound to: artix7 - type: string 
	Parameter C_DATA_WIDTH bound to: 10 - type: integer 
	Parameter C_REG_CONFIG bound to: 0 - type: integer 
	Parameter C_NUM_SLR_CROSSINGS bound to: 0 - type: integer 
	Parameter C_PIPELINES_MASTER bound to: 0 - type: integer 
	Parameter C_PIPELINES_SLAVE bound to: 0 - type: integer 
	Parameter C_PIPELINES_MIDDLE bound to: 0 - type: integer 
INFO: [Synth 8-6155] done synthesizing module 'axis_register_slice_v1_1_22_axisc_register_slice' (3#1) [d:/Documents/FPGA_RTL/KX7A100/KX7A200/KX7A100.gen/sources_1/ip/axis_dwidth_converter_1/hdl/axis_register_slice_v1_1_vl_rfs.v:1936]
INFO: [Synth 8-6157] synthesizing module 'axis_infrastructure_v1_1_0_util_vector2axis' [d:/Documents/FPGA_RTL/KX7A100/KX7A200/KX7A100.gen/sources_1/ip/axis_dwidth_converter_1/hdl/axis_infrastructure_v1_1_vl_rfs.v:992]
	Parameter C_TDATA_WIDTH bound to: 8 - type: integer 
	Parameter C_TID_WIDTH bound to: 1 - type: integer 
	Parameter C_TDEST_WIDTH bound to: 1 - type: integer 
	Parameter C_TUSER_WIDTH bound to: 1 - type: integer 
	Parameter C_TPAYLOAD_WIDTH bound to: 10 - type: integer 
	Parameter C_SIGNAL_SET bound to: 32'b00000000000000000000000000011011 
	Parameter G_INDX_SS_TREADY bound to: 0 - type: integer 
	Parameter G_INDX_SS_TDATA bound to: 1 - type: integer 
	Parameter G_INDX_SS_TSTRB bound to: 2 - type: integer 
	Parameter G_INDX_SS_TKEEP bound to: 3 - type: integer 
	Parameter G_INDX_SS_TLAST bound to: 4 - type: integer 
	Parameter G_INDX_SS_TID bound to: 5 - type: integer 
	Parameter G_INDX_SS_TDEST bound to: 6 - type: integer 
	Parameter G_INDX_SS_TUSER bound to: 7 - type: integer 
	Parameter G_MASK_SS_TREADY bound to: 1 - type: integer 
	Parameter G_MASK_SS_TDATA bound to: 2 - type: integer 
	Parameter G_MASK_SS_TSTRB bound to: 4 - type: integer 
	Parameter G_MASK_SS_TKEEP bound to: 8 - type: integer 
	Parameter G_MASK_SS_TLAST bound to: 16 - type: integer 
	Parameter G_MASK_SS_TID bound to: 32 - type: integer 
	Parameter G_MASK_SS_TDEST bound to: 64 - type: integer 
	Parameter G_MASK_SS_TUSER bound to: 128 - type: integer 
	Parameter G_TASK_SEVERITY_ERR bound to: 2 - type: integer 
	Parameter G_TASK_SEVERITY_WARNING bound to: 1 - type: integer 
	Parameter G_TASK_SEVERITY_INFO bound to: 0 - type: integer 
	Parameter P_TDATA_INDX bound to: 0 - type: integer 
	Parameter P_TSTRB_INDX bound to: 8 - type: integer 
	Parameter P_TKEEP_INDX bound to: 8 - type: integer 
	Parameter P_TLAST_INDX bound to: 9 - type: integer 
	Parameter P_TID_INDX bound to: 10 - type: integer 
	Parameter P_TDEST_INDX bound to: 10 - type: integer 
	Parameter P_TUSER_INDX bound to: 10 - type: integer 
INFO: [Synth 8-6155] done synthesizing module 'axis_infrastructure_v1_1_0_util_vector2axis' (4#1) [d:/Documents/FPGA_RTL/KX7A100/KX7A200/KX7A100.gen/sources_1/ip/axis_dwidth_converter_1/hdl/axis_infrastructure_v1_1_vl_rfs.v:992]
INFO: [Synth 8-6155] done synthesizing module 'axis_register_slice_v1_1_22_axis_register_slice' (5#1) [d:/Documents/FPGA_RTL/KX7A100/KX7A200/KX7A100.gen/sources_1/ip/axis_dwidth_converter_1/hdl/axis_register_slice_v1_1_vl_rfs.v:2838]
INFO: [Synth 8-6157] synthesizing module 'axis_register_slice_v1_1_22_axis_register_slice__parameterized0' [d:/Documents/FPGA_RTL/KX7A100/KX7A200/KX7A100.gen/sources_1/ip/axis_dwidth_converter_1/hdl/axis_register_slice_v1_1_vl_rfs.v:2838]
	Parameter C_FAMILY bound to: artix7 - type: string 
	Parameter C_AXIS_TDATA_WIDTH bound to: 64 - type: integer 
	Parameter C_AXIS_TID_WIDTH bound to: 1 - type: integer 
	Parameter C_AXIS_TDEST_WIDTH bound to: 1 - type: integer 
	Parameter C_AXIS_TUSER_WIDTH bound to: 8 - type: integer 
	Parameter C_AXIS_SIGNAL_SET bound to: 32'b00000000000000000000000000011011 
	Parameter C_REG_CONFIG bound to: 0 - type: integer 
	Parameter C_NUM_SLR_CROSSINGS bound to: 0 - type: integer 
	Parameter C_PIPELINES_MASTER bound to: 0 - type: integer 
	Parameter C_PIPELINES_SLAVE bound to: 0 - type: integer 
	Parameter C_PIPELINES_MIDDLE bound to: 0 - type: integer 
	Parameter G_INDX_SS_TREADY bound to: 0 - type: integer 
	Parameter G_INDX_SS_TDATA bound to: 1 - type: integer 
	Parameter G_INDX_SS_TSTRB bound to: 2 - type: integer 
	Parameter G_INDX_SS_TKEEP bound to: 3 - type: integer 
	Parameter G_INDX_SS_TLAST bound to: 4 - type: integer 
	Parameter G_INDX_SS_TID bound to: 5 - type: integer 
	Parameter G_INDX_SS_TDEST bound to: 6 - type: integer 
	Parameter G_INDX_SS_TUSER bound to: 7 - type: integer 
	Parameter G_MASK_SS_TREADY bound to: 1 - type: integer 
	Parameter G_MASK_SS_TDATA bound to: 2 - type: integer 
	Parameter G_MASK_SS_TSTRB bound to: 4 - type: integer 
	Parameter G_MASK_SS_TKEEP bound to: 8 - type: integer 
	Parameter G_MASK_SS_TLAST bound to: 16 - type: integer 
	Parameter G_MASK_SS_TID bound to: 32 - type: integer 
	Parameter G_MASK_SS_TDEST bound to: 64 - type: integer 
	Parameter G_MASK_SS_TUSER bound to: 128 - type: integer 
	Parameter G_TASK_SEVERITY_ERR bound to: 2 - type: integer 
	Parameter G_TASK_SEVERITY_WARNING bound to: 1 - type: integer 
	Parameter G_TASK_SEVERITY_INFO bound to: 0 - type: integer 
	Parameter P_TPAYLOAD_WIDTH bound to: 73 - type: integer 
INFO: [Synth 8-6157] synthesizing module 'axis_infrastructure_v1_1_0_util_axis2vector__parameterized0' [d:/Documents/FPGA_RTL/KX7A100/KX7A200/KX7A100.gen/sources_1/ip/axis_dwidth_converter_1/hdl/axis_infrastructure_v1_1_vl_rfs.v:810]
	Parameter C_TDATA_WIDTH bound to: 64 - type: integer 
	Parameter C_TID_WIDTH bound to: 1 - type: integer 
	Parameter C_TDEST_WIDTH bound to: 1 - type: integer 
	Parameter C_TUSER_WIDTH bound to: 8 - type: integer 
	Parameter C_TPAYLOAD_WIDTH bound to: 73 - type: integer 
	Parameter C_SIGNAL_SET bound to: 32'b00000000000000000000000000011011 
	Parameter G_INDX_SS_TREADY bound to: 0 - type: integer 
	Parameter G_INDX_SS_TDATA bound to: 1 - type: integer 
	Parameter G_INDX_SS_TSTRB bound to: 2 - type: integer 
	Parameter G_INDX_SS_TKEEP bound to: 3 - type: integer 
	Parameter G_INDX_SS_TLAST bound to: 4 - type: integer 
	Parameter G_INDX_SS_TID bound to: 5 - type: integer 
	Parameter G_INDX_SS_TDEST bound to: 6 - type: integer 
	Parameter G_INDX_SS_TUSER bound to: 7 - type: integer 
	Parameter G_MASK_SS_TREADY bound to: 1 - type: integer 
	Parameter G_MASK_SS_TDATA bound to: 2 - type: integer 
	Parameter G_MASK_SS_TSTRB bound to: 4 - type: integer 
	Parameter G_MASK_SS_TKEEP bound to: 8 - type: integer 
	Parameter G_MASK_SS_TLAST bound to: 16 - type: integer 
	Parameter G_MASK_SS_TID bound to: 32 - type: integer 
	Parameter G_MASK_SS_TDEST bound to: 64 - type: integer 
	Parameter G_MASK_SS_TUSER bound to: 128 - type: integer 
	Parameter G_TASK_SEVERITY_ERR bound to: 2 - type: integer 
	Parameter G_TASK_SEVERITY_WARNING bound to: 1 - type: integer 
	Parameter G_TASK_SEVERITY_INFO bound to: 0 - type: integer 
	Parameter P_TDATA_INDX bound to: 0 - type: integer 
	Parameter P_TSTRB_INDX bound to: 64 - type: integer 
	Parameter P_TKEEP_INDX bound to: 64 - type: integer 
	Parameter P_TLAST_INDX bound to: 72 - type: integer 
	Parameter P_TID_INDX bound to: 73 - type: integer 
	Parameter P_TDEST_INDX bound to: 73 - type: integer 
	Parameter P_TUSER_INDX bound to: 73 - type: integer 
INFO: [Synth 8-6155] done synthesizing module 'axis_infrastructure_v1_1_0_util_axis2vector__parameterized0' (5#1) [d:/Documents/FPGA_RTL/KX7A100/KX7A200/KX7A100.gen/sources_1/ip/axis_dwidth_converter_1/hdl/axis_infrastructure_v1_1_vl_rfs.v:810]
INFO: [Synth 8-6157] synthesizing module 'axis_register_slice_v1_1_22_axisc_register_slice__parameterized0' [d:/Documents/FPGA_RTL/KX7A100/KX7A200/KX7A100.gen/sources_1/ip/axis_dwidth_converter_1/hdl/axis_register_slice_v1_1_vl_rfs.v:1936]
	Parameter C_FAMILY bound to: artix7 - type: string 
	Parameter C_DATA_WIDTH bound to: 73 - type: integer 
	Parameter C_REG_CONFIG bound to: 0 - type: integer 
	Parameter C_NUM_SLR_CROSSINGS bound to: 0 - type: integer 
	Parameter C_PIPELINES_MASTER bound to: 0 - type: integer 
	Parameter C_PIPELINES_SLAVE bound to: 0 - type: integer 
	Parameter C_PIPELINES_MIDDLE bound to: 0 - type: integer 
INFO: [Synth 8-6155] done synthesizing module 'axis_register_slice_v1_1_22_axisc_register_slice__parameterized0' (5#1) [d:/Documents/FPGA_RTL/KX7A100/KX7A200/KX7A100.gen/sources_1/ip/axis_dwidth_converter_1/hdl/axis_register_slice_v1_1_vl_rfs.v:1936]
INFO: [Synth 8-6157] synthesizing module 'axis_infrastructure_v1_1_0_util_vector2axis__parameterized0' [d:/Documents/FPGA_RTL/KX7A100/KX7A200/KX7A100.gen/sources_1/ip/axis_dwidth_converter_1/hdl/axis_infrastructure_v1_1_vl_rfs.v:992]
	Parameter C_TDATA_WIDTH bound to: 64 - type: integer 
	Parameter C_TID_WIDTH bound to: 1 - type: integer 
	Parameter C_TDEST_WIDTH bound to: 1 - type: integer 
	Parameter C_TUSER_WIDTH bound to: 8 - type: integer 
	Parameter C_TPAYLOAD_WIDTH bound to: 73 - type: integer 
	Parameter C_SIGNAL_SET bound to: 32'b00000000000000000000000000011011 
	Parameter G_INDX_SS_TREADY bound to: 0 - type: integer 
	Parameter G_INDX_SS_TDATA bound to: 1 - type: integer 
	Parameter G_INDX_SS_TSTRB bound to: 2 - type: integer 
	Parameter G_INDX_SS_TKEEP bound to: 3 - type: integer 
	Parameter G_INDX_SS_TLAST bound to: 4 - type: integer 
	Parameter G_INDX_SS_TID bound to: 5 - type: integer 
	Parameter G_INDX_SS_TDEST bound to: 6 - type: integer 
	Parameter G_INDX_SS_TUSER bound to: 7 - type: integer 
	Parameter G_MASK_SS_TREADY bound to: 1 - type: integer 
	Parameter G_MASK_SS_TDATA bound to: 2 - type: integer 
	Parameter G_MASK_SS_TSTRB bound to: 4 - type: integer 
	Parameter G_MASK_SS_TKEEP bound to: 8 - type: integer 
	Parameter G_MASK_SS_TLAST bound to: 16 - type: integer 
	Parameter G_MASK_SS_TID bound to: 32 - type: integer 
	Parameter G_MASK_SS_TDEST bound to: 64 - type: integer 
	Parameter G_MASK_SS_TUSER bound to: 128 - type: integer 
	Parameter G_TASK_SEVERITY_ERR bound to: 2 - type: integer 
	Parameter G_TASK_SEVERITY_WARNING bound to: 1 - type: integer 
	Parameter G_TASK_SEVERITY_INFO bound to: 0 - type: integer 
	Parameter P_TDATA_INDX bound to: 0 - type: integer 
	Parameter P_TSTRB_INDX bound to: 64 - type: integer 
	Parameter P_TKEEP_INDX bound to: 64 - type: integer 
	Parameter P_TLAST_INDX bound to: 72 - type: integer 
	Parameter P_TID_INDX bound to: 73 - type: integer 
	Parameter P_TDEST_INDX bound to: 73 - type: integer 
	Parameter P_TUSER_INDX bound to: 73 - type: integer 
INFO: [Synth 8-6155] done synthesizing module 'axis_infrastructure_v1_1_0_util_vector2axis__parameterized0' (5#1) [d:/Documents/FPGA_RTL/KX7A100/KX7A200/KX7A100.gen/sources_1/ip/axis_dwidth_converter_1/hdl/axis_infrastructure_v1_1_vl_rfs.v:992]
INFO: [Synth 8-6155] done synthesizing module 'axis_register_slice_v1_1_22_axis_register_slice__parameterized0' (5#1) [d:/Documents/FPGA_RTL/KX7A100/KX7A200/KX7A100.gen/sources_1/ip/axis_dwidth_converter_1/hdl/axis_register_slice_v1_1_vl_rfs.v:2838]
INFO: [Synth 8-6155] done synthesizing module 'axis_dwidth_converter_v1_1_21_axis_dwidth_converter' (6#1) [d:/Documents/FPGA_RTL/KX7A100/KX7A200/KX7A100.gen/sources_1/ip/axis_dwidth_converter_1/hdl/axis_dwidth_converter_v1_1_vl_rfs.v:810]
INFO: [Synth 8-6155] done synthesizing module 'axis_dwidth_converter_1' (7#1) [d:/Documents/FPGA_RTL/KX7A100/KX7A200/KX7A100.gen/sources_1/ip/axis_dwidth_converter_1/synth/axis_dwidth_converter_1.v:57]
---------------------------------------------------------------------------------
Finished RTL Elaboration : Time (s): cpu = 00:00:07 ; elapsed = 00:00:09 . Memory (MB): peak = 1264.457 ; gain = 137.766
---------------------------------------------------------------------------------
---------------------------------------------------------------------------------
Start Handling Custom Attributes
---------------------------------------------------------------------------------
---------------------------------------------------------------------------------
Finished Handling Custom Attributes : Time (s): cpu = 00:00:08 ; elapsed = 00:00:10 . Memory (MB): peak = 1282.375 ; gain = 155.684
---------------------------------------------------------------------------------
---------------------------------------------------------------------------------
Finished RTL Optimization Phase 1 : Time (s): cpu = 00:00:08 ; elapsed = 00:00:10 . Memory (MB): peak = 1282.375 ; gain = 155.684
---------------------------------------------------------------------------------
Netlist sorting complete. Time (s): cpu = 00:00:00 ; elapsed = 00:00:00.018 . Memory (MB): peak = 1282.375 ; gain = 0.000
INFO: [Project 1-570] Preparing netlist for logic optimization

Processing XDC Constraints
Initializing timing engine
Parsing XDC File [d:/Documents/FPGA_RTL/KX7A100/KX7A200/KX7A100.gen/sources_1/ip/axis_dwidth_converter_1/axis_dwidth_converter_1_ooc.xdc] for cell 'inst'
Finished Parsing XDC File [d:/Documents/FPGA_RTL/KX7A100/KX7A200/KX7A100.gen/sources_1/ip/axis_dwidth_converter_1/axis_dwidth_converter_1_ooc.xdc] for cell 'inst'
Parsing XDC File [D:/Documents/FPGA_RTL/KX7A100/KX7A200/KX7A100.runs/axis_dwidth_converter_1_synth_1/dont_touch.xdc]
Finished Parsing XDC File [D:/Documents/FPGA_RTL/KX7A100/KX7A200/KX7A100.runs/axis_dwidth_converter_1_synth_1/dont_touch.xdc]
Completed Processing XDC Constraints

Netlist sorting complete. Time (s): cpu = 00:00:00 ; elapsed = 00:00:00 . Memory (MB): peak = 1376.230 ; gain = 0.000
INFO: [Project 1-111] Unisim Transformation Summary:
No Unisim elements were transformed.

Constraint Validation Runtime : Time (s): cpu = 00:00:00 ; elapsed = 00:00:00.041 . Memory (MB): peak = 1386.051 ; gain = 9.820
---------------------------------------------------------------------------------
Finished Constraint Validation : Time (s): cpu = 00:00:16 ; elapsed = 00:00:23 . Memory (MB): peak = 1386.051 ; gain = 259.359
---------------------------------------------------------------------------------
---------------------------------------------------------------------------------
Start Loading Part and Timing Information
---------------------------------------------------------------------------------
Loading part: xc7a200tfbg484-2
---------------------------------------------------------------------------------
Finished Loading Part and Timing Information : Time (s): cpu = 00:00:16 ; elapsed = 00:00:23 . Memory (MB): peak = 1386.051 ; gain = 259.359
---------------------------------------------------------------------------------
---------------------------------------------------------------------------------
Start Applying 'set_property' XDC Constraints
---------------------------------------------------------------------------------
Applied set_property KEEP_HIERARCHY = SOFT for inst. (constraint file  D:/Documents/FPGA_RTL/KX7A100/KX7A200/KX7A100.runs/axis_dwidth_converter_1_synth_1/dont_touch.xdc, line 9).
---------------------------------------------------------------------------------
Finished applying 'set_property' XDC Constraints : Time (s): cpu = 00:00:16 ; elapsed = 00:00:23 . Memory (MB): peak = 1386.051 ; gain = 259.359
---------------------------------------------------------------------------------
INFO: [Synth 8-4490] FSM extraction disabled for register 'state_reg' through user attribute
---------------------------------------------------------------------------------
Finished RTL Optimization Phase 2 : Time (s): cpu = 00:00:17 ; elapsed = 00:00:23 . Memory (MB): peak = 1386.051 ; gain = 259.359
---------------------------------------------------------------------------------
---------------------------------------------------------------------------------
Start RTL Component Statistics 
---------------------------------------------------------------------------------
Detailed RTL Component Info : 
+---Registers : 
	                8 Bit    Registers := 10    
	                3 Bit    Registers := 1     
	                1 Bit    Registers := 36    
+---Muxes : 
	   2 Input    8 Bit        Muxes := 3     
	   2 Input    7 Bit        Muxes := 2     
	   3 Input    3 Bit        Muxes := 2     
	   2 Input    3 Bit        Muxes := 3     
	   2 Input    2 Bit        Muxes := 2     
	   3 Input    1 Bit        Muxes := 1     
---------------------------------------------------------------------------------
Finished RTL Component Statistics 
---------------------------------------------------------------------------------
---------------------------------------------------------------------------------
Start Part Resource Summary
---------------------------------------------------------------------------------
Part Resources:
DSPs: 740 (col length:100)
BRAMs: 730 (col length: RAMB18 100 RAMB36 50)
---------------------------------------------------------------------------------
Finished Part Resource Summary
---------------------------------------------------------------------------------
---------------------------------------------------------------------------------
Start Cross Boundary and Area Optimization
---------------------------------------------------------------------------------
---------------------------------------------------------------------------------
Finished Cross Boundary and Area Optimization : Time (s): cpu = 00:00:19 ; elapsed = 00:00:26 . Memory (MB): peak = 1386.051 ; gain = 259.359
---------------------------------------------------------------------------------
---------------------------------------------------------------------------------
Start Applying XDC Timing Constraints
---------------------------------------------------------------------------------
---------------------------------------------------------------------------------
Finished Applying XDC Timing Constraints : Time (s): cpu = 00:00:27 ; elapsed = 00:00:36 . Memory (MB): peak = 1386.051 ; gain = 259.359
---------------------------------------------------------------------------------
---------------------------------------------------------------------------------
Start Timing Optimization
---------------------------------------------------------------------------------
---------------------------------------------------------------------------------
Finished Timing Optimization : Time (s): cpu = 00:00:27 ; elapsed = 00:00:36 . Memory (MB): peak = 1386.051 ; gain = 259.359
---------------------------------------------------------------------------------
---------------------------------------------------------------------------------
Start Technology Mapping
---------------------------------------------------------------------------------
---------------------------------------------------------------------------------
Finished Technology Mapping : Time (s): cpu = 00:00:27 ; elapsed = 00:00:36 . Memory (MB): peak = 1386.051 ; gain = 259.359
---------------------------------------------------------------------------------
---------------------------------------------------------------------------------
Start IO Insertion
---------------------------------------------------------------------------------
---------------------------------------------------------------------------------
Start Flattening Before IO Insertion
---------------------------------------------------------------------------------
---------------------------------------------------------------------------------
Finished Flattening Before IO Insertion
---------------------------------------------------------------------------------
---------------------------------------------------------------------------------
Start Final Netlist Cleanup
---------------------------------------------------------------------------------
---------------------------------------------------------------------------------
Finished Final Netlist Cleanup
---------------------------------------------------------------------------------
---------------------------------------------------------------------------------
Finished IO Insertion : Time (s): cpu = 00:00:30 ; elapsed = 00:00:40 . Memory (MB): peak = 1386.051 ; gain = 259.359
---------------------------------------------------------------------------------
---------------------------------------------------------------------------------
Start Renaming Generated Instances
---------------------------------------------------------------------------------
---------------------------------------------------------------------------------
Finished Renaming Generated Instances : Time (s): cpu = 00:00:30 ; elapsed = 00:00:40 . Memory (MB): peak = 1386.051 ; gain = 259.359
---------------------------------------------------------------------------------
---------------------------------------------------------------------------------
Start Rebuilding User Hierarchy
---------------------------------------------------------------------------------
---------------------------------------------------------------------------------
Finished Rebuilding User Hierarchy : Time (s): cpu = 00:00:30 ; elapsed = 00:00:40 . Memory (MB): peak = 1386.051 ; gain = 259.359
---------------------------------------------------------------------------------
---------------------------------------------------------------------------------
Start Renaming Generated Ports
---------------------------------------------------------------------------------
---------------------------------------------------------------------------------
Finished Renaming Generated Ports : Time (s): cpu = 00:00:30 ; elapsed = 00:00:40 . Memory (MB): peak = 1386.051 ; gain = 259.359
---------------------------------------------------------------------------------
---------------------------------------------------------------------------------
Start Handling Custom Attributes
---------------------------------------------------------------------------------
---------------------------------------------------------------------------------
Finished Handling Custom Attributes : Time (s): cpu = 00:00:30 ; elapsed = 00:00:40 . Memory (MB): peak = 1386.051 ; gain = 259.359
---------------------------------------------------------------------------------
---------------------------------------------------------------------------------
Start Renaming Generated Nets
---------------------------------------------------------------------------------
---------------------------------------------------------------------------------
Finished Renaming Generated Nets : Time (s): cpu = 00:00:30 ; elapsed = 00:00:40 . Memory (MB): peak = 1386.051 ; gain = 259.359
---------------------------------------------------------------------------------
---------------------------------------------------------------------------------
Start Writing Synthesis Report
---------------------------------------------------------------------------------

Report BlackBoxes: 
+-+--------------+----------+
| |BlackBox name |Instances |
+-+--------------+----------+
+-+--------------+----------+

Report Cell Usage: 
+------+-----+------+
|      |Cell |Count |
+------+-----+------+
|1     |LUT1 |     1|
|2     |LUT2 |     2|
|3     |LUT3 |     2|
|4     |LUT4 |    10|
|5     |LUT5 |     2|
|6     |LUT6 |    12|
|7     |FDRE |    95|
+------+-----+------+
---------------------------------------------------------------------------------
Finished Writing Synthesis Report : Time (s): cpu = 00:00:30 ; elapsed = 00:00:40 . Memory (MB): peak = 1386.051 ; gain = 259.359
---------------------------------------------------------------------------------
Synthesis finished with 0 errors, 0 critical warnings and 0 warnings.
Synthesis Optimization Runtime : Time (s): cpu = 00:00:20 ; elapsed = 00:00:35 . Memory (MB): peak = 1386.051 ; gain = 155.684
Synthesis Optimization Complete : Time (s): cpu = 00:00:31 ; elapsed = 00:00:41 . Memory (MB): peak = 1386.051 ; gain = 259.359
INFO: [Project 1-571] Translating synthesized netlist
Netlist sorting complete. Time (s): cpu = 00:00:00 ; elapsed = 00:00:00.003 . Memory (MB): peak = 1390.535 ; gain = 0.000
INFO: [Project 1-570] Preparing netlist for logic optimization
INFO: [Opt 31-138] Pushed 0 inverter(s) to 0 load pin(s).
Netlist sorting complete. Time (s): cpu = 00:00:00 ; elapsed = 00:00:00 . Memory (MB): peak = 1403.156 ; gain = 0.000
INFO: [Project 1-111] Unisim Transformation Summary:
No Unisim elements were transformed.

INFO: [Common 17-83] Releasing license: Synthesis
35 Infos, 0 Warnings, 0 Critical Warnings and 0 Errors encountered.
synth_design completed successfully
synth_design: Time (s): cpu = 00:00:37 ; elapsed = 00:00:58 . Memory (MB): peak = 1403.156 ; gain = 276.465
INFO: [Common 17-600] The following parameters have non-default value.
general.maxThreads
INFO: [Common 17-1381] The checkpoint 'D:/Documents/FPGA_RTL/KX7A100/KX7A200/KX7A100.runs/axis_dwidth_converter_1_synth_1/axis_dwidth_converter_1.dcp' has been generated.
WARNING: [Common 17-576] 'use_project_ipc' is deprecated. This option is deprecated and no longer used.
INFO: [Coretcl 2-1648] Added synthesis output to IP cache for IP axis_dwidth_converter_1, cache-ID = aa848f059e73f9f3
INFO: [Coretcl 2-1174] Renamed 2 cell refs.
INFO: [Common 17-1381] The checkpoint 'D:/Documents/FPGA_RTL/KX7A100/KX7A200/KX7A100.runs/axis_dwidth_converter_1_synth_1/axis_dwidth_converter_1.dcp' has been generated.
INFO: [runtcl-4] Executing : report_utilization -file axis_dwidth_converter_1_utilization_synth.rpt -pb axis_dwidth_converter_1_utilization_synth.pb
INFO: [Common 17-206] Exiting Vivado at Mon May 18 09:51:26 2026...
