# do {uart_fft_ifft_bridge_tb_compile.do}
# Model Technology ModelSim SE-64 vmap 2020.4 Lib Mapping Utility 2020.10 Oct 13 2020
# vmap xil_defaultlib modelsim_lib/msim/xil_defaultlib 
# Modifying modelsim.ini
# Model Technology ModelSim SE-64 vcom 2020.4 Compiler 2020.10 Oct 13 2020
# Start time: 13:55:51 on Sep 20,2026
# vcom -93 -work xil_defaultlib ../../../../KX7A100.gen/sources_1/ip/xfft_0/sim/xfft_0.vhd 
# -- Loading package STANDARD
# -- Loading package TEXTIO
# -- Loading package std_logic_1164
# -- Loading package NUMERIC_STD
# -- Compiling entity xfft_0
# -- Compiling architecture xfft_0_arch of xfft_0
# End time: 13:55:52 on Sep 20,2026, Elapsed time: 0:00:01
# Errors: 0, Warnings: 0
# Model Technology ModelSim SE-64 vlog 2020.4 Compiler 2020.10 Oct 13 2020
# Start time: 13:55:52 on Sep 20,2026
# vlog -incr -work xil_defaultlib ../../../../KX7A100.srcs/sources_1/new/uart_rtl/uart_fft_ifft_bridge_module.v ../../../../KX7A100.srcs/sim_1/new/uart_fft_ifft_bridge_tb.v 
# -- Compiling module uart_fft_ifft_bridge_module
# -- Compiling module uart_fft_ifft_bridge_tb
# 
# Top level modules:
# 	uart_fft_ifft_bridge_tb
# End time: 13:55:52 on Sep 20,2026, Elapsed time: 0:00:00
# Errors: 0, Warnings: 0
# Model Technology ModelSim SE-64 vlog 2020.4 Compiler 2020.10 Oct 13 2020
# Start time: 13:55:52 on Sep 20,2026
# vlog -work xil_defaultlib glbl.v 
# -- Compiling module glbl
# 
# Top level modules:
# 	glbl
# End time: 13:55:52 on Sep 20,2026, Elapsed time: 0:00:00
# Errors: 0, Warnings: 0
